C:\Users\86135\Documents\MCUXpressoIDE_11.9.0_2144\workspace\MIMXRT1021_I2C_Test\drivers/fsl_gpio.h:176:24:GPIO_PinRead	16	static
../source/sht30.c:34:25:SHT30_Send_Cmd	24	static
../source/sht30.c:61:6:SHT30_reset	8	static
../source/sht30.c:72:9:SHT30_Init	8	static
../source/sht30.c:81:9:SHT30_Read_Dat	24	static
../source/sht30.c:99:9:CheckCrc8	24	static
../source/sht30.c:134:9:SHT30_Dat_To_Float	32	static
../source/sht30.c:154:6:scl	16	static
../source/sht30.c:164:6:sda	16	static
../source/sht30.c:174:9:sda_read	8	static
../source/sht30.c:188:6:myi2c_start	8	static
../source/sht30.c:201:6:myi2c_stop	8	static
../source/sht30.c:214:6:myi2c_write	24	static
../source/sht30.c:247:9:myi2c_read	32	static
