Archive member included to satisfy reference by file (symbol)

c:/nxp/mcuxpressoide_11.9.0_2144/ide/plugins/com.nxp.mcuxpresso.tools.win32_11.9.0.202307121226/tools/bin/../lib/gcc/arm-none-eabi/12.3.1/../../../../arm-none-eabi/lib/thumb/v7e-m+fp/softfp\libcr_nohost_nf.a(_cr__main.o)
                              ./startup/startup_mimxrt1021.o (__main)
c:/nxp/mcuxpressoide_11.9.0_2144/ide/plugins/com.nxp.mcuxpresso.tools.win32_11.9.0.202307121226/tools/bin/../lib/gcc/arm-none-eabi/12.3.1/../../../../arm-none-eabi/lib/thumb/v7e-m+fp/softfp\libcr_c.a(memcpy.o)
                              ./utilities/fsl_str.o (memcpy)
c:/nxp/mcuxpressoide_11.9.0_2144/ide/plugins/com.nxp.mcuxpresso.tools.win32_11.9.0.202307121226/tools/bin/../lib/gcc/arm-none-eabi/12.3.1/../../../../arm-none-eabi/lib/thumb/v7e-m+fp/softfp\libcr_c.a(memset.o)
                              ./utilities/fsl_debug_console.o (memset)
c:/nxp/mcuxpressoide_11.9.0_2144/ide/plugins/com.nxp.mcuxpresso.tools.win32_11.9.0.202307121226/tools/bin/../lib/gcc/arm-none-eabi/12.3.1/../../../../arm-none-eabi/lib/thumb/v7e-m+fp/softfp\libcr_c.a(alloc.o)
                              ./source/st7735s.o (malloc)
c:/nxp/mcuxpressoide_11.9.0_2144/ide/plugins/com.nxp.mcuxpresso.tools.win32_11.9.0.202307121226/tools/bin/../lib/gcc/arm-none-eabi/12.3.1/../../../../arm-none-eabi/lib/thumb/v7e-m+fp/softfp\libcr_c.a(errno.o)
                              ./utilities/fsl_str.o (errno)
c:/nxp/mcuxpressoide_11.9.0_2144/ide/plugins/com.nxp.mcuxpresso.tools.win32_11.9.0.202307121226/tools/bin/../lib/gcc/arm-none-eabi/12.3.1/../../../../arm-none-eabi/lib/thumb/v7e-m+fp/softfp\libcr_c.a(initio.o)
                              c:/nxp/mcuxpressoide_11.9.0_2144/ide/plugins/com.nxp.mcuxpresso.tools.win32_11.9.0.202307121226/tools/bin/../lib/gcc/arm-none-eabi/12.3.1/../../../../arm-none-eabi/lib/thumb/v7e-m+fp/softfp\libcr_nohost_nf.a(_cr__main.o) (_initio)
c:/nxp/mcuxpressoide_11.9.0_2144/ide/plugins/com.nxp.mcuxpresso.tools.win32_11.9.0.202307121226/tools/bin/../lib/gcc/arm-none-eabi/12.3.1/../../../../arm-none-eabi/lib/thumb/v7e-m+fp/softfp\libcr_c.a(printf.o)
                              ./source/MIMXRT1021_I2C_Test.o (_sprintf)
c:/nxp/mcuxpressoide_11.9.0_2144/ide/plugins/com.nxp.mcuxpresso.tools.win32_11.9.0.202307121226/tools/bin/../lib/gcc/arm-none-eabi/12.3.1/../../../../arm-none-eabi/lib/thumb/v7e-m+fp/softfp\libcr_c.a(scanf.o)
                              ./utilities/fsl_str.o (strtoul)
c:/nxp/mcuxpressoide_11.9.0_2144/ide/plugins/com.nxp.mcuxpresso.tools.win32_11.9.0.202307121226/tools/bin/../lib/gcc/arm-none-eabi/12.3.1/../../../../arm-none-eabi/lib/thumb/v7e-m+fp/softfp\libcr_c.a(setvbuf.o)
                              c:/nxp/mcuxpressoide_11.9.0_2144/ide/plugins/com.nxp.mcuxpresso.tools.win32_11.9.0.202307121226/tools/bin/../lib/gcc/arm-none-eabi/12.3.1/../../../../arm-none-eabi/lib/thumb/v7e-m+fp/softfp\libcr_c.a(initio.o) (setvbuf)
c:/nxp/mcuxpressoide_11.9.0_2144/ide/plugins/com.nxp.mcuxpresso.tools.win32_11.9.0.202307121226/tools/bin/../lib/gcc/arm-none-eabi/12.3.1/../../../../arm-none-eabi/lib/thumb/v7e-m+fp/softfp\libcr_c.a(stdlib.o)
                              ./source/MIMXRT1021_I2C_Test.o (exit)
c:/nxp/mcuxpressoide_11.9.0_2144/ide/plugins/com.nxp.mcuxpresso.tools.win32_11.9.0.202307121226/tools/bin/../lib/gcc/arm-none-eabi/12.3.1/../../../../arm-none-eabi/lib/thumb/v7e-m+fp/softfp\libcr_c.a(strlen.o)
                              ./utilities/fsl_str.o (strlen)
c:/nxp/mcuxpressoide_11.9.0_2144/ide/plugins/com.nxp.mcuxpresso.tools.win32_11.9.0.202307121226/tools/bin/../lib/gcc/arm-none-eabi/12.3.1/../../../../arm-none-eabi/lib/thumb/v7e-m+fp/softfp\libcr_c.a(ungetc.o)
                              c:/nxp/mcuxpressoide_11.9.0_2144/ide/plugins/com.nxp.mcuxpresso.tools.win32_11.9.0.202307121226/tools/bin/../lib/gcc/arm-none-eabi/12.3.1/../../../../arm-none-eabi/lib/thumb/v7e-m+fp/softfp\libcr_c.a(scanf.o) (ungetc)
c:/nxp/mcuxpressoide_11.9.0_2144/ide/plugins/com.nxp.mcuxpresso.tools.win32_11.9.0.202307121226/tools/bin/../lib/gcc/arm-none-eabi/12.3.1/../../../../arm-none-eabi/lib/thumb/v7e-m+fp/softfp\libcr_c.a(__fillbuf.o)
                              c:/nxp/mcuxpressoide_11.9.0_2144/ide/plugins/com.nxp.mcuxpresso.tools.win32_11.9.0.202307121226/tools/bin/../lib/gcc/arm-none-eabi/12.3.1/../../../../arm-none-eabi/lib/thumb/v7e-m+fp/softfp\libcr_c.a(scanf.o) (__filbuf)
c:/nxp/mcuxpressoide_11.9.0_2144/ide/plugins/com.nxp.mcuxpresso.tools.win32_11.9.0.202307121226/tools/bin/../lib/gcc/arm-none-eabi/12.3.1/../../../../arm-none-eabi/lib/thumb/v7e-m+fp/softfp\libcr_c.a(__init_alloc.o)
                              c:/nxp/mcuxpressoide_11.9.0_2144/ide/plugins/com.nxp.mcuxpresso.tools.win32_11.9.0.202307121226/tools/bin/../lib/gcc/arm-none-eabi/12.3.1/../../../../arm-none-eabi/lib/thumb/v7e-m+fp/softfp\libcr_c.a(alloc.o) (__heaps)
[...]
Memory Configuration

Name             Origin             Length             Attributes
BOARD_FLASH      0x60000000         0x00800000         xr
SRAM_DTC         0x20000000         0x00010000         xrw
SRAM_ITC         0x00000000         0x00010000         xrw
SRAM_OC          0x20200000         0x00020000         xrw
BOARD_SDRAM      0x80000000         0x01e00000         xrw
NCACHE_REGION    0x81e00000         0x00200000         xrw
*default*        0x00000000         0xffffffff

Linker script and memory map

LOAD ./xip/evkmimxrt1020_flexspi_nor_config.o
LOAD ./xip/fsl_flexspi_nor_boot.o
LOAD ./utilities/fsl_assert.o
LOAD ./utilities/fsl_debug_console.o
LOAD ./utilities/fsl_str.o
LOAD ./startup/startup_mimxrt1021.o
LOAD ./source/MIMXRT1021_I2C_Test.o
LOAD ./source/lcd.o
LOAD ./source/resistence.o
LOAD ./source/semihost_hardfault.o
LOAD ./source/sht30.o
LOAD ./source/st7735s.o
LOAD ./source/ui.o
LOAD ./drivers/fsl_clock.o
LOAD ./drivers/fsl_common.o
LOAD ./drivers/fsl_common_arm.o
LOAD ./drivers/fsl_flexspi.o
LOAD ./drivers/fsl_gpio.o
LOAD ./drivers/fsl_lpi2c.o
LOAD ./drivers/fsl_lpspi.o
LOAD ./drivers/fsl_lpspi_cmsis.o
LOAD ./drivers/fsl_lpuart.o
LOAD ./drivers/fsl_semc.o
LOAD ./device/system_MIMXRT1021.o
LOAD ./component/uart/fsl_adapter_lpuart.o
LOAD ./component/serial_manager/fsl_component_serial_manager.o
LOAD ./component/serial_manager/fsl_component_serial_port_uart.o
LOAD ./component/lists/fsl_component_generic_list.o
LOAD ./board/board.o
LOAD ./board/clock_config.o
LOAD ./board/dcd.o
LOAD ./board/peripherals.o
LOAD ./board/pin_mux.o
START GROUP
LOAD c:/nxp/mcuxpressoide_11.9.0_2144/ide/plugins/com.nxp.mcuxpresso.tools.win32_11.9.0.202307121226/tools/bin/../lib/gcc/arm-none-eabi/12.3.1/../../../../arm-none-eabi/lib/thumb/v7e-m+fp/softfp\libcr_nohost_nf.a
LOAD c:/nxp/mcuxpressoide_11.9.0_2144/ide/plugins/com.nxp.mcuxpresso.tools.win32_11.9.0.202307121226/tools/bin/../lib/gcc/arm-none-eabi/12.3.1/../../../../arm-none-eabi/lib/thumb/v7e-m+fp/softfp\libcr_c.a
LOAD c:/nxp/mcuxpressoide_11.9.0_2144/ide/plugins/com.nxp.mcuxpresso.tools.win32_11.9.0.202307121226/tools/bin/../lib/gcc/arm-none-eabi/12.3.1/thumb/v7e-m+fp/softfp\libcr_eabihelpers.a
LOAD c:/nxp/mcuxpressoide_11.9.0_2144/ide/plugins/com.nxp.mcuxpresso.tools.win32_11.9.0.202307121226/tools/bin/../lib/gcc/arm-none-eabi/12.3.1/thumb/v7e-m+fp/softfp\libgcc.a
END GROUP
                0x60000000                        __base_BOARD_FLASH = 0x60000000
                0x60000000                        __base_Flash = 0x60000000
                0x60800000                        __top_BOARD_FLASH = 0x60800000
                0x60800000                        __top_Flash = 0x60800000
                0x20000000                        __base_SRAM_DTC = 0x20000000
                0x20000000                        __base_RAM = 0x20000000
                0x20010000                        __top_SRAM_DTC = 0x20010000
                0x20010000                        __top_RAM = 0x20010000
                0x00000000                        __base_SRAM_ITC = 0x0
                0x00000000                        __base_RAM2 = 0x0
                0x00010000                        __top_SRAM_ITC = 0x10000
                0x00010000                        __top_RAM2 = 0x10000
                0x20200000                        __base_SRAM_OC = 0x20200000
                0x20200000                        __base_RAM3 = 0x20200000
                0x20220000                        __top_SRAM_OC = 0x20220000
                0x20220000                        __top_RAM3 = 0x20220000
                0x80000000                        __base_BOARD_SDRAM = 0x80000000
                0x80000000                        __base_RAM4 = 0x80000000
                0x81e00000                        __top_BOARD_SDRAM = 0x81e00000
                0x81e00000                        __top_RAM4 = 0x81e00000
                0x81e00000                        __base_NCACHE_REGION = 0x81e00000
                0x81e00000                        __base_RAM5 = 0x81e00000
                0x82000000                        __top_NCACHE_REGION = 0x82000000
                0x82000000                        __top_RAM5 = 0x82000000

.boot_hdr       0x60000000     0x2000
 FILL mask 0xff
                0x60000000                        __boot_hdr_start__ = ABSOLUTE (.)
 *(SORT_BY_ALIGNMENT(.boot_hdr.conf))
 .boot_hdr.conf
                0x60000000      0x200 ./xip/evkmimxrt1020_flexspi_nor_config.o
                0x60000000                qspiflash_config
                0x00001000                        . = 0x1000
 *fill*         0x60000200      0xe00 ff
 *(SORT_BY_ALIGNMENT(.boot_hdr.ivt))
 .boot_hdr.ivt  0x60001000       0x20 ./xip/fsl_flexspi_nor_boot.o
                0x60001000                image_vector_table
                0x00001020                        . = 0x1020
 *(SORT_BY_ALIGNMENT(.boot_hdr.boot_data))
 .boot_hdr.boot_data
                0x60001020       0x10 ./xip/fsl_flexspi_nor_boot.o
                0x60001020                g_boot_data
                0x00001030                        . = 0x1030
 *(SORT_BY_ALIGNMENT(.boot_hdr.dcd_data))
                0x60001030                        __boot_hdr_end__ = ABSOLUTE (.)
                0x00002000                        . = 0x2000
 *fill*         0x60001030      0xfd0 ff

.text           0x60002000     0xac4c
 FILL mask 0xff
                0x60002000                        __vectors_start__ = ABSOLUTE (.)
 *(SORT_BY_ALIGNMENT(.isr_vector))
 .isr_vector    0x60002000      0x278 ./startup/startup_mimxrt1021.o
                0x60002000                g_pfnVectors
                0x60002000                __Vectors
                0x60002278                        . = ALIGN (0x4)
                0x60002278                        __section_table_start = .
                0x60002278                        __data_section_table = .
                0x60002278        0x4 LONG 0x6000cc4c LOADADDR (.data)
                0x6000227c        0x4 LONG 0x20000000 ADDR (.data)
                0x60002280        0x4 LONG 0x4c SIZEOF (.data)
                0x60002284        0x4 LONG 0x6000cc4c LOADADDR (.data_RAM2)
                0x60002288        0x4 LONG 0x0 ADDR (.data_RAM2)
                0x6000228c        0x4 LONG 0x0 SIZEOF (.data_RAM2)
                0x60002290        0x4 LONG 0x6000cc4c LOADADDR (.data_RAM3)
                0x60002294        0x4 LONG 0x20200000 ADDR (.data_RAM3)
                0x60002298        0x4 LONG 0x0 SIZEOF (.data_RAM3)
                0x6000229c        0x4 LONG 0x6000cc4c LOADADDR (.data_RAM4)
                0x600022a0        0x4 LONG 0x80000000 ADDR (.data_RAM4)
                0x600022a4        0x4 LONG 0x0 SIZEOF (.data_RAM4)
                0x600022a8        0x4 LONG 0x6000cc4c LOADADDR (.data_RAM5)
                0x600022ac        0x4 LONG 0x81e00000 ADDR (.data_RAM5)
                0x600022b0        0x4 LONG 0x0 SIZEOF (.data_RAM5)
                0x600022b4                        __data_section_table_end = .
                0x600022b4                        __bss_section_table = .
                0x600022b4        0x4 LONG 0x2000004c ADDR (.bss)
                0x600022b8        0x4 LONG 0x248 SIZEOF (.bss)
                0x600022bc        0x4 LONG 0x0 ADDR (.bss_RAM2)
                0x600022c0        0x4 LONG 0x0 SIZEOF (.bss_RAM2)
                0x600022c4        0x4 LONG 0x20200000 ADDR (.bss_RAM3)
                0x600022c8        0x4 LONG 0x0 SIZEOF (.bss_RAM3)
                0x600022cc        0x4 LONG 0x80000000 ADDR (.bss_RAM4)
                0x600022d0        0x4 LONG 0x0 SIZEOF (.bss_RAM4)
                0x600022d4        0x4 LONG 0x81e00000 ADDR (.bss_RAM5)
                0x600022d8        0x4 LONG 0x0 SIZEOF (.bss_RAM5)
                0x600022dc                        __bss_section_table_end = .
                0x600022dc                        __section_table_end = .
 *(SORT_BY_ALIGNMENT(.after_vectors*))
 .after_vectors.reset
                0x600022dc       0x54 ./startup/startup_mimxrt1021.o
                0x600022dc                ResetISR
 .after_vectors.init_data
                0x60002330       0x1e ./startup/startup_mimxrt1021.o
                0x60002330                data_init
 .after_vectors.init_bss
                0x6000234e       0x12 ./startup/startup_mimxrt1021.o
                0x6000234e                bss_init
 .after_vectors
                0x60002360       0x14 ./startup/startup_mimxrt1021.o
                0x60002360                NMI_Handler
                0x60002364                MemManage_Handler
                0x60002366                BusFault_Handler
                0x60002368                UsageFault_Handler
                0x6000236a                SVC_Handler
                0x6000236c                DebugMon_Handler
                0x6000236e                PendSV_Handler
                0x60002370                SysTick_Handler
                0x60002372                DMA13_DMA29_DriverIRQHandler
                0x60002372                PIT_DriverIRQHandler
                0x60002372                SEMC_DriverIRQHandler
                0x60002372                SPDIF_DriverIRQHandler
                0x60002372                Reserved152_DriverIRQHandler
                0x60002372                FLEXRAM_DriverIRQHandler
                0x60002372                Reserved102_DriverIRQHandler
                0x60002372                SAI3_RX_DriverIRQHandler
                0x60002372                USB_PHY_DriverIRQHandler
                0x60002372                GPIO3_Combined_0_15_DriverIRQHandler
                0x60002372                Reserved82_DriverIRQHandler
                0x60002372                DMA7_DMA23_DriverIRQHandler
                0x60002372                BEE_DriverIRQHandler
                0x60002372                GPR_IRQ_DriverIRQHandler
                0x60002372                Reserved103_DriverIRQHandler
                0x60002372                PWM2_FAULT_DriverIRQHandler
                0x60002372                Reserved56_DriverIRQHandler
                0x60002372                DMA14_DMA30_DriverIRQHandler
                0x60002372                TMR1_DriverIRQHandler
                0x60002372                TRNG_DriverIRQHandler
                0x60002372                ENET_1588_Timer_DriverIRQHandler
                0x60002372                GPIO2_Combined_16_31_DriverIRQHandler
                0x60002372                Reserved143_DriverIRQHandler
                0x60002372                CCM_2_DriverIRQHandler
                0x60002372                Reserved151_DriverIRQHandler
                0x60002372                DMA0_DMA16_DriverIRQHandler
                0x60002372                IntDefaultHandler
                0x60002372                DMA2_DMA18_DriverIRQHandler
                0x60002372                SRC_DriverIRQHandler
                0x60002372                GPIO1_INT4_DriverIRQHandler
                0x60002372                Reserved144_DriverIRQHandler
                0x60002372                USDHC1_DriverIRQHandler
                0x60002372                SNVS_LP_HP_WRAPPER_DriverIRQHandler
                0x60002372                EWM_DriverIRQHandler
                0x60002372                WDOG1_DriverIRQHandler
                0x60002372                KPP_DriverIRQHandler
                0x60002372                ENET_DriverIRQHandler
                0x60002372                Reserved78_DriverIRQHandler
                0x60002372                ENC2_DriverIRQHandler
                0x60002372                ADC_ETC_IRQ2_DriverIRQHandler
                0x60002372                GPIO1_Combined_16_31_DriverIRQHandler
                0x60002372                GPIO1_INT7_DriverIRQHandler
                0x60002372                SAI1_DriverIRQHandler
                0x60002372                DCDC_DriverIRQHandler
                0x60002372                DMA12_DMA28_DriverIRQHandler
                0x60002372                ADC_ETC_ERROR_IRQ_DriverIRQHandler
                0x60002372                ACMP2_DriverIRQHandler
                0x60002372                GPIO5_Combined_0_15_DriverIRQHandler
                0x60002372                GPIO1_INT0_DriverIRQHandler
                0x60002372                GPIO1_INT2_DriverIRQHandler
                0x60002372                RTWDOG_DriverIRQHandler
                0x60002372                GPT2_DriverIRQHandler
                0x60002372                DMA10_DMA26_DriverIRQHandler
                0x60002372                PWM2_1_DriverIRQHandler
                0x60002372                PWM1_1_DriverIRQHandler
                0x60002372                ADC1_DriverIRQHandler
                0x60002372                Reserved148_DriverIRQHandler
                0x60002372                PWM1_0_DriverIRQHandler
                0x60002372                DMA1_DMA17_DriverIRQHandler
                0x60002372                ENC1_DriverIRQHandler
                0x60002372                CAN2_DriverIRQHandler
                0x60002372                DCP_DriverIRQHandler
                0x60002372                CTI0_ERROR_DriverIRQHandler
                0x60002372                DMA8_DMA24_DriverIRQHandler
                0x60002372                GPT1_DriverIRQHandler
                0x60002372                ACMP3_DriverIRQHandler
                0x60002372                DMA6_DMA22_DriverIRQHandler
                0x60002372                CSU_DriverIRQHandler
                0x60002372                GPIO1_INT5_DriverIRQHandler
                0x60002372                TMR2_DriverIRQHandler
                0x60002372                CTI1_ERROR_DriverIRQHandler
                0x60002372                GPIO1_Combined_0_15_DriverIRQHandler
                0x60002372                USDHC2_DriverIRQHandler
                0x60002372                Reserved87_DriverIRQHandler
                0x60002372                SAI2_DriverIRQHandler
                0x60002372                CORE_DriverIRQHandler
                0x60002372                Reserved147_DriverIRQHandler
                0x60002372                FLEXIO1_DriverIRQHandler
                0x60002372                DMA11_DMA27_DriverIRQHandler
                0x60002372                PWM2_3_DriverIRQHandler
                0x60002372                Reserved60_DriverIRQHandler
                0x60002372                XBAR1_IRQ_2_3_DriverIRQHandler
                0x60002372                SNVS_HP_WRAPPER_TZ_DriverIRQHandler
                0x60002372                GPIO3_Combined_16_31_DriverIRQHandler
                0x60002372                PWM1_FAULT_DriverIRQHandler
                0x60002372                PWM2_2_DriverIRQHandler
                0x60002372                Reserved128_DriverIRQHandler
                0x60002372                DMA4_DMA20_DriverIRQHandler
                0x60002372                DMA9_DMA25_DriverIRQHandler
                0x60002372                SNVS_HP_WRAPPER_DriverIRQHandler
                0x60002372                XBAR1_IRQ_0_1_DriverIRQHandler
                0x60002372                ADC_ETC_IRQ1_DriverIRQHandler
                0x60002372                DMA3_DMA19_DriverIRQHandler
                0x60002372                GPIO1_INT3_DriverIRQHandler
                0x60002372                DCP_VMI_DriverIRQHandler
                0x60002372                GPC_DriverIRQHandler
                0x60002372                Reserved123_DriverIRQHandler
                0x60002372                GPIO2_Combined_0_15_DriverIRQHandler
                0x60002372                PWM1_2_DriverIRQHandler
                0x60002372                USB_OTG1_DriverIRQHandler
                0x60002372                TEMP_LOW_HIGH_DriverIRQHandler
                0x60002372                SAI3_TX_DriverIRQHandler
                0x60002372                WDOG2_DriverIRQHandler
                0x60002372                Reserved68_DriverIRQHandler
                0x60002372                PMU_DriverIRQHandler
                0x60002372                Reserved59_DriverIRQHandler
                0x60002372                GPIO5_Combined_16_31_DriverIRQHandler
                0x60002372                DMA5_DMA21_DriverIRQHandler
                0x60002372                CCM_1_DriverIRQHandler
                0x60002372                ADC2_DriverIRQHandler
                0x60002372                Reserved58_DriverIRQHandler
                0x60002372                Reserved115_DriverIRQHandler
                0x60002372                TEMP_PANIC_DriverIRQHandler
                0x60002372                ACMP4_DriverIRQHandler
                0x60002372                DMA15_DMA31_DriverIRQHandler
                0x60002372                Reserved107_DriverIRQHandler
                0x60002372                PWM1_3_DriverIRQHandler
                0x60002372                Reserved70_DriverIRQHandler
                0x60002372                ACMP1_DriverIRQHandler
                0x60002372                Reserved86_DriverIRQHandler
                0x60002372                DMA_ERROR_DriverIRQHandler
                0x60002372                ADC_ETC_IRQ0_DriverIRQHandler
                0x60002372                CAN1_DriverIRQHandler
                0x60002372                GPIO1_INT6_DriverIRQHandler
                0x60002372                GPIO1_INT1_DriverIRQHandler
                0x60002372                PWM2_0_DriverIRQHandler
 *(SORT_BY_ALIGNMENT(.text*))
 *fill*         0x60002374        0x4 ff
 .text.LPSPI_MasterSetDelayTimes
                0x60002378      0x284 ./drivers/fsl_lpspi.o
                0x60002378                LPSPI_MasterSetDelayTimes
 .text.__assertion_failed
                0x600025fc       0x2c ./utilities/fsl_assert.o
                0x600025fc                __assertion_failed
 .text.DbgConsole_SendDataReliable
                0x60002628       0x54 ./utilities/fsl_debug_console.o
                0x60002628                DbgConsole_SendDataReliable
 .text.DbgConsole_Init
                0x6000267c      0x138 ./utilities/fsl_debug_console.o
                0x6000267c                DbgConsole_Init
 .text.DbgConsole_Vprintf
                0x600027b4       0x6c ./utilities/fsl_debug_console.o
                0x600027b4                DbgConsole_Vprintf
 .text.main     0x60002820      0x2c0 ./source/MIMXRT1021_I2C_Test.o
                0x60002820                main
 .text.CLOCK_SetMux
                0x60002ae0       0x9c ./source/lcd.o
 .text.CLOCK_SetDiv
                0x60002b7c       0x9c ./source/lcd.o
 .text.LPSPI_MasterUserCallback
                0x60002c18       0x2c ./source/lcd.o
                0x60002c18                LPSPI_MasterUserCallback
 .text.lcd_start
                0x60002c44       0x18 ./source/lcd.o
                0x60002c44                lcd_start
 .text.lcd_reset
                0x60002c5c       0x2c ./source/lcd.o
                0x60002c5c                lcd_reset
 .text.spi_init
                0x60002c88       0x6c ./source/lcd.o
                0x60002c88                spi_init
 .text.spi_send
                0x60002cf4       0x58 ./source/lcd.o
                0x60002cf4                spi_send
 .text.lcd_WriteData
                0x60002d4c       0x40 ./source/lcd.o
                0x60002d4c                lcd_WriteData
 .text.lcd_WriteCmd
                0x60002d8c       0x40 ./source/lcd.o
                0x60002d8c                lcd_WriteCmd
 .text.lcd_WriteData_u16
                0x60002dcc       0x5c ./source/lcd.o
                0x60002dcc                lcd_WriteData_u16
 .text.Sleep    0x60002e28       0x2c ./source/lcd.o
                0x60002e28                Sleep
 .text.Resistence_Init
                0x60002e54       0x1c ./source/resistence.o
                0x60002e54                Resistence_Init
 .text.Resistence_Set
                0x60002e70       0x18 ./source/resistence.o
                0x60002e70                Resistence_Set
 .text.Resistence_Clear
                0x60002e88       0x18 ./source/resistence.o
                0x60002e88                Resistence_Clear
 .text.SHT30_Send_Cmd
                0x60002ea0       0x68 ./source/sht30.o
 .text.SHT30_Read_Dat
                0x60002f08       0x34 ./source/sht30.o
                0x60002f08                SHT30_Read_Dat
 .text.SHT30_Dat_To_Float
                0x60002f3c       0xd8 ./source/sht30.o
                0x60002f3c                SHT30_Dat_To_Float
 .text.ui_displayText
                0x60003014      0x144 ./source/ui.o
                0x60003014                ui_displayText
 .text.CLOCK_GetOscFreq
                0x60003158       0x30 ./drivers/fsl_clock.o
 .text.CLOCK_GetPeriphClkFreq
                0x60003188       0xdc ./drivers/fsl_clock.o
 .text.CLOCK_GetPllUsb1SWFreq
                0x60003264       0x44 ./drivers/fsl_clock.o
 .text.CLOCK_InitExternalClk
                0x600032a8       0x6c ./drivers/fsl_clock.o
                0x600032a8                CLOCK_InitExternalClk
 .text.CLOCK_SwitchOsc
                0x60003314       0x34 ./drivers/fsl_clock.o
                0x60003314                CLOCK_SwitchOsc
 .text.CLOCK_InitRcOsc24M
                0x60003348       0x24 ./drivers/fsl_clock.o
                0x60003348                CLOCK_InitRcOsc24M
 .text.CLOCK_GetAhbFreq
                0x6000336c       0x24 ./drivers/fsl_clock.o
                0x6000336c                CLOCK_GetAhbFreq
 .text.CLOCK_GetSemcFreq
                0x60003390       0x5c ./drivers/fsl_clock.o
                0x60003390                CLOCK_GetSemcFreq
 .text.CLOCK_GetIpgFreq
                0x600033ec       0x24 ./drivers/fsl_clock.o
                0x600033ec                CLOCK_GetIpgFreq
 .text.CLOCK_GetPerClkFreq
                0x60003410       0x40 ./drivers/fsl_clock.o
                0x60003410                CLOCK_GetPerClkFreq
 .text.CLOCK_GetFreq
                0x60003450      0x198 ./drivers/fsl_clock.o
                0x60003450                CLOCK_GetFreq
 .text.CLOCK_InitSysPll
                0x600035e8       0x9c ./drivers/fsl_clock.o
                0x600035e8                CLOCK_InitSysPll
 .text.CLOCK_DeinitAudioPll
                0x60003684       0x1c ./drivers/fsl_clock.o
                0x60003684                CLOCK_DeinitAudioPll
 .text.CLOCK_InitEnetPll
                0x600036a0       0xa4 ./drivers/fsl_clock.o
                0x600036a0                CLOCK_InitEnetPll
 .text.CLOCK_GetPllFreq
                0x60003744      0x2a0 ./drivers/fsl_clock.o
                0x60003744                CLOCK_GetPllFreq
 .text.CLOCK_InitSysPfd
                0x600039e4       0x64 ./drivers/fsl_clock.o
                0x600039e4                CLOCK_InitSysPfd
 .text.CLOCK_GetSysPfdFreq
                0x60003a48       0xac ./drivers/fsl_clock.o
                0x60003a48                CLOCK_GetSysPfdFreq
 .text.CLOCK_GetUsb1PfdFreq
                0x60003af4       0xac ./drivers/fsl_clock.o
                0x60003af4                CLOCK_GetUsb1PfdFreq
 .text.SDK_DelayAtLeastUs
                0x60003ba0       0x94 ./drivers/fsl_common_arm.o
                0x60003ba0                SDK_DelayAtLeastUs
 .text.CLOCK_ControlGate
                0x60003c34       0x60 ./drivers/fsl_flexspi.o
 .text.FLEXSPI_GetInstance
                0x60003c94       0x44 ./drivers/fsl_flexspi.o
                0x60003c94                FLEXSPI_GetInstance
 .text.FLEXSPI_Init
                0x60003cd8      0x274 ./drivers/fsl_flexspi.o
                0x60003cd8                FLEXSPI_Init
 .text.FLEXSPI_DriverIRQHandler
                0x60003f4c       0x28 ./drivers/fsl_flexspi.o
                0x60003f4c                FLEXSPI_DriverIRQHandler
 .text.CLOCK_ControlGate
                0x60003f74       0x60 ./drivers/fsl_gpio.o
 .text.GPIO_GetInstance
                0x60003fd4       0x4c ./drivers/fsl_gpio.o
 .text.GPIO_PinInit
                0x60004020       0xa4 ./drivers/fsl_gpio.o
                0x60004020                GPIO_PinInit
 .text.GPIO_PinWrite
                0x600040c4       0x48 ./drivers/fsl_gpio.o
                0x600040c4                GPIO_PinWrite
 .text.GPIO_PinSetInterruptConfig
                0x6000410c       0xfc ./drivers/fsl_gpio.o
                0x6000410c                GPIO_PinSetInterruptConfig
 .text.__NVIC_EnableIRQ
                0x60004208       0x3c ./drivers/fsl_lpi2c.o
 .text.CLOCK_ControlGate
                0x60004244       0x60 ./drivers/fsl_lpi2c.o
 .text.LPI2C_GetInstance
                0x600042a4       0x4c ./drivers/fsl_lpi2c.o
                0x600042a4                LPI2C_GetInstance
 .text.LPI2C_GetCyclesForWidth
                0x600042f0       0x9c ./drivers/fsl_lpi2c.o
 .text.LPI2C_MasterInit
                0x6000438c      0x1dc ./drivers/fsl_lpi2c.o
                0x6000438c                LPI2C_MasterInit
 .text.LPI2C_MasterSetBaudRate
                0x60004568      0x2c4 ./drivers/fsl_lpi2c.o
                0x60004568                LPI2C_MasterSetBaudRate
 .text.LPI2C_MasterTransferCreateHandle
                0x6000482c       0x7c ./drivers/fsl_lpi2c.o
                0x6000482c                LPI2C_MasterTransferCreateHandle
 .text.LPI2C_TransferStateMachineSendCommand
                0x600048a8      0x118 ./drivers/fsl_lpi2c.o
 .text.LPI2C_TransferStateMachineReadCommand
                0x600049c0       0x60 ./drivers/fsl_lpi2c.o
 .text.LPI2C_TransferStateMachineTransferData
                0x60004a20       0xa4 ./drivers/fsl_lpi2c.o
 .text.LPI2C_TransferStateMachineStopState
                0x60004ac4       0x6c ./drivers/fsl_lpi2c.o
 .text.LPI2C_TransferStateMachineWaitState
                0x60004b30       0x68 ./drivers/fsl_lpi2c.o
 .text.LPI2C_RunTransferStateMachine
                0x60004b98      0x14c ./drivers/fsl_lpi2c.o
 .text.LPI2C_MasterTransferAbort
                0x60004ce4       0x54 ./drivers/fsl_lpi2c.o
                0x60004ce4                LPI2C_MasterTransferAbort
 .text.LPI2C_MasterTransferHandleIRQ
                0x60004d38       0x8c ./drivers/fsl_lpi2c.o
                0x60004d38                LPI2C_MasterTransferHandleIRQ
 .text.LPI2C_CommonIRQHandler
                0x60004dc4       0x78 ./drivers/fsl_lpi2c.o
 .text.LPI2C1_DriverIRQHandler
                0x60004e3c       0x14 ./drivers/fsl_lpi2c.o
                0x60004e3c                LPI2C1_DriverIRQHandler
 .text.LPI2C2_DriverIRQHandler
                0x60004e50       0x14 ./drivers/fsl_lpi2c.o
                0x60004e50                LPI2C2_DriverIRQHandler
 .text.LPI2C3_DriverIRQHandler
                0x60004e64       0x14 ./drivers/fsl_lpi2c.o
                0x60004e64                LPI2C3_DriverIRQHandler
 .text.LPI2C4_DriverIRQHandler
                0x60004e78       0x14 ./drivers/fsl_lpi2c.o
                0x60004e78                LPI2C4_DriverIRQHandler
 .text.__NVIC_EnableIRQ
                0x60004e8c       0x3c ./drivers/fsl_lpspi.o
 .text.CLOCK_ControlGate
                0x60004ec8       0x60 ./drivers/fsl_lpspi.o
 .text.LPSPI_GetInstance
                0x60004f28       0x50 ./drivers/fsl_lpspi.o
                0x60004f28                LPSPI_GetInstance
 .text.LPSPI_SetDummyData
                0x60004f78       0x2c ./drivers/fsl_lpspi.o
                0x60004f78                LPSPI_SetDummyData
 .text.LPSPI_MasterInit
                0x60004fa4      0x170 ./drivers/fsl_lpspi.o
                0x60004fa4                LPSPI_MasterInit
 .text.LPSPI_MasterGetDefaultConfig
                0x60005114       0xa0 ./drivers/fsl_lpspi.o
                0x60005114                LPSPI_MasterGetDefaultConfig
 .text.LPSPI_MasterSetBaudRate
                0x600051b4       0xf8 ./drivers/fsl_lpspi.o
                0x600051b4                LPSPI_MasterSetBaudRate
 .text.LPSPI_MasterSetDelayScaler
                0x600052ac       0x78 ./drivers/fsl_lpspi.o
                0x600052ac                LPSPI_MasterSetDelayScaler
 .text.LPSPI_MasterTransferCreateHandle
                0x60005324       0x60 ./drivers/fsl_lpspi.o
                0x60005324                LPSPI_MasterTransferCreateHandle
 .text.LPSPI_CheckTransferArgument
                0x60005384       0xf0 ./drivers/fsl_lpspi.o
                0x60005384                LPSPI_CheckTransferArgument
 .text.LPSPI_MasterTransferNonBlocking
                0x60005474      0x3d4 ./drivers/fsl_lpspi.o
                0x60005474                LPSPI_MasterTransferNonBlocking
 .text.LPSPI_MasterTransferFillUpTxFifo
                0x60005848      0x11c ./drivers/fsl_lpspi.o
 .text.LPSPI_MasterTransferComplete
                0x60005964       0x4c ./drivers/fsl_lpspi.o
 .text.LPSPI_MasterTransferHandleIRQ
                0x600059b0      0x220 ./drivers/fsl_lpspi.o
                0x600059b0                LPSPI_MasterTransferHandleIRQ
 .text.LPSPI_CombineWriteData
                0x60005bd0      0x1bc ./drivers/fsl_lpspi.o
 .text.LPSPI_SeparateReadData
                0x60005d8c      0x1b0 ./drivers/fsl_lpspi.o
 .text.LPSPI_CommonIRQHandler
                0x60005f3c       0x44 ./drivers/fsl_lpspi.o
 .text.LPSPI1_DriverIRQHandler
                0x60005f80       0x30 ./drivers/fsl_lpspi.o
                0x60005f80                LPSPI1_DriverIRQHandler
 .text.LPSPI2_DriverIRQHandler
                0x60005fb0       0x30 ./drivers/fsl_lpspi.o
                0x60005fb0                LPSPI2_DriverIRQHandler
 .text.LPSPI3_DriverIRQHandler
                0x60005fe0       0x30 ./drivers/fsl_lpspi.o
                0x60005fe0                LPSPI3_DriverIRQHandler
 .text.LPSPI4_DriverIRQHandler
                0x60006010       0x30 ./drivers/fsl_lpspi.o
                0x60006010                LPSPI4_DriverIRQHandler
 .text.CLOCK_ControlGate
                0x60006040       0x60 ./drivers/fsl_lpuart.o
 .text.LPUART_GetInstance
                0x600060a0       0x4c ./drivers/fsl_lpuart.o
                0x600060a0                LPUART_GetInstance
 .text.LPUART_Init
                0x600060ec      0x320 ./drivers/fsl_lpuart.o
                0x600060ec                LPUART_Init
 .text.LPUART_GetDefaultConfig
                0x6000640c       0x88 ./drivers/fsl_lpuart.o
                0x6000640c                LPUART_GetDefaultConfig
 .text.LPUART_WriteBlocking
                0x60006494       0x68 ./drivers/fsl_lpuart.o
                0x60006494                LPUART_WriteBlocking
 .text.LPUART1_DriverIRQHandler
                0x600064fc       0x28 ./drivers/fsl_lpuart.o
                0x600064fc                LPUART1_DriverIRQHandler
 .text.LPUART2_DriverIRQHandler
                0x60006524       0x28 ./drivers/fsl_lpuart.o
                0x60006524                LPUART2_DriverIRQHandler
 .text.LPUART3_DriverIRQHandler
                0x6000654c       0x28 ./drivers/fsl_lpuart.o
                0x6000654c                LPUART3_DriverIRQHandler
 .text.LPUART4_DriverIRQHandler
                0x60006574       0x28 ./drivers/fsl_lpuart.o
                0x60006574                LPUART4_DriverIRQHandler
 .text.LPUART5_DriverIRQHandler
                0x6000659c       0x28 ./drivers/fsl_lpuart.o
                0x6000659c                LPUART5_DriverIRQHandler
 .text.LPUART6_DriverIRQHandler
                0x600065c4       0x28 ./drivers/fsl_lpuart.o
                0x600065c4                LPUART6_DriverIRQHandler
 .text.LPUART7_DriverIRQHandler
                0x600065ec       0x28 ./drivers/fsl_lpuart.o
                0x600065ec                LPUART7_DriverIRQHandler
 .text.LPUART8_DriverIRQHandler
                0x60006614       0x28 ./drivers/fsl_lpuart.o
                0x60006614                LPUART8_DriverIRQHandler
 .text.CLOCK_ControlGate
                0x6000663c       0x60 ./drivers/fsl_semc.o
 .text.SEMC_GetInstance
                0x6000669c       0x44 ./drivers/fsl_semc.o
 .text.SEMC_CovertMemorySize
                0x600066e0       0x64 ./drivers/fsl_semc.o
 .text.SEMC_ConvertTiming
                0x60006744       0x74 ./drivers/fsl_semc.o
 .text.SEMC_Init
                0x600067b8       0xe4 ./drivers/fsl_semc.o
                0x600067b8                SEMC_Init
 .text.SEMC_ConfigureSDRAM
                0x6000689c      0x354 ./drivers/fsl_semc.o
                0x6000689c                SEMC_ConfigureSDRAM
 .text.SEMC_SendIPCommand
                0x60006bf0      0x16c ./drivers/fsl_semc.o
                0x60006bf0                SEMC_SendIPCommand
 .text.SystemInit
                0x60006d5c      0x144 ./device/system_MIMXRT1021.o
                0x60006d5c                SystemInit
 .text.HAL_UartInitCommon
                0x60006ea0       0xe0 ./component/uart/fsl_adapter_lpuart.o
 .text.HAL_UartInit
                0x60006f80       0x84 ./component/uart/fsl_adapter_lpuart.o
                0x60006f80                HAL_UartInit
 .text.HAL_UartSendBlocking
                0x60007004       0x64 ./component/uart/fsl_adapter_lpuart.o
                0x60007004                HAL_UartSendBlocking
 .text.ARM_MPU_Enable
                0x60007068       0x44 ./board/board.o
 .text.ARM_MPU_Disable
                0x600070ac       0x40 ./board/board.o
 .text.CLOCK_GetMux
                0x600070ec       0x44 ./board/board.o
 .text.CLOCK_GetDiv
                0x60007130       0x44 ./board/board.o
 .text.CLOCK_GetOscFreq
                0x60007174       0x30 ./board/board.o
 .text.BOARD_DebugConsoleSrcFreq
                0x600071a4       0x64 ./board/board.o
                0x600071a4                BOARD_DebugConsoleSrcFreq
 .text.BOARD_ConfigMPU
                0x60007208      0x324 ./board/board.o
                0x60007208                BOARD_ConfigMPU
 .text.CLOCK_SetMux
                0x6000752c       0x9c ./board/clock_config.o
 .text.CLOCK_SetDiv
                0x600075c8       0x9c ./board/clock_config.o
 .text.CLOCK_ControlGate
                0x60007664       0x60 ./board/clock_config.o
 .text.CLOCK_SetXtalFreq
                0x600076c4       0x20 ./board/clock_config.o
 .text.CLOCK_SetRtcXtalFreq
                0x600076e4       0x20 ./board/clock_config.o
 .text.IOMUXC_MQSConfig
                0x60007704       0x44 ./board/clock_config.o
 .text.BOARD_BootClockRUN
                0x60007748      0x4ec ./board/clock_config.o
                0x60007748                BOARD_BootClockRUN
 .text.LPSPI1_init
                0x60007c34       0x20 ./board/peripherals.o
 .text.SEMC_init
                0x60007c54       0x2c ./board/peripherals.o
 .text.FLEXSPI_init
                0x60007c80       0x18 ./board/peripherals.o
 .text.LPI2C1_2_init
                0x60007c98       0x30 ./board/peripherals.o
 .text.CLOCK_ControlGate
                0x60007cc8       0x60 ./board/pin_mux.o
 .text.BOARD_InitPins
                0x60007d28      0x2e4 ./board/pin_mux.o
                0x60007d28                BOARD_InitPins
 .text.BOARD_InitDEBUG_UARTPins
                0x6000800c       0x4c ./board/pin_mux.o
                0x6000800c                BOARD_InitDEBUG_UARTPins
 .text.malloc   0x60008058       0xe8 c:/nxp/mcuxpressoide_11.9.0_2144/ide/plugins/com.nxp.mcuxpresso.tools.win32_11.9.0.202307121226/tools/bin/../lib/gcc/arm-none-eabi/12.3.1/../../../../arm-none-eabi/lib/thumb/v7e-m+fp/softfp\libcr_c.a(alloc.o)
                0x60008058                malloc
 .text._Csys_alloc
                0x60008140       0x20 c:/nxp/mcuxpressoide_11.9.0_2144/ide/plugins/com.nxp.mcuxpresso.tools.win32_11.9.0.202307121226/tools/bin/../lib/gcc/arm-none-eabi/12.3.1/../../../../arm-none-eabi/lib/thumb/v7e-m+fp/softfp\libcr_c.a(alloc.o)
                0x60008140                _Csys_alloc
 .text._initio  0x60008160       0x78 c:/nxp/mcuxpressoide_11.9.0_2144/ide/plugins/com.nxp.mcuxpresso.tools.win32_11.9.0.202307121226/tools/bin/../lib/gcc/arm-none-eabi/12.3.1/../../../../arm-none-eabi/lib/thumb/v7e-m+fp/softfp\libcr_c.a(initio.o)
                0x60008160                _initio
 .text.__vfprintf
                0x600081d8      0xb80 c:/nxp/mcuxpressoide_11.9.0_2144/ide/plugins/com.nxp.mcuxpresso.tools.win32_11.9.0.202307121226/tools/bin/../lib/gcc/arm-none-eabi/12.3.1/../../../../arm-none-eabi/lib/thumb/v7e-m+fp/softfp\libcr_c.a(printf.o)
                0x600081d8                __vfprintf
 .text._sprintf
                0x60008d58       0x6c c:/nxp/mcuxpressoide_11.9.0_2144/ide/plugins/com.nxp.mcuxpresso.tools.win32_11.9.0.202307121226/tools/bin/../lib/gcc/arm-none-eabi/12.3.1/../../../../arm-none-eabi/lib/thumb/v7e-m+fp/softfp\libcr_c.a(printf.o)
                0x60008d58                _sprintf
 .text._vsnprintf
                0x60008dc4       0x68 c:/nxp/mcuxpressoide_11.9.0_2144/ide/plugins/com.nxp.mcuxpresso.tools.win32_11.9.0.202307121226/tools/bin/../lib/gcc/arm-none-eabi/12.3.1/../../../../arm-none-eabi/lib/thumb/v7e-m+fp/softfp\libcr_c.a(printf.o)
                0x60008dc4                _vsnprintf
 .text._printf  0x60008e2c       0x54 c:/nxp/mcuxpressoide_11.9.0_2144/ide/plugins/com.nxp.mcuxpresso.tools.win32_11.9.0.202307121226/tools/bin/../lib/gcc/arm-none-eabi/12.3.1/../../../../arm-none-eabi/lib/thumb/v7e-m+fp/softfp\libcr_c.a(printf.o)
                0x60008e2c                _printf
 .text._sbrk    0x60008e80       0x3c c:/nxp/mcuxpressoide_11.9.0_2144/ide/plugins/com.nxp.mcuxpresso.tools.win32_11.9.0.202307121226/tools/bin/../lib/gcc/arm-none-eabi/12.3.1/../../../../arm-none-eabi/lib/thumb/v7e-m+fp/softfp\libcr_c.a(_cr_sbrk.o)
                0x60008e80                _sbrk
 .text._Cwritebuf
                0x60008ebc       0x6c c:/nxp/mcuxpressoide_11.9.0_2144/ide/plugins/com.nxp.mcuxpresso.tools.win32_11.9.0.202307121226/tools/bin/../lib/gcc/arm-none-eabi/12.3.1/../../../../arm-none-eabi/lib/thumb/v7e-m+fp/softfp\libcr_c.a(_writebuf.o)
                0x60008ebc                _Cwritebuf
 .text.fflush   0x60008f28       0x3c c:/nxp/mcuxpressoide_11.9.0_2144/ide/plugins/com.nxp.mcuxpresso.tools.win32_11.9.0.202307121226/tools/bin/../lib/gcc/arm-none-eabi/12.3.1/../../../../arm-none-eabi/lib/thumb/v7e-m+fp/softfp\libcr_c.a(fflush.o)
                0x60008f28                fflush
 .text.fseek    0x60008f64       0xf8 c:/nxp/mcuxpressoide_11.9.0_2144/ide/plugins/com.nxp.mcuxpresso.tools.win32_11.9.0.202307121226/tools/bin/../lib/gcc/arm-none-eabi/12.3.1/../../../../arm-none-eabi/lib/thumb/v7e-m+fp/softfp\libcr_c.a(fseek.o)
                0x60008f64                fseek
 .text.ftell    0x6000905c       0x44 c:/nxp/mcuxpressoide_11.9.0_2144/ide/plugins/com.nxp.mcuxpresso.tools.win32_11.9.0.202307121226/tools/bin/../lib/gcc/arm-none-eabi/12.3.1/../../../../arm-none-eabi/lib/thumb/v7e-m+fp/softfp\libcr_c.a(ftell.o)
                0x6000905c                ftell
 .text.__check_heap_overflow
                0x600090a0       0x18 c:/nxp/mcuxpressoide_11.9.0_2144/ide/plugins/com.nxp.mcuxpresso.tools.win32_11.9.0.202307121226/tools/bin/../lib/gcc/arm-none-eabi/12.3.1/../../../../arm-none-eabi/lib/thumb/v7e-m+fp/softfp\libcr_c.a(_cr_check_heap.o)
                0x600090a0                __check_heap_overflow
 .text.__aeabi_f2d
                0x600090b8       0x38 c:/nxp/mcuxpressoide_11.9.0_2144/ide/plugins/com.nxp.mcuxpresso.tools.win32_11.9.0.202307121226/tools/bin/../lib/gcc/arm-none-eabi/12.3.1/thumb/v7e-m+fp/softfp\libcr_eabihelpers.a(float.o)
                0x600090b8                __aeabi_f2d
 .text.fsl_assert_hook
                0x600090f0       0x1a ./utilities/fsl_assert.o
                0x600090f0                fsl_assert_hook
 .text.DbgConsole_PrintCallback
                0x6000910a       0x66 ./utilities/fsl_debug_console.o
 .text.DbgConsole_Printf
                0x60009170       0x2c ./utilities/fsl_debug_console.o
                0x60009170                DbgConsole_Printf
 .text.PrintGetWidth
                0x6000919c       0x6a ./utilities/fsl_str.o
 .text.PrintGetPrecision
                0x60009206       0x8c ./utilities/fsl_str.o
 .text.PrintIsobpu
                0x60009292       0x38 ./utilities/fsl_str.o
 .text.PrintIsdi
                0x600092ca       0x2c ./utilities/fsl_str.o
 .text.PrintOutputdifFobpu
                0x600092f6       0x44 ./utilities/fsl_str.o
 .text.PrintOutputxX
                0x6000933a       0x44 ./utilities/fsl_str.o
 .text.PrintIsfF
                0x6000937e       0x2c ./utilities/fsl_str.o
 .text.PrintIsxX
                0x600093aa       0x2c ./utilities/fsl_str.o
 .text.PrintFilterLengthFlag
                0x600093d6       0x3e ./utilities/fsl_str.o
 .text.PrintGetRadixFromobpu
                0x60009414       0x40 ./utilities/fsl_str.o
 .text.ConvertRadixNumToString
                0x60009454       0xc2 ./utilities/fsl_str.o
 .text.StrFormatExaminedi
                0x60009516       0x26 ./utilities/fsl_str.o
 .text.StrFormatExaminexX
                0x6000953c       0x26 ./utilities/fsl_str.o
 .text.StrFormatExamineobpu
                0x60009562       0x26 ./utilities/fsl_str.o
 .text.ConvertPrecisionWidthToLength
                0x60009588       0x20 ./utilities/fsl_str.o
 .text.StrFormatPrintf
                0x600095a8      0x2bc ./utilities/fsl_str.o
                0x600095a8                StrFormatPrintf
 .text.DMA0_DMA16_IRQHandler
                0x60009864        0x8 ./startup/startup_mimxrt1021.o
                0x60009864                DMA0_DMA16_IRQHandler
 .text.DMA1_DMA17_IRQHandler
                0x6000986c        0x8 ./startup/startup_mimxrt1021.o
                0x6000986c                DMA1_DMA17_IRQHandler
 .text.DMA2_DMA18_IRQHandler
                0x60009874        0x8 ./startup/startup_mimxrt1021.o
                0x60009874                DMA2_DMA18_IRQHandler
 .text.DMA3_DMA19_IRQHandler
                0x6000987c        0x8 ./startup/startup_mimxrt1021.o
                0x6000987c                DMA3_DMA19_IRQHandler
 .text.DMA4_DMA20_IRQHandler
                0x60009884        0x8 ./startup/startup_mimxrt1021.o
                0x60009884                DMA4_DMA20_IRQHandler
 .text.DMA5_DMA21_IRQHandler
                0x6000988c        0x8 ./startup/startup_mimxrt1021.o
                0x6000988c                DMA5_DMA21_IRQHandler
 .text.DMA6_DMA22_IRQHandler
                0x60009894        0x8 ./startup/startup_mimxrt1021.o
                0x60009894                DMA6_DMA22_IRQHandler
 .text.DMA7_DMA23_IRQHandler
                0x6000989c        0x8 ./startup/startup_mimxrt1021.o
                0x6000989c                DMA7_DMA23_IRQHandler
 .text.DMA8_DMA24_IRQHandler
                0x600098a4        0x8 ./startup/startup_mimxrt1021.o
                0x600098a4                DMA8_DMA24_IRQHandler
 .text.DMA9_DMA25_IRQHandler
                0x600098ac        0x8 ./startup/startup_mimxrt1021.o
                0x600098ac                DMA9_DMA25_IRQHandler
 .text.DMA10_DMA26_IRQHandler
                0x600098b4        0x8 ./startup/startup_mimxrt1021.o
                0x600098b4                DMA10_DMA26_IRQHandler
 .text.DMA11_DMA27_IRQHandler
                0x600098bc        0x8 ./startup/startup_mimxrt1021.o
                0x600098bc                DMA11_DMA27_IRQHandler
 .text.DMA12_DMA28_IRQHandler
                0x600098c4        0x8 ./startup/startup_mimxrt1021.o
                0x600098c4                DMA12_DMA28_IRQHandler
 .text.DMA13_DMA29_IRQHandler
                0x600098cc        0x8 ./startup/startup_mimxrt1021.o
                0x600098cc                DMA13_DMA29_IRQHandler
 .text.DMA14_DMA30_IRQHandler
                0x600098d4        0x8 ./startup/startup_mimxrt1021.o
                0x600098d4                DMA14_DMA30_IRQHandler
 .text.DMA15_DMA31_IRQHandler
                0x600098dc        0x8 ./startup/startup_mimxrt1021.o
                0x600098dc                DMA15_DMA31_IRQHandler
 .text.DMA_ERROR_IRQHandler
                0x600098e4        0x8 ./startup/startup_mimxrt1021.o
                0x600098e4                DMA_ERROR_IRQHandler
 .text.CTI0_ERROR_IRQHandler
                0x600098ec        0x8 ./startup/startup_mimxrt1021.o
                0x600098ec                CTI0_ERROR_IRQHandler
 .text.CTI1_ERROR_IRQHandler
                0x600098f4        0x8 ./startup/startup_mimxrt1021.o
                0x600098f4                CTI1_ERROR_IRQHandler
 .text.CORE_IRQHandler
                0x600098fc        0x8 ./startup/startup_mimxrt1021.o
                0x600098fc                CORE_IRQHandler
 .text.LPUART1_IRQHandler
                0x60009904        0x8 ./startup/startup_mimxrt1021.o
                0x60009904                LPUART1_IRQHandler
 .text.LPUART2_IRQHandler
                0x6000990c        0x8 ./startup/startup_mimxrt1021.o
                0x6000990c                LPUART2_IRQHandler
 .text.LPUART3_IRQHandler
                0x60009914        0x8 ./startup/startup_mimxrt1021.o
                0x60009914                LPUART3_IRQHandler
 .text.LPUART4_IRQHandler
                0x6000991c        0x8 ./startup/startup_mimxrt1021.o
                0x6000991c                LPUART4_IRQHandler
 .text.LPUART5_IRQHandler
                0x60009924        0x8 ./startup/startup_mimxrt1021.o
                0x60009924                LPUART5_IRQHandler
 .text.LPUART6_IRQHandler
                0x6000992c        0x8 ./startup/startup_mimxrt1021.o
                0x6000992c                LPUART6_IRQHandler
 .text.LPUART7_IRQHandler
                0x60009934        0x8 ./startup/startup_mimxrt1021.o
                0x60009934                LPUART7_IRQHandler
 .text.LPUART8_IRQHandler
                0x6000993c        0x8 ./startup/startup_mimxrt1021.o
                0x6000993c                LPUART8_IRQHandler
 .text.LPI2C1_IRQHandler
                0x60009944        0x8 ./startup/startup_mimxrt1021.o
                0x60009944                LPI2C1_IRQHandler
 .text.LPI2C2_IRQHandler
                0x6000994c        0x8 ./startup/startup_mimxrt1021.o
                0x6000994c                LPI2C2_IRQHandler
 .text.LPI2C3_IRQHandler
                0x60009954        0x8 ./startup/startup_mimxrt1021.o
                0x60009954                LPI2C3_IRQHandler
 .text.LPI2C4_IRQHandler
                0x6000995c        0x8 ./startup/startup_mimxrt1021.o
                0x6000995c                LPI2C4_IRQHandler
 .text.LPSPI1_IRQHandler
                0x60009964        0x8 ./startup/startup_mimxrt1021.o
                0x60009964                LPSPI1_IRQHandler
 .text.LPSPI2_IRQHandler
                0x6000996c        0x8 ./startup/startup_mimxrt1021.o
                0x6000996c                LPSPI2_IRQHandler
 .text.LPSPI3_IRQHandler
                0x60009974        0x8 ./startup/startup_mimxrt1021.o
                0x60009974                LPSPI3_IRQHandler
 .text.LPSPI4_IRQHandler
                0x6000997c        0x8 ./startup/startup_mimxrt1021.o
                0x6000997c                LPSPI4_IRQHandler
 .text.CAN1_IRQHandler
                0x60009984        0x8 ./startup/startup_mimxrt1021.o
                0x60009984                CAN1_IRQHandler
 .text.CAN2_IRQHandler
                0x6000998c        0x8 ./startup/startup_mimxrt1021.o
                0x6000998c                CAN2_IRQHandler
 .text.FLEXRAM_IRQHandler
                0x60009994        0x8 ./startup/startup_mimxrt1021.o
                0x60009994                FLEXRAM_IRQHandler
 .text.KPP_IRQHandler
                0x6000999c        0x8 ./startup/startup_mimxrt1021.o
                0x6000999c                KPP_IRQHandler
 .text.Reserved56_IRQHandler
                0x600099a4        0x8 ./startup/startup_mimxrt1021.o
                0x600099a4                Reserved56_IRQHandler
 .text.GPR_IRQ_IRQHandler
                0x600099ac        0x8 ./startup/startup_mimxrt1021.o
                0x600099ac                GPR_IRQ_IRQHandler
 .text.Reserved58_IRQHandler
                0x600099b4        0x8 ./startup/startup_mimxrt1021.o
                0x600099b4                Reserved58_IRQHandler
 .text.Reserved59_IRQHandler
                0x600099bc        0x8 ./startup/startup_mimxrt1021.o
                0x600099bc                Reserved59_IRQHandler
 .text.Reserved60_IRQHandler
                0x600099c4        0x8 ./startup/startup_mimxrt1021.o
                0x600099c4                Reserved60_IRQHandler
 .text.WDOG2_IRQHandler
                0x600099cc        0x8 ./startup/startup_mimxrt1021.o
                0x600099cc                WDOG2_IRQHandler
 .text.SNVS_HP_WRAPPER_IRQHandler
                0x600099d4        0x8 ./startup/startup_mimxrt1021.o
                0x600099d4                SNVS_HP_WRAPPER_IRQHandler
 .text.SNVS_HP_WRAPPER_TZ_IRQHandler
                0x600099dc        0x8 ./startup/startup_mimxrt1021.o
                0x600099dc                SNVS_HP_WRAPPER_TZ_IRQHandler
 .text.SNVS_LP_HP_WRAPPER_IRQHandler
                0x600099e4        0x8 ./startup/startup_mimxrt1021.o
                0x600099e4                SNVS_LP_HP_WRAPPER_IRQHandler
 .text.CSU_IRQHandler
                0x600099ec        0x8 ./startup/startup_mimxrt1021.o
                0x600099ec                CSU_IRQHandler
 .text.DCP_IRQHandler
                0x600099f4        0x8 ./startup/startup_mimxrt1021.o
                0x600099f4                DCP_IRQHandler
 .text.DCP_VMI_IRQHandler
                0x600099fc        0x8 ./startup/startup_mimxrt1021.o
                0x600099fc                DCP_VMI_IRQHandler
 .text.Reserved68_IRQHandler
                0x60009a04        0x8 ./startup/startup_mimxrt1021.o
                0x60009a04                Reserved68_IRQHandler
 .text.TRNG_IRQHandler
                0x60009a0c        0x8 ./startup/startup_mimxrt1021.o
                0x60009a0c                TRNG_IRQHandler
 .text.Reserved70_IRQHandler
                0x60009a14        0x8 ./startup/startup_mimxrt1021.o
                0x60009a14                Reserved70_IRQHandler
 .text.BEE_IRQHandler
                0x60009a1c        0x8 ./startup/startup_mimxrt1021.o
                0x60009a1c                BEE_IRQHandler
 .text.SAI1_IRQHandler
                0x60009a24        0x8 ./startup/startup_mimxrt1021.o
                0x60009a24                SAI1_IRQHandler
 .text.SAI2_IRQHandler
                0x60009a2c        0x8 ./startup/startup_mimxrt1021.o
                0x60009a2c                SAI2_IRQHandler
 .text.SAI3_RX_IRQHandler
                0x60009a34        0x8 ./startup/startup_mimxrt1021.o
                0x60009a34                SAI3_RX_IRQHandler
 .text.SAI3_TX_IRQHandler
                0x60009a3c        0x8 ./startup/startup_mimxrt1021.o
                0x60009a3c                SAI3_TX_IRQHandler
 .text.SPDIF_IRQHandler
                0x60009a44        0x8 ./startup/startup_mimxrt1021.o
                0x60009a44                SPDIF_IRQHandler
 .text.PMU_IRQHandler
                0x60009a4c        0x8 ./startup/startup_mimxrt1021.o
                0x60009a4c                PMU_IRQHandler
 .text.Reserved78_IRQHandler
                0x60009a54        0x8 ./startup/startup_mimxrt1021.o
                0x60009a54                Reserved78_IRQHandler
 .text.TEMP_LOW_HIGH_IRQHandler
                0x60009a5c        0x8 ./startup/startup_mimxrt1021.o
                0x60009a5c                TEMP_LOW_HIGH_IRQHandler
 .text.TEMP_PANIC_IRQHandler
                0x60009a64        0x8 ./startup/startup_mimxrt1021.o
                0x60009a64                TEMP_PANIC_IRQHandler
 .text.USB_PHY_IRQHandler
                0x60009a6c        0x8 ./startup/startup_mimxrt1021.o
                0x60009a6c                USB_PHY_IRQHandler
 .text.Reserved82_IRQHandler
                0x60009a74        0x8 ./startup/startup_mimxrt1021.o
                0x60009a74                Reserved82_IRQHandler
 .text.ADC1_IRQHandler
                0x60009a7c        0x8 ./startup/startup_mimxrt1021.o
                0x60009a7c                ADC1_IRQHandler
 .text.ADC2_IRQHandler
                0x60009a84        0x8 ./startup/startup_mimxrt1021.o
                0x60009a84                ADC2_IRQHandler
 .text.DCDC_IRQHandler
                0x60009a8c        0x8 ./startup/startup_mimxrt1021.o
                0x60009a8c                DCDC_IRQHandler
 .text.Reserved86_IRQHandler
                0x60009a94        0x8 ./startup/startup_mimxrt1021.o
                0x60009a94                Reserved86_IRQHandler
 .text.Reserved87_IRQHandler
                0x60009a9c        0x8 ./startup/startup_mimxrt1021.o
                0x60009a9c                Reserved87_IRQHandler
 .text.GPIO1_INT0_IRQHandler
                0x60009aa4        0x8 ./startup/startup_mimxrt1021.o
                0x60009aa4                GPIO1_INT0_IRQHandler
 .text.GPIO1_INT1_IRQHandler
                0x60009aac        0x8 ./startup/startup_mimxrt1021.o
                0x60009aac                GPIO1_INT1_IRQHandler
 .text.GPIO1_INT2_IRQHandler
                0x60009ab4        0x8 ./startup/startup_mimxrt1021.o
                0x60009ab4                GPIO1_INT2_IRQHandler
 .text.GPIO1_INT3_IRQHandler
                0x60009abc        0x8 ./startup/startup_mimxrt1021.o
                0x60009abc                GPIO1_INT3_IRQHandler
 .text.GPIO1_INT4_IRQHandler
                0x60009ac4        0x8 ./startup/startup_mimxrt1021.o
                0x60009ac4                GPIO1_INT4_IRQHandler
 .text.GPIO1_INT5_IRQHandler
                0x60009acc        0x8 ./startup/startup_mimxrt1021.o
                0x60009acc                GPIO1_INT5_IRQHandler
 .text.GPIO1_INT6_IRQHandler
                0x60009ad4        0x8 ./startup/startup_mimxrt1021.o
                0x60009ad4                GPIO1_INT6_IRQHandler
 .text.GPIO1_INT7_IRQHandler
                0x60009adc        0x8 ./startup/startup_mimxrt1021.o
                0x60009adc                GPIO1_INT7_IRQHandler
 .text.GPIO1_Combined_0_15_IRQHandler
                0x60009ae4        0x8 ./startup/startup_mimxrt1021.o
                0x60009ae4                GPIO1_Combined_0_15_IRQHandler
 .text.GPIO1_Combined_16_31_IRQHandler
                0x60009aec        0x8 ./startup/startup_mimxrt1021.o
                0x60009aec                GPIO1_Combined_16_31_IRQHandler
 .text.GPIO2_Combined_0_15_IRQHandler
                0x60009af4        0x8 ./startup/startup_mimxrt1021.o
                0x60009af4                GPIO2_Combined_0_15_IRQHandler
 .text.GPIO2_Combined_16_31_IRQHandler
                0x60009afc        0x8 ./startup/startup_mimxrt1021.o
                0x60009afc                GPIO2_Combined_16_31_IRQHandler
 .text.GPIO3_Combined_0_15_IRQHandler
                0x60009b04        0x8 ./startup/startup_mimxrt1021.o
                0x60009b04                GPIO3_Combined_0_15_IRQHandler
 .text.GPIO3_Combined_16_31_IRQHandler
                0x60009b0c        0x8 ./startup/startup_mimxrt1021.o
                0x60009b0c                GPIO3_Combined_16_31_IRQHandler
 .text.Reserved102_IRQHandler
                0x60009b14        0x8 ./startup/startup_mimxrt1021.o
                0x60009b14                Reserved102_IRQHandler
 .text.Reserved103_IRQHandler
                0x60009b1c        0x8 ./startup/startup_mimxrt1021.o
                0x60009b1c                Reserved103_IRQHandler
 .text.GPIO5_Combined_0_15_IRQHandler
                0x60009b24        0x8 ./startup/startup_mimxrt1021.o
                0x60009b24                GPIO5_Combined_0_15_IRQHandler
 .text.GPIO5_Combined_16_31_IRQHandler
                0x60009b2c        0x8 ./startup/startup_mimxrt1021.o
                0x60009b2c                GPIO5_Combined_16_31_IRQHandler
 .text.FLEXIO1_IRQHandler
                0x60009b34        0x8 ./startup/startup_mimxrt1021.o
                0x60009b34                FLEXIO1_IRQHandler
 .text.Reserved107_IRQHandler
                0x60009b3c        0x8 ./startup/startup_mimxrt1021.o
                0x60009b3c                Reserved107_IRQHandler
 .text.WDOG1_IRQHandler
                0x60009b44        0x8 ./startup/startup_mimxrt1021.o
                0x60009b44                WDOG1_IRQHandler
 .text.RTWDOG_IRQHandler
                0x60009b4c        0x8 ./startup/startup_mimxrt1021.o
                0x60009b4c                RTWDOG_IRQHandler
 .text.EWM_IRQHandler
                0x60009b54        0x8 ./startup/startup_mimxrt1021.o
                0x60009b54                EWM_IRQHandler
 .text.CCM_1_IRQHandler
                0x60009b5c        0x8 ./startup/startup_mimxrt1021.o
                0x60009b5c                CCM_1_IRQHandler
 .text.CCM_2_IRQHandler
                0x60009b64        0x8 ./startup/startup_mimxrt1021.o
                0x60009b64                CCM_2_IRQHandler
 .text.GPC_IRQHandler
                0x60009b6c        0x8 ./startup/startup_mimxrt1021.o
                0x60009b6c                GPC_IRQHandler
 .text.SRC_IRQHandler
                0x60009b74        0x8 ./startup/startup_mimxrt1021.o
                0x60009b74                SRC_IRQHandler
 .text.Reserved115_IRQHandler
                0x60009b7c        0x8 ./startup/startup_mimxrt1021.o
                0x60009b7c                Reserved115_IRQHandler
 .text.GPT1_IRQHandler
                0x60009b84        0x8 ./startup/startup_mimxrt1021.o
                0x60009b84                GPT1_IRQHandler
 .text.GPT2_IRQHandler
                0x60009b8c        0x8 ./startup/startup_mimxrt1021.o
                0x60009b8c                GPT2_IRQHandler
 .text.PWM1_0_IRQHandler
                0x60009b94        0x8 ./startup/startup_mimxrt1021.o
                0x60009b94                PWM1_0_IRQHandler
 .text.PWM1_1_IRQHandler
                0x60009b9c        0x8 ./startup/startup_mimxrt1021.o
                0x60009b9c                PWM1_1_IRQHandler
 .text.PWM1_2_IRQHandler
                0x60009ba4        0x8 ./startup/startup_mimxrt1021.o
                0x60009ba4                PWM1_2_IRQHandler
 .text.PWM1_3_IRQHandler
                0x60009bac        0x8 ./startup/startup_mimxrt1021.o
                0x60009bac                PWM1_3_IRQHandler
 .text.PWM1_FAULT_IRQHandler
                0x60009bb4        0x8 ./startup/startup_mimxrt1021.o
                0x60009bb4                PWM1_FAULT_IRQHandler
 .text.Reserved123_IRQHandler
                0x60009bbc        0x8 ./startup/startup_mimxrt1021.o
                0x60009bbc                Reserved123_IRQHandler
 .text.FLEXSPI_IRQHandler
                0x60009bc4        0x8 ./startup/startup_mimxrt1021.o
                0x60009bc4                FLEXSPI_IRQHandler
 .text.SEMC_IRQHandler
                0x60009bcc        0x8 ./startup/startup_mimxrt1021.o
                0x60009bcc                SEMC_IRQHandler
 .text.USDHC1_IRQHandler
                0x60009bd4        0x8 ./startup/startup_mimxrt1021.o
                0x60009bd4                USDHC1_IRQHandler
 .text.USDHC2_IRQHandler
                0x60009bdc        0x8 ./startup/startup_mimxrt1021.o
                0x60009bdc                USDHC2_IRQHandler
 .text.Reserved128_IRQHandler
                0x60009be4        0x8 ./startup/startup_mimxrt1021.o
                0x60009be4                Reserved128_IRQHandler
 .text.USB_OTG1_IRQHandler
                0x60009bec        0x8 ./startup/startup_mimxrt1021.o
                0x60009bec                USB_OTG1_IRQHandler
 .text.ENET_IRQHandler
                0x60009bf4        0x8 ./startup/startup_mimxrt1021.o
                0x60009bf4                ENET_IRQHandler
 .text.ENET_1588_Timer_IRQHandler
                0x60009bfc        0x8 ./startup/startup_mimxrt1021.o
                0x60009bfc                ENET_1588_Timer_IRQHandler
 .text.XBAR1_IRQ_0_1_IRQHandler
                0x60009c04        0x8 ./startup/startup_mimxrt1021.o
                0x60009c04                XBAR1_IRQ_0_1_IRQHandler
 .text.XBAR1_IRQ_2_3_IRQHandler
                0x60009c0c        0x8 ./startup/startup_mimxrt1021.o
                0x60009c0c                XBAR1_IRQ_2_3_IRQHandler
 .text.ADC_ETC_IRQ0_IRQHandler
                0x60009c14        0x8 ./startup/startup_mimxrt1021.o
                0x60009c14                ADC_ETC_IRQ0_IRQHandler
 .text.ADC_ETC_IRQ1_IRQHandler
                0x60009c1c        0x8 ./startup/startup_mimxrt1021.o
                0x60009c1c                ADC_ETC_IRQ1_IRQHandler
 .text.ADC_ETC_IRQ2_IRQHandler
                0x60009c24        0x8 ./startup/startup_mimxrt1021.o
                0x60009c24                ADC_ETC_IRQ2_IRQHandler
 .text.ADC_ETC_ERROR_IRQ_IRQHandler
                0x60009c2c        0x8 ./startup/startup_mimxrt1021.o
                0x60009c2c                ADC_ETC_ERROR_IRQ_IRQHandler
 .text.PIT_IRQHandler
                0x60009c34        0x8 ./startup/startup_mimxrt1021.o
                0x60009c34                PIT_IRQHandler
 .text.ACMP1_IRQHandler
                0x60009c3c        0x8 ./startup/startup_mimxrt1021.o
                0x60009c3c                ACMP1_IRQHandler
 .text.ACMP2_IRQHandler
                0x60009c44        0x8 ./startup/startup_mimxrt1021.o
                0x60009c44                ACMP2_IRQHandler
 .text.ACMP3_IRQHandler
                0x60009c4c        0x8 ./startup/startup_mimxrt1021.o
                0x60009c4c                ACMP3_IRQHandler
 .text.ACMP4_IRQHandler
                0x60009c54        0x8 ./startup/startup_mimxrt1021.o
                0x60009c54                ACMP4_IRQHandler
 .text.Reserved143_IRQHandler
                0x60009c5c        0x8 ./startup/startup_mimxrt1021.o
                0x60009c5c                Reserved143_IRQHandler
 .text.Reserved144_IRQHandler
                0x60009c64        0x8 ./startup/startup_mimxrt1021.o
                0x60009c64                Reserved144_IRQHandler
 .text.ENC1_IRQHandler
                0x60009c6c        0x8 ./startup/startup_mimxrt1021.o
                0x60009c6c                ENC1_IRQHandler
 .text.ENC2_IRQHandler
                0x60009c74        0x8 ./startup/startup_mimxrt1021.o
                0x60009c74                ENC2_IRQHandler
 .text.Reserved147_IRQHandler
                0x60009c7c        0x8 ./startup/startup_mimxrt1021.o
                0x60009c7c                Reserved147_IRQHandler
 .text.Reserved148_IRQHandler
                0x60009c84        0x8 ./startup/startup_mimxrt1021.o
                0x60009c84                Reserved148_IRQHandler
 .text.TMR1_IRQHandler
                0x60009c8c        0x8 ./startup/startup_mimxrt1021.o
                0x60009c8c                TMR1_IRQHandler
 .text.TMR2_IRQHandler
                0x60009c94        0x8 ./startup/startup_mimxrt1021.o
                0x60009c94                TMR2_IRQHandler
 .text.Reserved151_IRQHandler
                0x60009c9c        0x8 ./startup/startup_mimxrt1021.o
                0x60009c9c                Reserved151_IRQHandler
 .text.Reserved152_IRQHandler
                0x60009ca4        0x8 ./startup/startup_mimxrt1021.o
                0x60009ca4                Reserved152_IRQHandler
 .text.PWM2_0_IRQHandler
                0x60009cac        0x8 ./startup/startup_mimxrt1021.o
                0x60009cac                PWM2_0_IRQHandler
 .text.PWM2_1_IRQHandler
                0x60009cb4        0x8 ./startup/startup_mimxrt1021.o
                0x60009cb4                PWM2_1_IRQHandler
 .text.PWM2_2_IRQHandler
                0x60009cbc        0x8 ./startup/startup_mimxrt1021.o
                0x60009cbc                PWM2_2_IRQHandler
 .text.PWM2_3_IRQHandler
                0x60009cc4        0x8 ./startup/startup_mimxrt1021.o
                0x60009cc4                PWM2_3_IRQHandler
 .text.PWM2_FAULT_IRQHandler
                0x60009ccc        0x8 ./startup/startup_mimxrt1021.o
                0x60009ccc                PWM2_FAULT_IRQHandler
 .text.lcd_init
                0x60009cd4      0x238 ./source/lcd.o
                0x60009cd4                lcd_init
 .text.lcd_writeAddr
                0x60009f0c       0x70 ./source/lcd.o
                0x60009f0c                lcd_writeAddr
 .text.convert  0x60009f7c       0x3c ./source/lcd.o
                0x60009f7c                convert
 .text.lcd_setPointColor
                0x60009fb8       0x36 ./source/lcd.o
                0x60009fb8                lcd_setPointColor
 .text.lcd_screen
                0x60009fee       0x54 ./source/lcd.o
                0x60009fee                lcd_screen
 .text.GPIO_PortSet
                0x6000a042       0x1e ./source/resistence.o
 .text.GPIO_PortClear
                0x6000a060       0x1e ./source/resistence.o
 .text.Resistence_Status
                0x6000a07e       0x22 ./source/resistence.o
                0x6000a07e                Resistence_Status
 .text.HardFault_Handler
                0x6000a0a0       0x36 ./source/semihost_hardfault.o
                0x6000a0a0                HardFault_Handler
 .text.SHT30_reset
                0x6000a0d6       0x10 ./source/sht30.o
                0x6000a0d6                SHT30_reset
 .text.SHT30_Init
                0x6000a0e6       0x12 ./source/sht30.o
                0x6000a0e6                SHT30_Init
 .text.CheckCrc8
                0x6000a0f8       0x76 ./source/sht30.o
                0x6000a0f8                CheckCrc8
 .text.ui_init  0x6000a16e       0x1c ./source/ui.o
                0x6000a16e                ui_init
 .text.ui_label
                0x6000a18a       0x42 ./source/ui.o
                0x6000a18a                ui_label
 .text.ui_solidScreen
                0x6000a1cc       0x1a ./source/ui.o
                0x6000a1cc                ui_solidScreen
 .text.CLOCK_GetRtcFreq
                0x6000a1e6       0x12 ./drivers/fsl_clock.o
 .text.CLOCK_IsPllBypassed
                0x6000a1f8       0x32 ./drivers/fsl_clock.o
 .text.CLOCK_IsPllEnabled
                0x6000a22a       0x3c ./drivers/fsl_clock.o
 .text.CLOCK_GetPllBypassRefClk
                0x6000a266       0x34 ./drivers/fsl_clock.o
 .text.DelayLoop
                0x6000a29a       0x20 ./drivers/fsl_common_arm.o
 .text._SDK_AtomicLocalClearAndSet4Byte
                0x6000a2ba       0x50 ./drivers/fsl_flexspi.o
 .text.CLOCK_EnableClock
                0x6000a30a       0x1e ./drivers/fsl_flexspi.o
 .text.FLEXSPI_SoftwareReset
                0x6000a328       0x30 ./drivers/fsl_flexspi.o
 .text._SDK_AtomicLocalClearAndSet4Byte
                0x6000a358       0x50 ./drivers/fsl_gpio.o
 .text.CLOCK_EnableClock
                0x6000a3a8       0x1e ./drivers/fsl_gpio.o
 .text.GPIO_SetPinInterruptConfig
                0x6000a3c6       0x22 ./drivers/fsl_gpio.o
 .text._SDK_AtomicLocalClearAndSet4Byte
                0x6000a3e8       0x50 ./drivers/fsl_lpi2c.o
 .text.CLOCK_EnableClock
                0x6000a438       0x1e ./drivers/fsl_lpi2c.o
 .text.EnableIRQ
                0x6000a456       0x32 ./drivers/fsl_lpi2c.o
 .text.LPI2C_MasterReset
                0x6000a488       0x20 ./drivers/fsl_lpi2c.o
 .text.LPI2C_MasterEnable
                0x6000a4a8       0x28 ./drivers/fsl_lpi2c.o
 .text.LPI2C_MasterGetStatusFlags
                0x6000a4d0       0x18 ./drivers/fsl_lpi2c.o
 .text.LPI2C_MasterClearStatusFlags
                0x6000a4e8       0x1c ./drivers/fsl_lpi2c.o
 .text.LPI2C_MasterDisableInterrupts
                0x6000a504       0x24 ./drivers/fsl_lpi2c.o
 .text.LPI2C_MasterSetWatermarks
                0x6000a528       0x2c ./drivers/fsl_lpi2c.o
 .text.LPI2C_MasterGetFifoCounts
                0x6000a554       0x3e ./drivers/fsl_lpi2c.o
 .text.LPI2C_MasterCheckAndClearError
                0x6000a592       0x9c ./drivers/fsl_lpi2c.o
                0x6000a592                LPI2C_MasterCheckAndClearError
 .text._SDK_AtomicLocalClearAndSet4Byte
                0x6000a62e       0x50 ./drivers/fsl_lpspi.o
 .text.CLOCK_EnableClock
                0x6000a67e       0x1e ./drivers/fsl_lpspi.o
 .text.EnableIRQ
                0x6000a69c       0x32 ./drivers/fsl_lpspi.o
 .text.LPSPI_Enable
                0x6000a6ce       0x38 ./drivers/fsl_lpspi.o
 .text.LPSPI_GetStatusFlags
                0x6000a706       0x18 ./drivers/fsl_lpspi.o
 .text.LPSPI_GetRxFifoSize
                0x6000a71e       0x24 ./drivers/fsl_lpspi.o
 .text.LPSPI_GetTxFifoCount
                0x6000a742       0x1c ./drivers/fsl_lpspi.o
 .text.LPSPI_GetRxFifoCount
                0x6000a75e       0x1e ./drivers/fsl_lpspi.o
 .text.LPSPI_ClearStatusFlags
                0x6000a77c       0x1c ./drivers/fsl_lpspi.o
 .text.LPSPI_EnableInterrupts
                0x6000a798       0x22 ./drivers/fsl_lpspi.o
 .text.LPSPI_DisableInterrupts
                0x6000a7ba       0x24 ./drivers/fsl_lpspi.o
 .text.LPSPI_SetMasterSlaveMode
                0x6000a7de       0x2c ./drivers/fsl_lpspi.o
 .text.LPSPI_IsMaster
                0x6000a80a       0x26 ./drivers/fsl_lpspi.o
 .text.LPSPI_FlushFifo
                0x6000a830       0x30 ./drivers/fsl_lpspi.o
 .text.LPSPI_SetFifoWatermarks
                0x6000a860       0x2c ./drivers/fsl_lpspi.o
 .text.LPSPI_WriteData
                0x6000a88c       0x1c ./drivers/fsl_lpspi.o
 .text.LPSPI_ReadData
                0x6000a8a8       0x18 ./drivers/fsl_lpspi.o
 .text.LPSPI_SetOnePcsPolarity
                0x6000a8c0       0x44 ./drivers/fsl_lpspi.o
 .text.LPSPI_WaitTxFifoEmpty
                0x6000a904       0x22 ./drivers/fsl_lpspi.o
                0x6000a904                LPSPI_WaitTxFifoEmpty
 .text._SDK_AtomicLocalClearAndSet4Byte
                0x6000a926       0x50 ./drivers/fsl_lpuart.o
 .text.CLOCK_EnableClock
                0x6000a976       0x1e ./drivers/fsl_lpuart.o
 .text.LPUART_SoftwareReset
                0x6000a994       0x2c ./drivers/fsl_lpuart.o
 .text._SDK_AtomicLocalClearAndSet4Byte
                0x6000a9c0       0x50 ./drivers/fsl_semc.o
 .text.CLOCK_EnableClock
                0x6000aa10       0x1e ./drivers/fsl_semc.o
 .text.SEMC_IsIPCommandDone
                0x6000aa2e       0x52 ./drivers/fsl_semc.o
 .text.SystemInitHook
                0x6000aa80        0xe ./device/system_MIMXRT1021.o
                0x6000aa80                SystemInitHook
 .text.HAL_UartGetStatus
                0x6000aa8e       0x28 ./component/uart/fsl_adapter_lpuart.o
 .text.DisableGlobalIRQ
                0x6000aab6       0x22 ./component/serial_manager/fsl_component_serial_manager.o
 .text.EnableGlobalIRQ
                0x6000aad8       0x20 ./component/serial_manager/fsl_component_serial_manager.o
 .text.SerialManager_StartWriting
                0x6000aaf8       0x38 ./component/serial_manager/fsl_component_serial_manager.o
 .text.SerialManager_Write
                0x6000ab30       0x44 ./component/serial_manager/fsl_component_serial_manager.o
 .text.SerialManager_Init
                0x6000ab74       0x60 ./component/serial_manager/fsl_component_serial_manager.o
                0x6000ab74                SerialManager_Init
 .text.SerialManager_OpenWriteHandle
                0x6000abd4       0x50 ./component/serial_manager/fsl_component_serial_manager.o
                0x6000abd4                SerialManager_OpenWriteHandle
 .text.SerialManager_OpenReadHandle
                0x6000ac24       0x60 ./component/serial_manager/fsl_component_serial_manager.o
                0x6000ac24                SerialManager_OpenReadHandle
 .text.SerialManager_WriteBlocking
                0x6000ac84       0x20 ./component/serial_manager/fsl_component_serial_manager.o
                0x6000ac84                SerialManager_WriteBlocking
 .text.Serial_UartInit
                0x6000aca4       0x3e ./component/serial_manager/fsl_component_serial_port_uart.o
                0x6000aca4                Serial_UartInit
 .text.Serial_UartWrite
                0x6000ace2       0x38 ./component/serial_manager/fsl_component_serial_port_uart.o
                0x6000ace2                Serial_UartWrite
 .text.BOARD_InitDebugConsole
                0x6000ad1a       0x22 ./board/board.o
                0x6000ad1a                BOARD_InitDebugConsole
 .text._SDK_AtomicLocalClearAndSet4Byte
                0x6000ad3c       0x50 ./board/clock_config.o
 .text.CLOCK_DisableClock
                0x6000ad8c       0x1e ./board/clock_config.o
 .text.CLOCK_SetPllBypass
                0x6000adaa       0x4e ./board/clock_config.o
 .text.IOMUXC_SetSaiMClkClockSource
                0x6000adf8       0x6c ./board/clock_config.o
 .text.BOARD_InitBootClocks
                0x6000ae64        0xc ./board/clock_config.o
                0x6000ae64                BOARD_InitBootClocks
 .text.BOARD_InitPeripherals
                0x6000ae70       0x18 ./board/peripherals.o
                0x6000ae70                BOARD_InitPeripherals
 .text.BOARD_InitBootPeripherals
                0x6000ae88        0xc ./board/peripherals.o
                0x6000ae88                BOARD_InitBootPeripherals
 .text._SDK_AtomicLocalClearAndSet4Byte
                0x6000ae94       0x50 ./board/pin_mux.o
 .text.CLOCK_EnableClock
                0x6000aee4       0x1e ./board/pin_mux.o
 .text.IOMUXC_SetPinMux
                0x6000af02       0x3a ./board/pin_mux.o
 .text.BOARD_InitBootPins
                0x6000af3c       0x10 ./board/pin_mux.o
                0x6000af3c                BOARD_InitBootPins
 .text.__main   0x6000af4c        0xe c:/nxp/mcuxpressoide_11.9.0_2144/ide/plugins/com.nxp.mcuxpresso.tools.win32_11.9.0.202307121226/tools/bin/../lib/gcc/arm-none-eabi/12.3.1/../../../../arm-none-eabi/lib/thumb/v7e-m+fp/softfp\libcr_nohost_nf.a(_cr__main.o)
                0x6000af4c                __main
 .text.memcpy   0x6000af5a        0x4 c:/nxp/mcuxpressoide_11.9.0_2144/ide/plugins/com.nxp.mcuxpresso.tools.win32_11.9.0.202307121226/tools/bin/../lib/gcc/arm-none-eabi/12.3.1/../../../../arm-none-eabi/lib/thumb/v7e-m+fp/softfp\libcr_c.a(memcpy.o)
                0x6000af5a                memcpy
 .text.memset   0x6000af5e        0x4 c:/nxp/mcuxpressoide_11.9.0_2144/ide/plugins/com.nxp.mcuxpresso.tools.win32_11.9.0.202307121226/tools/bin/../lib/gcc/arm-none-eabi/12.3.1/../../../../arm-none-eabi/lib/thumb/v7e-m+fp/softfp\libcr_c.a(memset.o)
                0x6000af5e                memset
 .text.free     0x6000af62       0x30 c:/nxp/mcuxpressoide_11.9.0_2144/ide/plugins/com.nxp.mcuxpresso.tools.win32_11.9.0.202307121226/tools/bin/../lib/gcc/arm-none-eabi/12.3.1/../../../../arm-none-eabi/lib/thumb/v7e-m+fp/softfp\libcr_c.a(alloc.o)
                0x6000af62                free
 .text.no_fp_display
                0x6000af92        0x4 c:/nxp/mcuxpressoide_11.9.0_2144/ide/plugins/com.nxp.mcuxpresso.tools.win32_11.9.0.202307121226/tools/bin/../lib/gcc/arm-none-eabi/12.3.1/../../../../arm-none-eabi/lib/thumb/v7e-m+fp/softfp\libcr_c.a(printf.o)
 .text.setvbuf  0x6000af96       0x3e c:/nxp/mcuxpressoide_11.9.0_2144/ide/plugins/com.nxp.mcuxpresso.tools.win32_11.9.0.202307121226/tools/bin/../lib/gcc/arm-none-eabi/12.3.1/../../../../arm-none-eabi/lib/thumb/v7e-m+fp/softfp\libcr_c.a(setvbuf.o)
                0x6000af96                setvbuf
 .text.strlen   0x6000afd4       0x4e c:/nxp/mcuxpressoide_11.9.0_2144/ide/plugins/com.nxp.mcuxpresso.tools.win32_11.9.0.202307121226/tools/bin/../lib/gcc/arm-none-eabi/12.3.1/../../../../arm-none-eabi/lib/thumb/v7e-m+fp/softfp\libcr_c.a(strlen.o)
                0x6000afd4                strlen
 .text._deferredlazyseek
                0x6000b022       0x40 c:/nxp/mcuxpressoide_11.9.0_2144/ide/plugins/com.nxp.mcuxpresso.tools.win32_11.9.0.202307121226/tools/bin/../lib/gcc/arm-none-eabi/12.3.1/../../../../arm-none-eabi/lib/thumb/v7e-m+fp/softfp\libcr_c.a(_deferredlazyseek.o)
                0x6000b022                _deferredlazyseek
 .text.__flsbuf
                0x6000b062      0x140 c:/nxp/mcuxpressoide_11.9.0_2144/ide/plugins/com.nxp.mcuxpresso.tools.win32_11.9.0.202307121226/tools/bin/../lib/gcc/arm-none-eabi/12.3.1/../../../../arm-none-eabi/lib/thumb/v7e-m+fp/softfp\libcr_c.a(_deferredlazyseek.o)
                0x6000b062                __flsbuf
 .text._fdopen  0x6000b1a2       0x68 c:/nxp/mcuxpressoide_11.9.0_2144/ide/plugins/com.nxp.mcuxpresso.tools.win32_11.9.0.202307121226/tools/bin/../lib/gcc/arm-none-eabi/12.3.1/../../../../arm-none-eabi/lib/thumb/v7e-m+fp/softfp\libcr_c.a(_fdopen.o)
                0x6000b1a2                _fdopen
 .text._fflush  0x6000b20a       0x52 c:/nxp/mcuxpressoide_11.9.0_2144/ide/plugins/com.nxp.mcuxpresso.tools.win32_11.9.0.202307121226/tools/bin/../lib/gcc/arm-none-eabi/12.3.1/../../../../arm-none-eabi/lib/thumb/v7e-m+fp/softfp\libcr_c.a(_fflush.o)
                0x6000b20a                _fflush
 .text.fclose   0x6000b25c       0x58 c:/nxp/mcuxpressoide_11.9.0_2144/ide/plugins/com.nxp.mcuxpresso.tools.win32_11.9.0.202307121226/tools/bin/../lib/gcc/arm-none-eabi/12.3.1/../../../../arm-none-eabi/lib/thumb/v7e-m+fp/softfp\libcr_c.a(fclose.o)
                0x6000b25c                fclose
 .text.remove   0x6000b2b4       0x14 c:/nxp/mcuxpressoide_11.9.0_2144/ide/plugins/com.nxp.mcuxpresso.tools.win32_11.9.0.202307121226/tools/bin/../lib/gcc/arm-none-eabi/12.3.1/../../../../arm-none-eabi/lib/thumb/v7e-m+fp/softfp\libcr_c.a(remove.o)
                0x6000b2b4                remove
 .text._do_fflush
                0x6000b2c8       0x40 c:/nxp/mcuxpressoide_11.9.0_2144/ide/plugins/com.nxp.mcuxpresso.tools.win32_11.9.0.202307121226/tools/bin/../lib/gcc/arm-none-eabi/12.3.1/../../../../arm-none-eabi/lib/thumb/v7e-m+fp/softfp\libcr_c.a(_do_fflush.o)
                0x6000b2c8                _do_fflush
 .text.__aeabi_division_uldivmod
                0x6000b308      0x174 c:/nxp/mcuxpressoide_11.9.0_2144/ide/plugins/com.nxp.mcuxpresso.tools.win32_11.9.0.202307121226/tools/bin/../lib/gcc/arm-none-eabi/12.3.1/thumb/v7e-m+fp/softfp\libcr_eabihelpers.a(division_64.o)
                0x6000b308                __aeabi_uldivmod
                0x6000b30c                __bhs_ldivmod1
 .text.__aeabi_division_idiv0
                0x6000b47c        0x2 c:/nxp/mcuxpressoide_11.9.0_2144/ide/plugins/com.nxp.mcuxpresso.tools.win32_11.9.0.202307121226/tools/bin/../lib/gcc/arm-none-eabi/12.3.1/thumb/v7e-m+fp/softfp\libcr_eabihelpers.a(division_idiv0.o)
                0x6000b47c                __aeabi_idiv0
 .text.__aeabi_memcpy
                0x6000b47e       0x34 c:/nxp/mcuxpressoide_11.9.0_2144/ide/plugins/com.nxp.mcuxpresso.tools.win32_11.9.0.202307121226/tools/bin/../lib/gcc/arm-none-eabi/12.3.1/thumb/v7e-m+fp/softfp\libcr_eabihelpers.a(memcpy.o)
                0x6000b47e                __aeabi_memcpy
                0x6000b488                __aeabi_memcpy8
                0x6000b488                __aeabi_memcpy4
 .text.__aeabi_memset_lowlevel
                0x6000b4b2       0x32 c:/nxp/mcuxpressoide_11.9.0_2144/ide/plugins/com.nxp.mcuxpresso.tools.win32_11.9.0.202307121226/tools/bin/../lib/gcc/arm-none-eabi/12.3.1/thumb/v7e-m+fp/softfp\libcr_eabihelpers.a(memcpy.o)
                0x6000b4b2                __aeabi_lowlevel_memset
 .text.__sys_appexit
                0x6000b4e4        0x2 c:/nxp/mcuxpressoide_11.9.0_2144/ide/plugins/com.nxp.mcuxpresso.tools.win32_11.9.0.202307121226/tools/bin/../lib/gcc/arm-none-eabi/12.3.1/../../../../arm-none-eabi/lib/thumb/v7e-m+fp/softfp\libcr_nohost_nf.a(__sys_appexit.o)
                0x6000b4e4                __sys_appexit
                0x6000b4e4                __exit
 .text.__sys_close
                0x6000b4e6        0x6 c:/nxp/mcuxpressoide_11.9.0_2144/ide/plugins/com.nxp.mcuxpresso.tools.win32_11.9.0.202307121226/tools/bin/../lib/gcc/arm-none-eabi/12.3.1/../../../../arm-none-eabi/lib/thumb/v7e-m+fp/softfp\libcr_nohost_nf.a(__sys_close.o)
                0x6000b4e6                __sys_close
 .text.__sys_flen
                0x6000b4ec        0x6 c:/nxp/mcuxpressoide_11.9.0_2144/ide/plugins/com.nxp.mcuxpresso.tools.win32_11.9.0.202307121226/tools/bin/../lib/gcc/arm-none-eabi/12.3.1/../../../../arm-none-eabi/lib/thumb/v7e-m+fp/softfp\libcr_nohost_nf.a(__sys_flen.o)
                0x6000b4ec                __sys_flen
 .text.__sys_istty
                0x6000b4f2        0x6 c:/nxp/mcuxpressoide_11.9.0_2144/ide/plugins/com.nxp.mcuxpresso.tools.win32_11.9.0.202307121226/tools/bin/../lib/gcc/arm-none-eabi/12.3.1/../../../../arm-none-eabi/lib/thumb/v7e-m+fp/softfp\libcr_nohost_nf.a(__sys_istty.o)
                0x6000b4f2                __sys_istty
 .text.__sys_remove
                0x6000b4f8        0x6 c:/nxp/mcuxpressoide_11.9.0_2144/ide/plugins/com.nxp.mcuxpresso.tools.win32_11.9.0.202307121226/tools/bin/../lib/gcc/arm-none-eabi/12.3.1/../../../../arm-none-eabi/lib/thumb/v7e-m+fp/softfp\libcr_nohost_nf.a(__sys_remove.o)
                0x6000b4f8                __sys_remove
 .text.__sys_seek
                0x6000b4fe        0x6 c:/nxp/mcuxpressoide_11.9.0_2144/ide/plugins/com.nxp.mcuxpresso.tools.win32_11.9.0.202307121226/tools/bin/../lib/gcc/arm-none-eabi/12.3.1/../../../../arm-none-eabi/lib/thumb/v7e-m+fp/softfp\libcr_nohost_nf.a(__sys_seek.o)
                0x6000b4fe                __sys_seek
 .text.__sys_tmpnam
                0x6000b504        0x6 c:/nxp/mcuxpressoide_11.9.0_2144/ide/plugins/com.nxp.mcuxpresso.tools.win32_11.9.0.202307121226/tools/bin/../lib/gcc/arm-none-eabi/12.3.1/../../../../arm-none-eabi/lib/thumb/v7e-m+fp/softfp\libcr_nohost_nf.a(__sys_tmpnam.o)
                0x6000b504                __sys_tmpnam
 .text.__sys_write
                0x6000b50a        0x4 c:/nxp/mcuxpressoide_11.9.0_2144/ide/plugins/com.nxp.mcuxpresso.tools.win32_11.9.0.202307121226/tools/bin/../lib/gcc/arm-none-eabi/12.3.1/../../../../arm-none-eabi/lib/thumb/v7e-m+fp/softfp\libcr_nohost_nf.a(__sys_write.o)
                0x6000b50a                __sys_write
 *(SORT_BY_ALIGNMENT(.rodata) SORT_BY_ALIGNMENT(.rodata.*) SORT_BY_ALIGNMENT(.constdata) SORT_BY_ALIGNMENT(.constdata.*))
 *fill*         0x6000b50e        0x2 ff
 .rodata.__assertion_failed.str1.4
                0x6000b510       0x14 ./utilities/fsl_assert.o
 .rodata.main.str1.4
                0x6000b524       0xcf ./source/MIMXRT1021_I2C_Test.o
 *fill*         0x6000b5f3        0x1 ff
 .rodata.CLOCK_SetMux.str1.4
                0x6000b5f4       0x8a ./source/lcd.o
 *fill*         0x6000b67e        0x2 ff
 .rodata.CLOCK_SetDiv.str1.4
                0x6000b680       0x8a ./source/lcd.o
 *fill*         0x6000b70a        0x2 ff
 .rodata        0x6000b70c       0x30 ./source/sht30.o
 .rodata.font   0x6000b73c      0x800 ./source/ui.o
                0x6000b73c                font
 .rodata.CLOCK_InitExternalClk.str1.4
                0x6000bf3c       0x21 ./drivers/fsl_clock.o
 *fill*         0x6000bf5d        0x3 ff
 .rodata.CLOCK_GetPllFreq.str1.4
                0x6000bf60       0x30 ./drivers/fsl_clock.o
 .rodata.enetRefClkFreq.0
                0x6000bf90       0x10 ./drivers/fsl_clock.o
 .rodata.SDK_DelayAtLeastUs.str1.4
                0x6000bfa0       0x2b ./drivers/fsl_common_arm.o
 *fill*         0x6000bfcb        0x1 ff
 .rodata.CLOCK_ControlGate.str1.4
                0x6000bfcc       0x20 ./drivers/fsl_flexspi.o
 .rodata.FLEXSPI_GetInstance.str1.4
                0x6000bfec       0x3a ./drivers/fsl_flexspi.o
 .rodata.CLOCK_ControlGate.str1.4
                0x6000c026       0x20 ./drivers/fsl_gpio.o
 *fill*         0x6000c026        0x2 ff
 .rodata.s_gpioBases
                0x6000c028       0x18 ./drivers/fsl_gpio.o
 .rodata.s_gpioClock
                0x6000c040        0xc ./drivers/fsl_gpio.o
 .rodata.GPIO_GetInstance.str1.4
                0x6000c04c       0x33 ./drivers/fsl_gpio.o
 *fill*         0x6000c07f        0x1 ff
 .rodata.GPIO_PinWrite.str1.4
                0x6000c080       0x1b ./drivers/fsl_gpio.o
 .rodata.CLOCK_ControlGate.str1.4
                0x6000c09b       0x20 ./drivers/fsl_lpi2c.o
 *fill*         0x6000c09b        0x1 ff
 .rodata.kLpi2cBases
                0x6000c09c       0x14 ./drivers/fsl_lpi2c.o
 .rodata.kLpi2cIrqs
                0x6000c0b0        0xa ./drivers/fsl_lpi2c.o
                0x6000c0b0                kLpi2cIrqs
 *fill*         0x6000c0ba        0x2 ff
 .rodata.kLpi2cClocks
                0x6000c0bc        0xa ./drivers/fsl_lpi2c.o
 *fill*         0x6000c0c6        0x2 ff
 .rodata.LPI2C_GetInstance.str1.4
                0x6000c0c8       0x35 ./drivers/fsl_lpi2c.o
 *fill*         0x6000c0fd        0x3 ff
 .rodata.LPI2C_GetCyclesForWidth.str1.4
                0x6000c100       0x26 ./drivers/fsl_lpi2c.o
 *fill*         0x6000c126        0x2 ff
 .rodata.LPI2C_MasterTransferCreateHandle.str1.4
                0x6000c128       0x22 ./drivers/fsl_lpi2c.o
 *fill*         0x6000c14a        0x2 ff
 .rodata.LPI2C_TransferStateMachineSendCommand.str1.4
                0x6000c14c       0x27 ./drivers/fsl_lpi2c.o
 *fill*         0x6000c173        0x1 ff
 .rodata.LPI2C_TransferStateMachineReadCommand.str1.4
                0x6000c174       0x27 ./drivers/fsl_lpi2c.o
 *fill*         0x6000c19b        0x1 ff
 .rodata.LPI2C_TransferStateMachineTransferData.str1.4
                0x6000c19c       0x27 ./drivers/fsl_lpi2c.o
 *fill*         0x6000c1c3        0x1 ff
 .rodata.LPI2C_TransferStateMachineStopState.str1.4
                0x6000c1c4       0x27 ./drivers/fsl_lpi2c.o
 *fill*         0x6000c1eb        0x1 ff
 .rodata.LPI2C_TransferStateMachineWaitState.str1.4
                0x6000c1ec       0x27 ./drivers/fsl_lpi2c.o
 *fill*         0x6000c213        0x1 ff
 .rodata.LPI2C_RunTransferStateMachine.str1.4
                0x6000c214       0x5d ./drivers/fsl_lpi2c.o
 *fill*         0x6000c271        0x3 ff
 .rodata.LPI2C_MasterTransferHandleIRQ.str1.4
                0x6000c274       0x2d ./drivers/fsl_lpi2c.o
 .rodata.CLOCK_ControlGate.str1.4
                0x6000c2a1       0x20 ./drivers/fsl_lpspi.o
 *fill*         0x6000c2a1        0x3 ff
 .rodata.s_baudratePrescaler
                0x6000c2a4        0x8 ./drivers/fsl_lpspi.o
 .rodata.s_lpspiBases
                0x6000c2ac       0x14 ./drivers/fsl_lpspi.o
 .rodata.s_lpspiIRQ
                0x6000c2c0        0xa ./drivers/fsl_lpspi.o
 *fill*         0x6000c2ca        0x2 ff
 .rodata.s_lpspiClocks
                0x6000c2cc        0xa ./drivers/fsl_lpspi.o
 *fill*         0x6000c2d6        0x2 ff
 .rodata.LPSPI_GetInstance.str1.4
                0x6000c2d8       0x36 ./drivers/fsl_lpspi.o
 *fill*         0x6000c30e        0x2 ff
 .rodata.LPSPI_MasterInit.str1.4
                0x6000c310       0x27 ./drivers/fsl_lpspi.o
 *fill*         0x6000c337        0x1 ff
 .rodata.LPSPI_MasterGetDefaultConfig.str1.4
                0x6000c338       0x27 ./drivers/fsl_lpspi.o
 *fill*         0x6000c35f        0x1 ff
 .rodata.LPSPI_MasterSetBaudRate.str1.4
                0x6000c360       0x2b ./drivers/fsl_lpspi.o
 *fill*         0x6000c38b        0x1 ff
 .rodata.LPSPI_MasterSetDelayScaler.str1.4
                0x6000c38c       0x18 ./drivers/fsl_lpspi.o
 .rodata.LPSPI_MasterTransferCreateHandle.str1.4
                0x6000c3a4       0x21 ./drivers/fsl_lpspi.o
 *fill*         0x6000c3c5        0x3 ff
 .rodata.LPSPI_CheckTransferArgument.str1.4
                0x6000c3c8       0x23 ./drivers/fsl_lpspi.o
 *fill*         0x6000c3eb        0x1 ff
 .rodata.LPSPI_MasterTransferNonBlocking.str1.4
                0x6000c3ec       0x48 ./drivers/fsl_lpspi.o
 .rodata.LPSPI_MasterTransferFillUpTxFifo.str1.4
                0x6000c434       0x22 ./drivers/fsl_lpspi.o
 *fill*         0x6000c456        0x2 ff
 .rodata.LPSPI_MasterTransferComplete.str1.4
                0x6000c458       0x22 ./drivers/fsl_lpspi.o
 *fill*         0x6000c47a        0x2 ff
 .rodata.LPSPI_MasterTransferHandleIRQ.str1.4
                0x6000c47c       0x22 ./drivers/fsl_lpspi.o
 *fill*         0x6000c49e        0x2 ff
 .rodata.LPSPI_CombineWriteData.str1.4
                0x6000c4a0       0x3d ./drivers/fsl_lpspi.o
 *fill*         0x6000c4dd        0x3 ff
 .rodata.LPSPI_SeparateReadData.str1.4
                0x6000c4e0       0x3d ./drivers/fsl_lpspi.o
 *fill*         0x6000c51d        0x3 ff
 .rodata.LPSPI1_DriverIRQHandler.str1.4
                0x6000c520       0x2c ./drivers/fsl_lpspi.o
 .rodata.LPSPI2_DriverIRQHandler.str1.4
                0x6000c54c       0x2c ./drivers/fsl_lpspi.o
 .rodata.LPSPI3_DriverIRQHandler.str1.4
                0x6000c578       0x2c ./drivers/fsl_lpspi.o
 .rodata.LPSPI4_DriverIRQHandler.str1.4
                0x6000c5a4       0x2c ./drivers/fsl_lpspi.o
 .rodata.CLOCK_ControlGate.str1.4
                0x6000c5d0       0x20 ./drivers/fsl_lpuart.o
 .rodata.s_lpuartBases
                0x6000c5d0       0x24 ./drivers/fsl_lpuart.o
 .rodata.s_lpuartClock
                0x6000c5f4       0x12 ./drivers/fsl_lpuart.o
 *fill*         0x6000c606        0x2 ff
 .rodata.LPUART_GetInstance.str1.4
                0x6000c608       0x38 ./drivers/fsl_lpuart.o
 .rodata.LPUART_Init.str1.4
                0x6000c640      0x10a ./drivers/fsl_lpuart.o
 *fill*         0x6000c74a        0x2 ff
 .rodata.LPUART_GetDefaultConfig.str1.4
                0x6000c74c       0x22 ./drivers/fsl_lpuart.o
 *fill*         0x6000c76e        0x2 ff
 .rodata.LPUART_WriteBlocking.str1.4
                0x6000c770       0x21 ./drivers/fsl_lpuart.o
 .rodata.CLOCK_ControlGate.str1.4
                0x6000c791       0x20 ./drivers/fsl_semc.o
 *fill*         0x6000c791        0x3 ff
 .rodata.SEMC_GetInstance.str1.4
                0x6000c794       0x34 ./drivers/fsl_semc.o
 .rodata.SEMC_CovertMemorySize.str1.4
                0x6000c7c8       0x27 ./drivers/fsl_semc.o
 *fill*         0x6000c7ef        0x1 ff
 .rodata.SEMC_ConvertTiming.str1.4
                0x6000c7f0       0x24 ./drivers/fsl_semc.o
 .rodata.SEMC_Init.str1.4
                0x6000c814       0x23 ./drivers/fsl_semc.o
 *fill*         0x6000c837        0x1 ff
 .rodata.SEMC_ConfigureSDRAM.str1.4
                0x6000c838       0x75 ./drivers/fsl_semc.o
 *fill*         0x6000c8ad        0x3 ff
 .rodata.SEMC_SendIPCommand.str1.4
                0x6000c8b0       0x18 ./drivers/fsl_semc.o
 .rodata.s_LpuartAdapterBase
                0x6000c8c8       0x24 ./component/uart/fsl_adapter_lpuart.o
 .rodata.HAL_UartInit.str1.4
                0x6000c8ec      0x116 ./component/uart/fsl_adapter_lpuart.o
 *fill*         0x6000ca02        0x2 ff
 .rodata.HAL_UartSendBlocking.str1.4
                0x6000ca04       0x7b ./component/uart/fsl_adapter_lpuart.o
 *fill*         0x6000ca7f        0x1 ff
 .rodata.BOARD_ConfigMPU.str1.4
                0x6000ca80       0x69 ./board/board.o
 .rodata.CLOCK_SetMux.str1.4
                0x6000cae9       0x8a ./board/clock_config.o
 .rodata.CLOCK_SetDiv.str1.4
                0x6000cae9       0x8a ./board/clock_config.o
 *fill*         0x6000cae9        0x3 ff
 .rodata.CLOCK_ControlGate.str1.4
                0x6000caec       0x79 ./board/clock_config.o
 *fill*         0x6000cb65        0x3 ff
 .rodata.sysPllConfig_BOARD_BootClockRUN
                0x6000cb68       0x14 ./board/clock_config.o
                0x6000cb68                sysPllConfig_BOARD_BootClockRUN
 .rodata.enetPllConfig_BOARD_BootClockRUN
                0x6000cb7c        0x5 ./board/clock_config.o
                0x6000cb7c                enetPllConfig_BOARD_BootClockRUN
 *fill*         0x6000cb81        0x3 ff
 .rodata.LPSPI1_config
                0x6000cb84       0x20 ./board/peripherals.o
                0x6000cb84                LPSPI1_config
 .rodata.FLEXSPI_config
                0x6000cba4       0x34 ./board/peripherals.o
                0x6000cba4                FLEXSPI_config
 .rodata.LPI2C1_2_masterConfig
                0x6000cbd8       0x1c ./board/peripherals.o
                0x6000cbd8                LPI2C1_2_masterConfig
 .rodata.CLOCK_ControlGate.str1.4
                0x6000cbf4       0x79 ./board/pin_mux.o
 .rodata.__num_Ciob_streams
                0x6000cbf4        0x4 c:/nxp/mcuxpressoide_11.9.0_2144/ide/plugins/com.nxp.mcuxpresso.tools.win32_11.9.0.202307121226/tools/bin/../lib/gcc/arm-none-eabi/12.3.1/../../../../arm-none-eabi/lib/thumb/v7e-m+fp/softfp\libcr_nohost_nf.a(__ciob.o)
                0x6000cbf4                __num_Ciob_streams
 .rodata._Csys_alloc.str1.1
                0x6000cbf8       0x18 c:/nxp/mcuxpressoide_11.9.0_2144/ide/plugins/com.nxp.mcuxpresso.tools.win32_11.9.0.202307121226/tools/bin/../lib/gcc/arm-none-eabi/12.3.1/../../../../arm-none-eabi/lib/thumb/v7e-m+fp/softfp\libcr_c.a(alloc.o)
 .rodata._initio.str1.1
                0x6000cc10        0x4 c:/nxp/mcuxpressoide_11.9.0_2144/ide/plugins/com.nxp.mcuxpresso.tools.win32_11.9.0.202307121226/tools/bin/../lib/gcc/arm-none-eabi/12.3.1/../../../../arm-none-eabi/lib/thumb/v7e-m+fp/softfp\libcr_c.a(initio.o)
 .rodata.__vfprintf.str1.1
                0x6000cc14       0x37 c:/nxp/mcuxpressoide_11.9.0_2144/ide/plugins/com.nxp.mcuxpresso.tools.win32_11.9.0.202307121226/tools/bin/../lib/gcc/arm-none-eabi/12.3.1/../../../../arm-none-eabi/lib/thumb/v7e-m+fp/softfp\libcr_c.a(printf.o)
                                 0x38 (size before relaxing)
                0x6000cc70                        . = ALIGN (0x4)
 *fill*         0x6000cc4b        0x1 ff

.glue_7         0x6000cc4c        0x0
 .glue_7        0x6000cc4c        0x0 linker stubs

.glue_7t        0x6000cc4c        0x0
 .glue_7t       0x6000cc4c        0x0 linker stubs

.vfp11_veneer   0x6000cc4c        0x0
 .vfp11_veneer  0x6000cc4c        0x0 linker stubs

.v4_bx          0x6000cc4c        0x0
 .v4_bx         0x6000cc4c        0x0 linker stubs

.iplt           0x6000cc4c        0x0
 .iplt          0x6000cc4c        0x0 ./xip/fsl_flexspi_nor_boot.o

.rel.dyn        0x6000cc4c        0x0
 .rel.iplt      0x6000cc4c        0x0 ./xip/fsl_flexspi_nor_boot.o

.ARM.extab
 *(SORT_BY_ALIGNMENT(.ARM.extab*) SORT_BY_ALIGNMENT(.gnu.linkonce.armextab.*))

.ARM.exidx      0x6000cc4c        0x0
                0x6000cc4c                        __exidx_start = .
 *(SORT_BY_ALIGNMENT(.ARM.exidx*) SORT_BY_ALIGNMENT(.gnu.linkonce.armexidx.*))
                0x6000cc4c                        __exidx_end = .
                0x6000cc4c                        _etext = .

.data_RAM2      0x00000000        0x0 load address 0x6000cc4c
 FILL mask 0xff
                [!provide]                        PROVIDE (__start_data_RAM2 = .)
                [!provide]                        PROVIDE (__start_data_SRAM_ITC = .)
 *(SORT_BY_ALIGNMENT(.ramfunc.$RAM2))
 *(SORT_BY_ALIGNMENT(.ramfunc.$SRAM_ITC))
 *(SORT_BY_ALIGNMENT(.data.$RAM2))
 *(SORT_BY_ALIGNMENT(.data.$SRAM_ITC))
 *(SORT_BY_ALIGNMENT(.data.$RAM2.*))
 *(SORT_BY_ALIGNMENT(.data.$SRAM_ITC.*))
                0x00000000                        . = ALIGN (0x4)
                [!provide]                        PROVIDE (__end_data_RAM2 = .)
                [!provide]                        PROVIDE (__end_data_SRAM_ITC = .)

.data_RAM3      0x20200000        0x0 load address 0x6000cc4c
 FILL mask 0xff