Archive member included to satisfy reference by file (symbol)

c:/nxp/mcuxpressoide_11.9.0_2144/ide/plugins/com.nxp.mcuxpresso.tools.win32_11.9.0.202307121226/tools/bin/../lib/gcc/arm-none-eabi/12.3.1/../../../../arm-none-eabi/lib/thumb/v7e-m+fp/softfp\libcr_nohost_nf.a(_cr__main.o)
                              ./startup/startup_mimxrt1021.o (__main)
c:/nxp/mcuxpressoide_11.9.0_2144/ide/plugins/com.nxp.mcuxpresso.tools.win32_11.9.0.202307121226/tools/bin/../lib/gcc/arm-none-eabi/12.3.1/../../../../arm-none-eabi/lib/thumb/v7e-m+fp/softfp\libcr_c.a(memcpy.o)
                              ./utilities/fsl_str.o (memcpy)
c:/nxp/mcuxpressoide_11.9.0_2144/ide/plugins/com.nxp.mcuxpresso.tools.win32_11.9.0.202307121226/tools/bin/../lib/gcc/arm-none-eabi/12.3.1/../../../../arm-none-eabi/lib/thumb/v7e-m+fp/softfp\libcr_c.a(memset.o)
                              ./utilities/fsl_debug_console.o (memset)
c:/nxp/mcuxpressoide_11.9.0_2144/ide/plugins/com.nxp.mcuxpresso.tools.win32_11.9.0.202307121226/tools/bin/../lib/gcc/arm-none-eabi/12.3.1/../../../../arm-none-eabi/lib/thumb/v7e-m+fp/softfp\libcr_c.a(alloc.o)
                              ./drivers/fsl_common.o (malloc)
c:/nxp/mcuxpressoide_11.9.0_2144/ide/plugins/com.nxp.mcuxpresso.tools.win32_11.9.0.202307121226/tools/bin/../lib/gcc/arm-none-eabi/12.3.1/../../../../arm-none-eabi/lib/thumb/v7e-m+fp/softfp\libcr_c.a(errno.o)
                              ./utilities/fsl_str.o (errno)
c:/nxp/mcuxpressoide_11.9.0_2144/ide/plugins/com.nxp.mcuxpresso.tools.win32_11.9.0.202307121226/tools/bin/../lib/gcc/arm-none-eabi/12.3.1/../../../../arm-none-eabi/lib/thumb/v7e-m+fp/softfp\libcr_c.a(initio.o)
                              c:/nxp/mcuxpressoide_11.9.0_2144/ide/plugins/com.nxp.mcuxpresso.tools.win32_11.9.0.202307121226/tools/bin/../lib/gcc/arm-none-eabi/12.3.1/../../../../arm-none-eabi/lib/thumb/v7e-m+fp/softfp\libcr_nohost_nf.a(_cr__main.o) (_initio)
c:/nxp/mcuxpressoide_11.9.0_2144/ide/plugins/com.nxp.mcuxpresso.tools.win32_11.9.0.202307121226/tools/bin/../lib/gcc/arm-none-eabi/12.3.1/../../../../arm-none-eabi/lib/thumb/v7e-m+fp/softfp\libcr_c.a(printf.o)
                              ./source/MIMXRT1021_I2C_Test.o (_printf)
c:/nxp/mcuxpressoide_11.9.0_2144/ide/plugins/com.nxp.mcuxpresso.tools.win32_11.9.0.202307121226/tools/bin/../lib/gcc/arm-none-eabi/12.3.1/../../../../arm-none-eabi/lib/thumb/v7e-m+fp/softfp\libcr_c.a(scanf.o)
                              ./utilities/fsl_str.o (strtoul)
c:/nxp/mcuxpressoide_11.9.0_2144/ide/plugins/com.nxp.mcuxpresso.tools.win32_11.9.0.202307121226/tools/bin/../lib/gcc/arm-none-eabi/12.3.1/../../../../arm-none-eabi/lib/thumb/v7e-m+fp/softfp\libcr_c.a(setvbuf.o)
                              c:/nxp/mcuxpressoide_11.9.0_2144/ide/plugins/com.nxp.mcuxpresso.tools.win32_11.9.0.202307121226/tools/bin/../lib/gcc/arm-none-eabi/12.3.1/../../../../arm-none-eabi/lib/thumb/v7e-m+fp/softfp\libcr_c.a(initio.o) (setvbuf)
c:/nxp/mcuxpressoide_11.9.0_2144/ide/plugins/com.nxp.mcuxpresso.tools.win32_11.9.0.202307121226/tools/bin/../lib/gcc/arm-none-eabi/12.3.1/../../../../arm-none-eabi/lib/thumb/v7e-m+fp/softfp\libcr_c.a(strlen.o)
                              ./utilities/fsl_str.o (strlen)
c:/nxp/mcuxpressoide_11.9.0_2144/ide/plugins/com.nxp.mcuxpresso.tools.win32_11.9.0.202307121226/tools/bin/../lib/gcc/arm-none-eabi/12.3.1/../../../../arm-none-eabi/lib/thumb/v7e-m+fp/softfp\libcr_c.a(ungetc.o)
                              c:/nxp/mcuxpressoide_11.9.0_2144/ide/plugins/com.nxp.mcuxpresso.tools.win32_11.9.0.202307121226/tools/bin/../lib/gcc/arm-none-eabi/12.3.1/../../../../arm-none-eabi/lib/thumb/v7e-m+fp/softfp\libcr_c.a(scanf.o) (ungetc)
c:/nxp/mcuxpressoide_11.9.0_2144/ide/plugins/com.nxp.mcuxpresso.tools.win32_11.9.0.202307121226/tools/bin/../lib/gcc/arm-none-eabi/12.3.1/../../../../arm-none-eabi/lib/thumb/v7e-m+fp/softfp\libcr_c.a(__fillbuf.o)
                              c:/nxp/mcuxpressoide_11.9.0_2144/ide/plugins/com.nxp.mcuxpresso.tools.win32_11.9.0.202307121226/tools/bin/../lib/gcc/arm-none-eabi/12.3.1/../../../../arm-none-eabi/lib/thumb/v7e-m+fp/softfp\libcr_c.a(scanf.o) (__filbuf)
c:/nxp/mcuxpressoide_11.9.0_2144/ide/plugins/com.nxp.mcuxpresso.tools.win32_11.9.0.202307121226/tools/bin/../lib/gcc/arm-none-eabi/12.3.1/../../../../arm-none-eabi/lib/thumb/v7e-m+fp/softfp\libcr_c.a(__init_alloc.o)
                              c:/nxp/mcuxpressoide_11.9.0_2144/ide/plugins/com.nxp.mcuxpresso.tools.win32_11.9.0.202307121226/tools/bin/../lib/gcc/arm-none-eabi/12.3.1/../../../../arm-none-eabi/lib/thumb/v7e-m+fp/softfp\libcr_c.a(alloc.o) (__heaps)
c:/nxp/mcuxpressoide_11.9.0_2144/ide/plugins/com.nxp.mcuxpresso.tools.win32_11.9.0.202307121226/tools/bin/../lib/gcc/arm-none-eabi/12.3.1/../../../../arm-none-eabi/lib/thumb/v7e-m+fp/softfp\libcr_c.a(_cr_sbrk.o)
[...]
Memory Configuration

Name             Origin             Length             Attributes
BOARD_FLASH      0x60000000         0x00800000         xr
SRAM_DTC         0x20000000         0x00010000         xrw
SRAM_ITC         0x00000000         0x00010000         xrw
SRAM_OC          0x20200000         0x00020000         xrw
BOARD_SDRAM      0x80000000         0x01e00000         xrw
NCACHE_REGION    0x81e00000         0x00200000         xrw
*default*        0x00000000         0xffffffff

Linker script and memory map

LOAD ./xip/evkmimxrt1020_flexspi_nor_config.o
LOAD ./xip/fsl_flexspi_nor_boot.o
LOAD ./utilities/fsl_assert.o
LOAD ./utilities/fsl_debug_console.o
LOAD ./utilities/fsl_str.o
LOAD ./startup/startup_mimxrt1021.o
LOAD ./source/MIMXRT1021_I2C_Test.o
LOAD ./source/semihost_hardfault.o
LOAD ./source/sht30.o
LOAD ./drivers/fsl_clock.o
LOAD ./drivers/fsl_common.o
LOAD ./drivers/fsl_common_arm.o
LOAD ./drivers/fsl_gpio.o
LOAD ./drivers/fsl_lpuart.o
LOAD ./device/system_MIMXRT1021.o
LOAD ./component/uart/fsl_adapter_lpuart.o
LOAD ./component/serial_manager/fsl_component_serial_manager.o
LOAD ./component/serial_manager/fsl_component_serial_port_uart.o
LOAD ./component/lists/fsl_component_generic_list.o
LOAD ./board/board.o
LOAD ./board/clock_config.o
LOAD ./board/dcd.o
LOAD ./board/peripherals.o
LOAD ./board/pin_mux.o
START GROUP
LOAD c:/nxp/mcuxpressoide_11.9.0_2144/ide/plugins/com.nxp.mcuxpresso.tools.win32_11.9.0.202307121226/tools/bin/../lib/gcc/arm-none-eabi/12.3.1/../../../../arm-none-eabi/lib/thumb/v7e-m+fp/softfp\libcr_nohost_nf.a
LOAD c:/nxp/mcuxpressoide_11.9.0_2144/ide/plugins/com.nxp.mcuxpresso.tools.win32_11.9.0.202307121226/tools/bin/../lib/gcc/arm-none-eabi/12.3.1/../../../../arm-none-eabi/lib/thumb/v7e-m+fp/softfp\libcr_c.a
LOAD c:/nxp/mcuxpressoide_11.9.0_2144/ide/plugins/com.nxp.mcuxpresso.tools.win32_11.9.0.202307121226/tools/bin/../lib/gcc/arm-none-eabi/12.3.1/thumb/v7e-m+fp/softfp\libcr_eabihelpers.a
LOAD c:/nxp/mcuxpressoide_11.9.0_2144/ide/plugins/com.nxp.mcuxpresso.tools.win32_11.9.0.202307121226/tools/bin/../lib/gcc/arm-none-eabi/12.3.1/thumb/v7e-m+fp/softfp\libgcc.a
END GROUP
                0x60000000                        __base_BOARD_FLASH = 0x60000000
                0x60000000                        __base_Flash = 0x60000000
                0x60800000                        __top_BOARD_FLASH = 0x60800000
                0x60800000                        __top_Flash = 0x60800000
                0x20000000                        __base_SRAM_DTC = 0x20000000
                0x20000000                        __base_RAM = 0x20000000
                0x20010000                        __top_SRAM_DTC = 0x20010000
                0x20010000                        __top_RAM = 0x20010000
                0x00000000                        __base_SRAM_ITC = 0x0
                0x00000000                        __base_RAM2 = 0x0
                0x00010000                        __top_SRAM_ITC = 0x10000
                0x00010000                        __top_RAM2 = 0x10000
                0x20200000                        __base_SRAM_OC = 0x20200000
                0x20200000                        __base_RAM3 = 0x20200000
                0x20220000                        __top_SRAM_OC = 0x20220000
                0x20220000                        __top_RAM3 = 0x20220000
                0x80000000                        __base_BOARD_SDRAM = 0x80000000
                0x80000000                        __base_RAM4 = 0x80000000
                0x81e00000                        __top_BOARD_SDRAM = 0x81e00000
                0x81e00000                        __top_RAM4 = 0x81e00000
                0x81e00000                        __base_NCACHE_REGION = 0x81e00000
                0x81e00000                        __base_RAM5 = 0x81e00000
                0x82000000                        __top_NCACHE_REGION = 0x82000000
                0x82000000                        __top_RAM5 = 0x82000000

.boot_hdr       0x60000000     0x2000
 FILL mask 0xff
                0x60000000                        __boot_hdr_start__ = ABSOLUTE (.)
 *(SORT_BY_ALIGNMENT(.boot_hdr.conf))
 .boot_hdr.conf
                0x60000000      0x200 ./xip/evkmimxrt1020_flexspi_nor_config.o
                0x60000000                qspiflash_config
                0x00001000                        . = 0x1000
 *fill*         0x60000200      0xe00 ff
 *(SORT_BY_ALIGNMENT(.boot_hdr.ivt))
 .boot_hdr.ivt  0x60001000       0x20 ./xip/fsl_flexspi_nor_boot.o
                0x60001000                image_vector_table
                0x00001020                        . = 0x1020
 *(SORT_BY_ALIGNMENT(.boot_hdr.boot_data))
 .boot_hdr.boot_data
                0x60001020       0x10 ./xip/fsl_flexspi_nor_boot.o
                0x60001020                g_boot_data
                0x00001030                        . = 0x1030
 *(SORT_BY_ALIGNMENT(.boot_hdr.dcd_data))
                0x60001030                        __boot_hdr_end__ = ABSOLUTE (.)
                0x00002000                        . = 0x2000
 *fill*         0x60001030      0xfd0 ff

.text           0x60002000     0x522c
 FILL mask 0xff
                0x60002000                        __vectors_start__ = ABSOLUTE (.)
 *(SORT_BY_ALIGNMENT(.isr_vector))
 .isr_vector    0x60002000      0x278 ./startup/startup_mimxrt1021.o
                0x60002000                g_pfnVectors
                0x60002000                __Vectors
                0x60002278                        . = ALIGN (0x4)
                0x60002278                        __section_table_start = .
                0x60002278                        __data_section_table = .
                0x60002278        0x4 LONG 0x6000722c LOADADDR (.data)
                0x6000227c        0x4 LONG 0x20000000 ADDR (.data)
                0x60002280        0x4 LONG 0x4 SIZEOF (.data)
                0x60002284        0x4 LONG 0x6000722c LOADADDR (.data_RAM2)
                0x60002288        0x4 LONG 0x0 ADDR (.data_RAM2)
                0x6000228c        0x4 LONG 0x0 SIZEOF (.data_RAM2)
                0x60002290        0x4 LONG 0x6000722c LOADADDR (.data_RAM3)
                0x60002294        0x4 LONG 0x20200000 ADDR (.data_RAM3)
                0x60002298        0x4 LONG 0x0 SIZEOF (.data_RAM3)
                0x6000229c        0x4 LONG 0x6000722c LOADADDR (.data_RAM4)
                0x600022a0        0x4 LONG 0x80000000 ADDR (.data_RAM4)
                0x600022a4        0x4 LONG 0x0 SIZEOF (.data_RAM4)
                0x600022a8        0x4 LONG 0x6000722c LOADADDR (.data_RAM5)
                0x600022ac        0x4 LONG 0x81e00000 ADDR (.data_RAM5)
                0x600022b0        0x4 LONG 0x0 SIZEOF (.data_RAM5)
                0x600022b4                        __data_section_table_end = .
                0x600022b4                        __bss_section_table = .
                0x600022b4        0x4 LONG 0x20000004 ADDR (.bss)
                0x600022b8        0x4 LONG 0x138 SIZEOF (.bss)
                0x600022bc        0x4 LONG 0x0 ADDR (.bss_RAM2)
                0x600022c0        0x4 LONG 0x0 SIZEOF (.bss_RAM2)
                0x600022c4        0x4 LONG 0x20200000 ADDR (.bss_RAM3)
                0x600022c8        0x4 LONG 0x0 SIZEOF (.bss_RAM3)
                0x600022cc        0x4 LONG 0x80000000 ADDR (.bss_RAM4)
                0x600022d0        0x4 LONG 0x0 SIZEOF (.bss_RAM4)
                0x600022d4        0x4 LONG 0x81e00000 ADDR (.bss_RAM5)
                0x600022d8        0x4 LONG 0x0 SIZEOF (.bss_RAM5)
                0x600022dc                        __bss_section_table_end = .
                0x600022dc                        __section_table_end = .
 *(SORT_BY_ALIGNMENT(.after_vectors*))
 .after_vectors.reset
                0x600022dc       0x54 ./startup/startup_mimxrt1021.o
                0x600022dc                ResetISR
 .after_vectors.init_data
                0x60002330       0x1e ./startup/startup_mimxrt1021.o
                0x60002330                data_init
 .after_vectors.init_bss
                0x6000234e       0x12 ./startup/startup_mimxrt1021.o
                0x6000234e                bss_init
 .after_vectors
                0x60002360       0x14 ./startup/startup_mimxrt1021.o
                0x60002360                NMI_Handler
                0x60002364                MemManage_Handler
                0x60002366                BusFault_Handler
                0x60002368                UsageFault_Handler
                0x6000236a                SVC_Handler
                0x6000236c                DebugMon_Handler
                0x6000236e                PendSV_Handler
                0x60002370                SysTick_Handler
                0x60002372                Reserved102_DriverIRQHandler
                0x60002372                Reserved152_DriverIRQHandler
                0x60002372                DMA13_DMA29_DriverIRQHandler
                0x60002372                CCM_2_DriverIRQHandler
                0x60002372                LPSPI4_DriverIRQHandler
                0x60002372                SEMC_DriverIRQHandler
                0x60002372                SPDIF_DriverIRQHandler
                0x60002372                PIT_DriverIRQHandler
                0x60002372                FLEXRAM_DriverIRQHandler
                0x60002372                SAI3_RX_DriverIRQHandler
                0x60002372                USB_PHY_DriverIRQHandler
                0x60002372                GPIO3_Combined_0_15_DriverIRQHandler
                0x60002372                Reserved82_DriverIRQHandler
                0x60002372                DMA7_DMA23_DriverIRQHandler
                0x60002372                BEE_DriverIRQHandler
                0x60002372                LPI2C3_DriverIRQHandler
                0x60002372                GPR_IRQ_DriverIRQHandler
                0x60002372                Reserved103_DriverIRQHandler
                0x60002372                PWM2_FAULT_DriverIRQHandler
                0x60002372                Reserved56_DriverIRQHandler
                0x60002372                DMA14_DMA30_DriverIRQHandler
                0x60002372                TMR1_DriverIRQHandler
                0x60002372                TRNG_DriverIRQHandler
                0x60002372                ENET_1588_Timer_DriverIRQHandler
                0x60002372                GPIO2_Combined_16_31_DriverIRQHandler
                0x60002372                Reserved143_DriverIRQHandler
                0x60002372                LPSPI2_DriverIRQHandler
                0x60002372                Reserved151_DriverIRQHandler
                0x60002372                DMA0_DMA16_DriverIRQHandler
                0x60002372                IntDefaultHandler
                0x60002372                DMA2_DMA18_DriverIRQHandler
                0x60002372                SRC_DriverIRQHandler
                0x60002372                GPIO1_INT4_DriverIRQHandler
                0x60002372                Reserved144_DriverIRQHandler
                0x60002372                USDHC1_DriverIRQHandler
                0x60002372                SNVS_LP_HP_WRAPPER_DriverIRQHandler
                0x60002372                EWM_DriverIRQHandler
                0x60002372                KPP_DriverIRQHandler
                0x60002372                FLEXIO1_DriverIRQHandler
                0x60002372                ENET_DriverIRQHandler
                0x60002372                Reserved78_DriverIRQHandler
                0x60002372                ENC2_DriverIRQHandler
                0x60002372                ADC_ETC_IRQ2_DriverIRQHandler
                0x60002372                GPIO1_Combined_16_31_DriverIRQHandler
                0x60002372                GPIO1_INT7_DriverIRQHandler
                0x60002372                SAI1_DriverIRQHandler
                0x60002372                DCDC_DriverIRQHandler
                0x60002372                DMA12_DMA28_DriverIRQHandler
                0x60002372                ADC_ETC_ERROR_IRQ_DriverIRQHandler
                0x60002372                ACMP2_DriverIRQHandler
                0x60002372                GPIO5_Combined_0_15_DriverIRQHandler
                0x60002372                GPIO1_INT0_DriverIRQHandler
                0x60002372                GPIO1_INT2_DriverIRQHandler
                0x60002372                RTWDOG_DriverIRQHandler
                0x60002372                FLEXSPI_DriverIRQHandler
                0x60002372                GPT2_DriverIRQHandler
                0x60002372                DMA10_DMA26_DriverIRQHandler
                0x60002372                PWM2_1_DriverIRQHandler
                0x60002372                PWM1_1_DriverIRQHandler
                0x60002372                ADC1_DriverIRQHandler
                0x60002372                Reserved148_DriverIRQHandler
                0x60002372                PWM1_0_DriverIRQHandler
                0x60002372                DMA1_DMA17_DriverIRQHandler
                0x60002372                ENC1_DriverIRQHandler
                0x60002372                CAN2_DriverIRQHandler
                0x60002372                DCP_DriverIRQHandler
                0x60002372                CTI0_ERROR_DriverIRQHandler
                0x60002372                DMA8_DMA24_DriverIRQHandler
                0x60002372                GPT1_DriverIRQHandler
                0x60002372                ACMP3_DriverIRQHandler
                0x60002372                DMA6_DMA22_DriverIRQHandler
                0x60002372                CSU_DriverIRQHandler
                0x60002372                GPIO1_INT5_DriverIRQHandler
                0x60002372                TMR2_DriverIRQHandler
                0x60002372                CTI1_ERROR_DriverIRQHandler
                0x60002372                GPIO1_Combined_0_15_DriverIRQHandler
                0x60002372                USDHC2_DriverIRQHandler
                0x60002372                Reserved87_DriverIRQHandler
                0x60002372                SAI2_DriverIRQHandler
                0x60002372                CORE_DriverIRQHandler
                0x60002372                Reserved147_DriverIRQHandler
                0x60002372                WDOG1_DriverIRQHandler
                0x60002372                DMA11_DMA27_DriverIRQHandler
                0x60002372                PWM2_3_DriverIRQHandler
                0x60002372                Reserved60_DriverIRQHandler
                0x60002372                XBAR1_IRQ_2_3_DriverIRQHandler
                0x60002372                SNVS_HP_WRAPPER_TZ_DriverIRQHandler
                0x60002372                GPIO3_Combined_16_31_DriverIRQHandler
                0x60002372                PWM1_FAULT_DriverIRQHandler
                0x60002372                LPI2C1_DriverIRQHandler
                0x60002372                PWM2_2_DriverIRQHandler
                0x60002372                Reserved128_DriverIRQHandler
                0x60002372                DMA4_DMA20_DriverIRQHandler
                0x60002372                DMA9_DMA25_DriverIRQHandler
                0x60002372                SNVS_HP_WRAPPER_DriverIRQHandler
                0x60002372                XBAR1_IRQ_0_1_DriverIRQHandler
                0x60002372                ADC_ETC_IRQ1_DriverIRQHandler
                0x60002372                LPSPI1_DriverIRQHandler
                0x60002372                DMA3_DMA19_DriverIRQHandler
                0x60002372                GPIO1_INT3_DriverIRQHandler
                0x60002372                DCP_VMI_DriverIRQHandler
                0x60002372                LPI2C4_DriverIRQHandler
                0x60002372                GPC_DriverIRQHandler
                0x60002372                Reserved123_DriverIRQHandler
                0x60002372                GPIO2_Combined_0_15_DriverIRQHandler
                0x60002372                PWM1_2_DriverIRQHandler
                0x60002372                USB_OTG1_DriverIRQHandler
                0x60002372                TEMP_LOW_HIGH_DriverIRQHandler
                0x60002372                SAI3_TX_DriverIRQHandler
                0x60002372                WDOG2_DriverIRQHandler
                0x60002372                Reserved68_DriverIRQHandler
                0x60002372                PMU_DriverIRQHandler
                0x60002372                Reserved59_DriverIRQHandler
                0x60002372                GPIO5_Combined_16_31_DriverIRQHandler
                0x60002372                DMA5_DMA21_DriverIRQHandler
                0x60002372                CCM_1_DriverIRQHandler
                0x60002372                ADC2_DriverIRQHandler
                0x60002372                Reserved58_DriverIRQHandler
                0x60002372                Reserved115_DriverIRQHandler
                0x60002372                TEMP_PANIC_DriverIRQHandler
                0x60002372                ACMP4_DriverIRQHandler
                0x60002372                DMA15_DMA31_DriverIRQHandler
                0x60002372                Reserved107_DriverIRQHandler
                0x60002372                LPSPI3_DriverIRQHandler
                0x60002372                PWM1_3_DriverIRQHandler
                0x60002372                Reserved70_DriverIRQHandler
                0x60002372                ACMP1_DriverIRQHandler
                0x60002372                LPI2C2_DriverIRQHandler
                0x60002372                Reserved86_DriverIRQHandler
                0x60002372                DMA_ERROR_DriverIRQHandler
                0x60002372                ADC_ETC_IRQ0_DriverIRQHandler
                0x60002372                CAN1_DriverIRQHandler
                0x60002372                GPIO1_INT6_DriverIRQHandler
                0x60002372                GPIO1_INT1_DriverIRQHandler
                0x60002372                PWM2_0_DriverIRQHandler
 *(SORT_BY_ALIGNMENT(.text*))
 .text.__assertion_failed
                0x60002374       0x2c ./utilities/fsl_assert.o
                0x60002374                __assertion_failed
 .text.DbgConsole_SendDataReliable
                0x600023a0       0x54 ./utilities/fsl_debug_console.o
                0x600023a0                DbgConsole_SendDataReliable
 .text.DbgConsole_Init
                0x600023f4      0x138 ./utilities/fsl_debug_console.o
                0x600023f4                DbgConsole_Init
 .text.DbgConsole_Vprintf
                0x6000252c       0x6c ./utilities/fsl_debug_console.o
                0x6000252c                DbgConsole_Vprintf
 .text.main     0x60002598       0xbc ./source/MIMXRT1021_I2C_Test.o
                0x60002598                main
 .text.SHT30_Dat_To_Float
                0x60002654       0xd8 ./source/sht30.o
                0x60002654                SHT30_Dat_To_Float
 .text.CLOCK_GetOscFreq
                0x6000272c       0x30 ./drivers/fsl_clock.o
 .text.CLOCK_InitExternalClk
                0x6000275c       0x6c ./drivers/fsl_clock.o
                0x6000275c                CLOCK_InitExternalClk
 .text.CLOCK_SwitchOsc
                0x600027c8       0x34 ./drivers/fsl_clock.o
                0x600027c8                CLOCK_SwitchOsc
 .text.CLOCK_InitRcOsc24M
                0x600027fc       0x24 ./drivers/fsl_clock.o
                0x600027fc                CLOCK_InitRcOsc24M
 .text.CLOCK_InitSysPll
                0x60002820       0x9c ./drivers/fsl_clock.o
                0x60002820                CLOCK_InitSysPll
 .text.CLOCK_DeinitAudioPll
                0x600028bc       0x1c ./drivers/fsl_clock.o
                0x600028bc                CLOCK_DeinitAudioPll
 .text.CLOCK_InitEnetPll
                0x600028d8       0xa4 ./drivers/fsl_clock.o
                0x600028d8                CLOCK_InitEnetPll
 .text.CLOCK_GetPllFreq
                0x6000297c      0x2a0 ./drivers/fsl_clock.o
                0x6000297c                CLOCK_GetPllFreq
 .text.CLOCK_InitSysPfd
                0x60002c1c       0x64 ./drivers/fsl_clock.o
                0x60002c1c                CLOCK_InitSysPfd
 .text.CLOCK_ControlGate
                0x60002c80       0x60 ./drivers/fsl_lpuart.o
 .text.LPUART_GetInstance
                0x60002ce0       0x4c ./drivers/fsl_lpuart.o
                0x60002ce0                LPUART_GetInstance
 .text.LPUART_Init
                0x60002d2c      0x320 ./drivers/fsl_lpuart.o
                0x60002d2c                LPUART_Init
 .text.LPUART_GetDefaultConfig
                0x6000304c       0x88 ./drivers/fsl_lpuart.o
                0x6000304c                LPUART_GetDefaultConfig
 .text.LPUART_WriteBlocking
                0x600030d4       0x68 ./drivers/fsl_lpuart.o
                0x600030d4                LPUART_WriteBlocking
 .text.LPUART1_DriverIRQHandler
                0x6000313c       0x28 ./drivers/fsl_lpuart.o
                0x6000313c                LPUART1_DriverIRQHandler
 .text.LPUART2_DriverIRQHandler
                0x60003164       0x28 ./drivers/fsl_lpuart.o
                0x60003164                LPUART2_DriverIRQHandler
 .text.LPUART3_DriverIRQHandler
                0x6000318c       0x28 ./drivers/fsl_lpuart.o
                0x6000318c                LPUART3_DriverIRQHandler
 .text.LPUART4_DriverIRQHandler
                0x600031b4       0x28 ./drivers/fsl_lpuart.o
                0x600031b4                LPUART4_DriverIRQHandler
 .text.LPUART5_DriverIRQHandler
                0x600031dc       0x28 ./drivers/fsl_lpuart.o
                0x600031dc                LPUART5_DriverIRQHandler
 .text.LPUART6_DriverIRQHandler
                0x60003204       0x28 ./drivers/fsl_lpuart.o
                0x60003204                LPUART6_DriverIRQHandler
 .text.LPUART7_DriverIRQHandler
                0x6000322c       0x28 ./drivers/fsl_lpuart.o
                0x6000322c                LPUART7_DriverIRQHandler
 .text.LPUART8_DriverIRQHandler
                0x60003254       0x28 ./drivers/fsl_lpuart.o
                0x60003254                LPUART8_DriverIRQHandler
 .text.SystemInit
                0x6000327c      0x144 ./device/system_MIMXRT1021.o
                0x6000327c                SystemInit
 .text.HAL_UartInitCommon
                0x600033c0       0xe0 ./component/uart/fsl_adapter_lpuart.o
 .text.HAL_UartInit
                0x600034a0       0x84 ./component/uart/fsl_adapter_lpuart.o
                0x600034a0                HAL_UartInit
 .text.HAL_UartSendBlocking
                0x60003524       0x64 ./component/uart/fsl_adapter_lpuart.o
                0x60003524                HAL_UartSendBlocking
 .text.ARM_MPU_Enable
                0x60003588       0x44 ./board/board.o
 .text.ARM_MPU_Disable
                0x600035cc       0x40 ./board/board.o
 .text.CLOCK_GetMux
                0x6000360c       0x44 ./board/board.o
 .text.CLOCK_GetDiv
                0x60003650       0x44 ./board/board.o
 .text.CLOCK_GetOscFreq
                0x60003694       0x30 ./board/board.o
 .text.BOARD_DebugConsoleSrcFreq
                0x600036c4       0x64 ./board/board.o
                0x600036c4                BOARD_DebugConsoleSrcFreq
 .text.BOARD_ConfigMPU
                0x60003728      0x324 ./board/board.o
                0x60003728                BOARD_ConfigMPU
 .text.CLOCK_SetMux
                0x60003a4c       0x9c ./board/clock_config.o
 .text.CLOCK_SetDiv
                0x60003ae8       0x9c ./board/clock_config.o
 .text.CLOCK_ControlGate
                0x60003b84       0x60 ./board/clock_config.o
 .text.CLOCK_SetXtalFreq
                0x60003be4       0x20 ./board/clock_config.o
 .text.CLOCK_SetRtcXtalFreq
                0x60003c04       0x20 ./board/clock_config.o
 .text.IOMUXC_MQSConfig
                0x60003c24       0x44 ./board/clock_config.o
 .text.BOARD_BootClockRUN
                0x60003c68      0x4ec ./board/clock_config.o
                0x60003c68                BOARD_BootClockRUN
 .text.CLOCK_ControlGate
                0x60004154       0x60 ./board/pin_mux.o
 .text.BOARD_InitPins
                0x600041b4       0x4c ./board/pin_mux.o
                0x600041b4                BOARD_InitPins
 .text.BOARD_InitDEBUG_UARTPins
                0x60004200       0x4c ./board/pin_mux.o
                0x60004200                BOARD_InitDEBUG_UARTPins
 .text.malloc   0x6000424c       0xe8 c:/nxp/mcuxpressoide_11.9.0_2144/ide/plugins/com.nxp.mcuxpresso.tools.win32_11.9.0.202307121226/tools/bin/../lib/gcc/arm-none-eabi/12.3.1/../../../../arm-none-eabi/lib/thumb/v7e-m+fp/softfp\libcr_c.a(alloc.o)
                0x6000424c                malloc
 .text._Csys_alloc
                0x60004334       0x20 c:/nxp/mcuxpressoide_11.9.0_2144/ide/plugins/com.nxp.mcuxpresso.tools.win32_11.9.0.202307121226/tools/bin/../lib/gcc/arm-none-eabi/12.3.1/../../../../arm-none-eabi/lib/thumb/v7e-m+fp/softfp\libcr_c.a(alloc.o)
                0x60004334                _Csys_alloc
 .text._initio  0x60004354       0x78 c:/nxp/mcuxpressoide_11.9.0_2144/ide/plugins/com.nxp.mcuxpresso.tools.win32_11.9.0.202307121226/tools/bin/../lib/gcc/arm-none-eabi/12.3.1/../../../../arm-none-eabi/lib/thumb/v7e-m+fp/softfp\libcr_c.a(initio.o)
                0x60004354                _initio
 .text.__vfprintf
                0x600043cc      0xb80 c:/nxp/mcuxpressoide_11.9.0_2144/ide/plugins/com.nxp.mcuxpresso.tools.win32_11.9.0.202307121226/tools/bin/../lib/gcc/arm-none-eabi/12.3.1/../../../../arm-none-eabi/lib/thumb/v7e-m+fp/softfp\libcr_c.a(printf.o)
                0x600043cc                __vfprintf
 .text._vsnprintf
                0x60004f4c       0x68 c:/nxp/mcuxpressoide_11.9.0_2144/ide/plugins/com.nxp.mcuxpresso.tools.win32_11.9.0.202307121226/tools/bin/../lib/gcc/arm-none-eabi/12.3.1/../../../../arm-none-eabi/lib/thumb/v7e-m+fp/softfp\libcr_c.a(printf.o)
                0x60004f4c                _vsnprintf
 .text._printf  0x60004fb4       0x54 c:/nxp/mcuxpressoide_11.9.0_2144/ide/plugins/com.nxp.mcuxpresso.tools.win32_11.9.0.202307121226/tools/bin/../lib/gcc/arm-none-eabi/12.3.1/../../../../arm-none-eabi/lib/thumb/v7e-m+fp/softfp\libcr_c.a(printf.o)
                0x60004fb4                _printf
 .text._sbrk    0x60005008       0x3c c:/nxp/mcuxpressoide_11.9.0_2144/ide/plugins/com.nxp.mcuxpresso.tools.win32_11.9.0.202307121226/tools/bin/../lib/gcc/arm-none-eabi/12.3.1/../../../../arm-none-eabi/lib/thumb/v7e-m+fp/softfp\libcr_c.a(_cr_sbrk.o)
                0x60005008                _sbrk
 .text._Cwritebuf
                0x60005044       0x6c c:/nxp/mcuxpressoide_11.9.0_2144/ide/plugins/com.nxp.mcuxpresso.tools.win32_11.9.0.202307121226/tools/bin/../lib/gcc/arm-none-eabi/12.3.1/../../../../arm-none-eabi/lib/thumb/v7e-m+fp/softfp\libcr_c.a(_writebuf.o)
                0x60005044                _Cwritebuf
 .text.fflush   0x600050b0       0x3c c:/nxp/mcuxpressoide_11.9.0_2144/ide/plugins/com.nxp.mcuxpresso.tools.win32_11.9.0.202307121226/tools/bin/../lib/gcc/arm-none-eabi/12.3.1/../../../../arm-none-eabi/lib/thumb/v7e-m+fp/softfp\libcr_c.a(fflush.o)
                0x600050b0                fflush
 .text.fseek    0x600050ec       0xf8 c:/nxp/mcuxpressoide_11.9.0_2144/ide/plugins/com.nxp.mcuxpresso.tools.win32_11.9.0.202307121226/tools/bin/../lib/gcc/arm-none-eabi/12.3.1/../../../../arm-none-eabi/lib/thumb/v7e-m+fp/softfp\libcr_c.a(fseek.o)
                0x600050ec                fseek
 .text.ftell    0x600051e4       0x44 c:/nxp/mcuxpressoide_11.9.0_2144/ide/plugins/com.nxp.mcuxpresso.tools.win32_11.9.0.202307121226/tools/bin/../lib/gcc/arm-none-eabi/12.3.1/../../../../arm-none-eabi/lib/thumb/v7e-m+fp/softfp\libcr_c.a(ftell.o)
                0x600051e4                ftell
 .text.__check_heap_overflow
                0x60005228       0x18 c:/nxp/mcuxpressoide_11.9.0_2144/ide/plugins/com.nxp.mcuxpresso.tools.win32_11.9.0.202307121226/tools/bin/../lib/gcc/arm-none-eabi/12.3.1/../../../../arm-none-eabi/lib/thumb/v7e-m+fp/softfp\libcr_c.a(_cr_check_heap.o)
                0x60005228                __check_heap_overflow
 .text.__aeabi_f2d
                0x60005240       0x38 c:/nxp/mcuxpressoide_11.9.0_2144/ide/plugins/com.nxp.mcuxpresso.tools.win32_11.9.0.202307121226/tools/bin/../lib/gcc/arm-none-eabi/12.3.1/thumb/v7e-m+fp/softfp\libcr_eabihelpers.a(float.o)
                0x60005240                __aeabi_f2d
 .text.fsl_assert_hook
                0x60005278       0x1a ./utilities/fsl_assert.o
                0x60005278                fsl_assert_hook
 .text.DbgConsole_PrintCallback
                0x60005292       0x66 ./utilities/fsl_debug_console.o
 .text.DbgConsole_Printf
                0x600052f8       0x2c ./utilities/fsl_debug_console.o
                0x600052f8                DbgConsole_Printf
 .text.PrintGetWidth
                0x60005324       0x6a ./utilities/fsl_str.o
 .text.PrintGetPrecision
                0x6000538e       0x8c ./utilities/fsl_str.o
 .text.PrintIsobpu
                0x6000541a       0x38 ./utilities/fsl_str.o
 .text.PrintIsdi
                0x60005452       0x2c ./utilities/fsl_str.o
 .text.PrintOutputdifFobpu
                0x6000547e       0x44 ./utilities/fsl_str.o
 .text.PrintOutputxX
                0x600054c2       0x44 ./utilities/fsl_str.o
 .text.PrintIsfF
                0x60005506       0x2c ./utilities/fsl_str.o
 .text.PrintIsxX
                0x60005532       0x2c ./utilities/fsl_str.o
 .text.PrintFilterLengthFlag
                0x6000555e       0x3e ./utilities/fsl_str.o
 .text.PrintGetRadixFromobpu
                0x6000559c       0x40 ./utilities/fsl_str.o
 .text.ConvertRadixNumToString
                0x600055dc       0xc2 ./utilities/fsl_str.o
 .text.StrFormatExaminedi
                0x6000569e       0x26 ./utilities/fsl_str.o
 .text.StrFormatExaminexX
                0x600056c4       0x26 ./utilities/fsl_str.o
 .text.StrFormatExamineobpu
                0x600056ea       0x26 ./utilities/fsl_str.o
 .text.ConvertPrecisionWidthToLength
                0x60005710       0x20 ./utilities/fsl_str.o
 .text.StrFormatPrintf
                0x60005730      0x2bc ./utilities/fsl_str.o
                0x60005730                StrFormatPrintf
 .text.DMA0_DMA16_IRQHandler
                0x600059ec        0x8 ./startup/startup_mimxrt1021.o
                0x600059ec                DMA0_DMA16_IRQHandler
 .text.DMA1_DMA17_IRQHandler
                0x600059f4        0x8 ./startup/startup_mimxrt1021.o
                0x600059f4                DMA1_DMA17_IRQHandler
 .text.DMA2_DMA18_IRQHandler
                0x600059fc        0x8 ./startup/startup_mimxrt1021.o
                0x600059fc                DMA2_DMA18_IRQHandler
 .text.DMA3_DMA19_IRQHandler
                0x60005a04        0x8 ./startup/startup_mimxrt1021.o
                0x60005a04                DMA3_DMA19_IRQHandler
 .text.DMA4_DMA20_IRQHandler
                0x60005a0c        0x8 ./startup/startup_mimxrt1021.o
                0x60005a0c                DMA4_DMA20_IRQHandler
 .text.DMA5_DMA21_IRQHandler
                0x60005a14        0x8 ./startup/startup_mimxrt1021.o
                0x60005a14                DMA5_DMA21_IRQHandler
 .text.DMA6_DMA22_IRQHandler
                0x60005a1c        0x8 ./startup/startup_mimxrt1021.o
                0x60005a1c                DMA6_DMA22_IRQHandler
 .text.DMA7_DMA23_IRQHandler
                0x60005a24        0x8 ./startup/startup_mimxrt1021.o
                0x60005a24                DMA7_DMA23_IRQHandler
 .text.DMA8_DMA24_IRQHandler
                0x60005a2c        0x8 ./startup/startup_mimxrt1021.o
                0x60005a2c                DMA8_DMA24_IRQHandler
 .text.DMA9_DMA25_IRQHandler
                0x60005a34        0x8 ./startup/startup_mimxrt1021.o
                0x60005a34                DMA9_DMA25_IRQHandler
 .text.DMA10_DMA26_IRQHandler
                0x60005a3c        0x8 ./startup/startup_mimxrt1021.o
                0x60005a3c                DMA10_DMA26_IRQHandler
 .text.DMA11_DMA27_IRQHandler
                0x60005a44        0x8 ./startup/startup_mimxrt1021.o
                0x60005a44                DMA11_DMA27_IRQHandler
 .text.DMA12_DMA28_IRQHandler
                0x60005a4c        0x8 ./startup/startup_mimxrt1021.o
                0x60005a4c                DMA12_DMA28_IRQHandler
 .text.DMA13_DMA29_IRQHandler
                0x60005a54        0x8 ./startup/startup_mimxrt1021.o
                0x60005a54                DMA13_DMA29_IRQHandler
 .text.DMA14_DMA30_IRQHandler
                0x60005a5c        0x8 ./startup/startup_mimxrt1021.o
                0x60005a5c                DMA14_DMA30_IRQHandler
 .text.DMA15_DMA31_IRQHandler
                0x60005a64        0x8 ./startup/startup_mimxrt1021.o
                0x60005a64                DMA15_DMA31_IRQHandler
 .text.DMA_ERROR_IRQHandler
                0x60005a6c        0x8 ./startup/startup_mimxrt1021.o
                0x60005a6c                DMA_ERROR_IRQHandler
 .text.CTI0_ERROR_IRQHandler
                0x60005a74        0x8 ./startup/startup_mimxrt1021.o
                0x60005a74                CTI0_ERROR_IRQHandler
 .text.CTI1_ERROR_IRQHandler
                0x60005a7c        0x8 ./startup/startup_mimxrt1021.o
                0x60005a7c                CTI1_ERROR_IRQHandler
 .text.CORE_IRQHandler
                0x60005a84        0x8 ./startup/startup_mimxrt1021.o
                0x60005a84                CORE_IRQHandler
 .text.LPUART1_IRQHandler
                0x60005a8c        0x8 ./startup/startup_mimxrt1021.o
                0x60005a8c                LPUART1_IRQHandler
 .text.LPUART2_IRQHandler
                0x60005a94        0x8 ./startup/startup_mimxrt1021.o
                0x60005a94                LPUART2_IRQHandler
 .text.LPUART3_IRQHandler
                0x60005a9c        0x8 ./startup/startup_mimxrt1021.o
                0x60005a9c                LPUART3_IRQHandler
 .text.LPUART4_IRQHandler
                0x60005aa4        0x8 ./startup/startup_mimxrt1021.o
                0x60005aa4                LPUART4_IRQHandler
 .text.LPUART5_IRQHandler
                0x60005aac        0x8 ./startup/startup_mimxrt1021.o
                0x60005aac                LPUART5_IRQHandler
 .text.LPUART6_IRQHandler
                0x60005ab4        0x8 ./startup/startup_mimxrt1021.o
                0x60005ab4                LPUART6_IRQHandler
 .text.LPUART7_IRQHandler
                0x60005abc        0x8 ./startup/startup_mimxrt1021.o
                0x60005abc                LPUART7_IRQHandler
 .text.LPUART8_IRQHandler
                0x60005ac4        0x8 ./startup/startup_mimxrt1021.o
                0x60005ac4                LPUART8_IRQHandler
 .text.LPI2C1_IRQHandler
                0x60005acc        0x8 ./startup/startup_mimxrt1021.o
                0x60005acc                LPI2C1_IRQHandler
 .text.LPI2C2_IRQHandler
                0x60005ad4        0x8 ./startup/startup_mimxrt1021.o
                0x60005ad4                LPI2C2_IRQHandler
 .text.LPI2C3_IRQHandler
                0x60005adc        0x8 ./startup/startup_mimxrt1021.o
                0x60005adc                LPI2C3_IRQHandler
 .text.LPI2C4_IRQHandler
                0x60005ae4        0x8 ./startup/startup_mimxrt1021.o
                0x60005ae4                LPI2C4_IRQHandler
 .text.LPSPI1_IRQHandler
                0x60005aec        0x8 ./startup/startup_mimxrt1021.o
                0x60005aec                LPSPI1_IRQHandler
 .text.LPSPI2_IRQHandler
                0x60005af4        0x8 ./startup/startup_mimxrt1021.o
                0x60005af4                LPSPI2_IRQHandler
 .text.LPSPI3_IRQHandler
                0x60005afc        0x8 ./startup/startup_mimxrt1021.o
                0x60005afc                LPSPI3_IRQHandler
 .text.LPSPI4_IRQHandler
                0x60005b04        0x8 ./startup/startup_mimxrt1021.o
                0x60005b04                LPSPI4_IRQHandler
 .text.CAN1_IRQHandler
                0x60005b0c        0x8 ./startup/startup_mimxrt1021.o
                0x60005b0c                CAN1_IRQHandler
 .text.CAN2_IRQHandler
                0x60005b14        0x8 ./startup/startup_mimxrt1021.o
                0x60005b14                CAN2_IRQHandler
 .text.FLEXRAM_IRQHandler
                0x60005b1c        0x8 ./startup/startup_mimxrt1021.o
                0x60005b1c                FLEXRAM_IRQHandler
 .text.KPP_IRQHandler
                0x60005b24        0x8 ./startup/startup_mimxrt1021.o
                0x60005b24                KPP_IRQHandler
 .text.Reserved56_IRQHandler
                0x60005b2c        0x8 ./startup/startup_mimxrt1021.o
                0x60005b2c                Reserved56_IRQHandler
 .text.GPR_IRQ_IRQHandler
                0x60005b34        0x8 ./startup/startup_mimxrt1021.o
                0x60005b34                GPR_IRQ_IRQHandler
 .text.Reserved58_IRQHandler
                0x60005b3c        0x8 ./startup/startup_mimxrt1021.o
                0x60005b3c                Reserved58_IRQHandler
 .text.Reserved59_IRQHandler
                0x60005b44        0x8 ./startup/startup_mimxrt1021.o
                0x60005b44                Reserved59_IRQHandler
 .text.Reserved60_IRQHandler
                0x60005b4c        0x8 ./startup/startup_mimxrt1021.o
                0x60005b4c                Reserved60_IRQHandler
 .text.WDOG2_IRQHandler
                0x60005b54        0x8 ./startup/startup_mimxrt1021.o
                0x60005b54                WDOG2_IRQHandler
 .text.SNVS_HP_WRAPPER_IRQHandler
                0x60005b5c        0x8 ./startup/startup_mimxrt1021.o
                0x60005b5c                SNVS_HP_WRAPPER_IRQHandler
 .text.SNVS_HP_WRAPPER_TZ_IRQHandler
                0x60005b64        0x8 ./startup/startup_mimxrt1021.o
                0x60005b64                SNVS_HP_WRAPPER_TZ_IRQHandler
 .text.SNVS_LP_HP_WRAPPER_IRQHandler
                0x60005b6c        0x8 ./startup/startup_mimxrt1021.o
                0x60005b6c                SNVS_LP_HP_WRAPPER_IRQHandler
 .text.CSU_IRQHandler
                0x60005b74        0x8 ./startup/startup_mimxrt1021.o
                0x60005b74                CSU_IRQHandler
 .text.DCP_IRQHandler
                0x60005b7c        0x8 ./startup/startup_mimxrt1021.o
                0x60005b7c                DCP_IRQHandler
 .text.DCP_VMI_IRQHandler
                0x60005b84        0x8 ./startup/startup_mimxrt1021.o
                0x60005b84                DCP_VMI_IRQHandler
 .text.Reserved68_IRQHandler
                0x60005b8c        0x8 ./startup/startup_mimxrt1021.o
                0x60005b8c                Reserved68_IRQHandler
 .text.TRNG_IRQHandler
                0x60005b94        0x8 ./startup/startup_mimxrt1021.o
                0x60005b94                TRNG_IRQHandler
 .text.Reserved70_IRQHandler
                0x60005b9c        0x8 ./startup/startup_mimxrt1021.o
                0x60005b9c                Reserved70_IRQHandler
 .text.BEE_IRQHandler
                0x60005ba4        0x8 ./startup/startup_mimxrt1021.o
                0x60005ba4                BEE_IRQHandler
 .text.SAI1_IRQHandler
                0x60005bac        0x8 ./startup/startup_mimxrt1021.o
                0x60005bac                SAI1_IRQHandler
 .text.SAI2_IRQHandler
                0x60005bb4        0x8 ./startup/startup_mimxrt1021.o
                0x60005bb4                SAI2_IRQHandler
 .text.SAI3_RX_IRQHandler
                0x60005bbc        0x8 ./startup/startup_mimxrt1021.o
                0x60005bbc                SAI3_RX_IRQHandler
 .text.SAI3_TX_IRQHandler
                0x60005bc4        0x8 ./startup/startup_mimxrt1021.o
                0x60005bc4                SAI3_TX_IRQHandler
 .text.SPDIF_IRQHandler
                0x60005bcc        0x8 ./startup/startup_mimxrt1021.o
                0x60005bcc                SPDIF_IRQHandler
 .text.PMU_IRQHandler
                0x60005bd4        0x8 ./startup/startup_mimxrt1021.o
                0x60005bd4                PMU_IRQHandler
 .text.Reserved78_IRQHandler
                0x60005bdc        0x8 ./startup/startup_mimxrt1021.o
                0x60005bdc                Reserved78_IRQHandler
 .text.TEMP_LOW_HIGH_IRQHandler
                0x60005be4        0x8 ./startup/startup_mimxrt1021.o
                0x60005be4                TEMP_LOW_HIGH_IRQHandler
 .text.TEMP_PANIC_IRQHandler
                0x60005bec        0x8 ./startup/startup_mimxrt1021.o
                0x60005bec                TEMP_PANIC_IRQHandler
 .text.USB_PHY_IRQHandler
                0x60005bf4        0x8 ./startup/startup_mimxrt1021.o
                0x60005bf4                USB_PHY_IRQHandler
 .text.Reserved82_IRQHandler
                0x60005bfc        0x8 ./startup/startup_mimxrt1021.o
                0x60005bfc                Reserved82_IRQHandler
 .text.ADC1_IRQHandler
                0x60005c04        0x8 ./startup/startup_mimxrt1021.o
                0x60005c04                ADC1_IRQHandler
 .text.ADC2_IRQHandler
                0x60005c0c        0x8 ./startup/startup_mimxrt1021.o
                0x60005c0c                ADC2_IRQHandler
 .text.DCDC_IRQHandler
                0x60005c14        0x8 ./startup/startup_mimxrt1021.o
                0x60005c14                DCDC_IRQHandler
 .text.Reserved86_IRQHandler
                0x60005c1c        0x8 ./startup/startup_mimxrt1021.o
                0x60005c1c                Reserved86_IRQHandler
 .text.Reserved87_IRQHandler
                0x60005c24        0x8 ./startup/startup_mimxrt1021.o
                0x60005c24                Reserved87_IRQHandler
 .text.GPIO1_INT0_IRQHandler
                0x60005c2c        0x8 ./startup/startup_mimxrt1021.o
                0x60005c2c                GPIO1_INT0_IRQHandler
 .text.GPIO1_INT1_IRQHandler
                0x60005c34        0x8 ./startup/startup_mimxrt1021.o
                0x60005c34                GPIO1_INT1_IRQHandler
 .text.GPIO1_INT2_IRQHandler
                0x60005c3c        0x8 ./startup/startup_mimxrt1021.o
                0x60005c3c                GPIO1_INT2_IRQHandler
 .text.GPIO1_INT3_IRQHandler
                0x60005c44        0x8 ./startup/startup_mimxrt1021.o
                0x60005c44                GPIO1_INT3_IRQHandler
 .text.GPIO1_INT4_IRQHandler
                0x60005c4c        0x8 ./startup/startup_mimxrt1021.o
                0x60005c4c                GPIO1_INT4_IRQHandler
 .text.GPIO1_INT5_IRQHandler
                0x60005c54        0x8 ./startup/startup_mimxrt1021.o
                0x60005c54                GPIO1_INT5_IRQHandler
 .text.GPIO1_INT6_IRQHandler
                0x60005c5c        0x8 ./startup/startup_mimxrt1021.o
                0x60005c5c                GPIO1_INT6_IRQHandler
 .text.GPIO1_INT7_IRQHandler
                0x60005c64        0x8 ./startup/startup_mimxrt1021.o
                0x60005c64                GPIO1_INT7_IRQHandler
 .text.GPIO1_Combined_0_15_IRQHandler
                0x60005c6c        0x8 ./startup/startup_mimxrt1021.o
                0x60005c6c                GPIO1_Combined_0_15_IRQHandler
 .text.GPIO1_Combined_16_31_IRQHandler
                0x60005c74        0x8 ./startup/startup_mimxrt1021.o
                0x60005c74                GPIO1_Combined_16_31_IRQHandler
 .text.GPIO2_Combined_0_15_IRQHandler
                0x60005c7c        0x8 ./startup/startup_mimxrt1021.o
                0x60005c7c                GPIO2_Combined_0_15_IRQHandler
 .text.GPIO2_Combined_16_31_IRQHandler
                0x60005c84        0x8 ./startup/startup_mimxrt1021.o
                0x60005c84                GPIO2_Combined_16_31_IRQHandler
 .text.GPIO3_Combined_0_15_IRQHandler
                0x60005c8c        0x8 ./startup/startup_mimxrt1021.o
                0x60005c8c                GPIO3_Combined_0_15_IRQHandler
 .text.GPIO3_Combined_16_31_IRQHandler
                0x60005c94        0x8 ./startup/startup_mimxrt1021.o
                0x60005c94                GPIO3_Combined_16_31_IRQHandler
 .text.Reserved102_IRQHandler
                0x60005c9c        0x8 ./startup/startup_mimxrt1021.o
                0x60005c9c                Reserved102_IRQHandler
 .text.Reserved103_IRQHandler
                0x60005ca4        0x8 ./startup/startup_mimxrt1021.o
                0x60005ca4                Reserved103_IRQHandler
 .text.GPIO5_Combined_0_15_IRQHandler
                0x60005cac        0x8 ./startup/startup_mimxrt1021.o
                0x60005cac                GPIO5_Combined_0_15_IRQHandler
 .text.GPIO5_Combined_16_31_IRQHandler
                0x60005cb4        0x8 ./startup/startup_mimxrt1021.o
                0x60005cb4                GPIO5_Combined_16_31_IRQHandler
 .text.FLEXIO1_IRQHandler
                0x60005cbc        0x8 ./startup/startup_mimxrt1021.o
                0x60005cbc                FLEXIO1_IRQHandler
 .text.Reserved107_IRQHandler
                0x60005cc4        0x8 ./startup/startup_mimxrt1021.o
                0x60005cc4                Reserved107_IRQHandler
 .text.WDOG1_IRQHandler
                0x60005ccc        0x8 ./startup/startup_mimxrt1021.o
                0x60005ccc                WDOG1_IRQHandler
 .text.RTWDOG_IRQHandler
                0x60005cd4        0x8 ./startup/startup_mimxrt1021.o
                0x60005cd4                RTWDOG_IRQHandler
 .text.EWM_IRQHandler
                0x60005cdc        0x8 ./startup/startup_mimxrt1021.o
                0x60005cdc                EWM_IRQHandler
 .text.CCM_1_IRQHandler
                0x60005ce4        0x8 ./startup/startup_mimxrt1021.o
                0x60005ce4                CCM_1_IRQHandler
 .text.CCM_2_IRQHandler
                0x60005cec        0x8 ./startup/startup_mimxrt1021.o
                0x60005cec                CCM_2_IRQHandler
 .text.GPC_IRQHandler
                0x60005cf4        0x8 ./startup/startup_mimxrt1021.o
                0x60005cf4                GPC_IRQHandler
 .text.SRC_IRQHandler
                0x60005cfc        0x8 ./startup/startup_mimxrt1021.o
                0x60005cfc                SRC_IRQHandler
 .text.Reserved115_IRQHandler
                0x60005d04        0x8 ./startup/startup_mimxrt1021.o
                0x60005d04                Reserved115_IRQHandler
 .text.GPT1_IRQHandler
                0x60005d0c        0x8 ./startup/startup_mimxrt1021.o
                0x60005d0c                GPT1_IRQHandler
 .text.GPT2_IRQHandler
                0x60005d14        0x8 ./startup/startup_mimxrt1021.o
                0x60005d14                GPT2_IRQHandler
 .text.PWM1_0_IRQHandler
                0x60005d1c        0x8 ./startup/startup_mimxrt1021.o
                0x60005d1c                PWM1_0_IRQHandler
 .text.PWM1_1_IRQHandler
                0x60005d24        0x8 ./startup/startup_mimxrt1021.o
                0x60005d24                PWM1_1_IRQHandler
 .text.PWM1_2_IRQHandler
                0x60005d2c        0x8 ./startup/startup_mimxrt1021.o
                0x60005d2c                PWM1_2_IRQHandler
 .text.PWM1_3_IRQHandler
                0x60005d34        0x8 ./startup/startup_mimxrt1021.o
                0x60005d34                PWM1_3_IRQHandler
 .text.PWM1_FAULT_IRQHandler
                0x60005d3c        0x8 ./startup/startup_mimxrt1021.o
                0x60005d3c                PWM1_FAULT_IRQHandler
 .text.Reserved123_IRQHandler
                0x60005d44        0x8 ./startup/startup_mimxrt1021.o
                0x60005d44                Reserved123_IRQHandler
 .text.FLEXSPI_IRQHandler
                0x60005d4c        0x8 ./startup/startup_mimxrt1021.o
                0x60005d4c                FLEXSPI_IRQHandler
 .text.SEMC_IRQHandler
                0x60005d54        0x8 ./startup/startup_mimxrt1021.o
                0x60005d54                SEMC_IRQHandler
 .text.USDHC1_IRQHandler
                0x60005d5c        0x8 ./startup/startup_mimxrt1021.o
                0x60005d5c                USDHC1_IRQHandler
 .text.USDHC2_IRQHandler
                0x60005d64        0x8 ./startup/startup_mimxrt1021.o
                0x60005d64                USDHC2_IRQHandler
 .text.Reserved128_IRQHandler
                0x60005d6c        0x8 ./startup/startup_mimxrt1021.o
                0x60005d6c                Reserved128_IRQHandler
 .text.USB_OTG1_IRQHandler
                0x60005d74        0x8 ./startup/startup_mimxrt1021.o
                0x60005d74                USB_OTG1_IRQHandler
 .text.ENET_IRQHandler
                0x60005d7c        0x8 ./startup/startup_mimxrt1021.o
                0x60005d7c                ENET_IRQHandler
 .text.ENET_1588_Timer_IRQHandler
                0x60005d84        0x8 ./startup/startup_mimxrt1021.o
                0x60005d84                ENET_1588_Timer_IRQHandler
 .text.XBAR1_IRQ_0_1_IRQHandler
                0x60005d8c        0x8 ./startup/startup_mimxrt1021.o
                0x60005d8c                XBAR1_IRQ_0_1_IRQHandler
 .text.XBAR1_IRQ_2_3_IRQHandler
                0x60005d94        0x8 ./startup/startup_mimxrt1021.o
                0x60005d94                XBAR1_IRQ_2_3_IRQHandler
 .text.ADC_ETC_IRQ0_IRQHandler
                0x60005d9c        0x8 ./startup/startup_mimxrt1021.o
                0x60005d9c                ADC_ETC_IRQ0_IRQHandler
 .text.ADC_ETC_IRQ1_IRQHandler
                0x60005da4        0x8 ./startup/startup_mimxrt1021.o
                0x60005da4                ADC_ETC_IRQ1_IRQHandler
 .text.ADC_ETC_IRQ2_IRQHandler
                0x60005dac        0x8 ./startup/startup_mimxrt1021.o
                0x60005dac                ADC_ETC_IRQ2_IRQHandler
 .text.ADC_ETC_ERROR_IRQ_IRQHandler
                0x60005db4        0x8 ./startup/startup_mimxrt1021.o
                0x60005db4                ADC_ETC_ERROR_IRQ_IRQHandler
 .text.PIT_IRQHandler
                0x60005dbc        0x8 ./startup/startup_mimxrt1021.o
                0x60005dbc                PIT_IRQHandler
 .text.ACMP1_IRQHandler
                0x60005dc4        0x8 ./startup/startup_mimxrt1021.o
                0x60005dc4                ACMP1_IRQHandler
 .text.ACMP2_IRQHandler
                0x60005dcc        0x8 ./startup/startup_mimxrt1021.o
                0x60005dcc                ACMP2_IRQHandler
 .text.ACMP3_IRQHandler
                0x60005dd4        0x8 ./startup/startup_mimxrt1021.o
                0x60005dd4                ACMP3_IRQHandler
 .text.ACMP4_IRQHandler
                0x60005ddc        0x8 ./startup/startup_mimxrt1021.o
                0x60005ddc                ACMP4_IRQHandler
 .text.Reserved143_IRQHandler
                0x60005de4        0x8 ./startup/startup_mimxrt1021.o
                0x60005de4                Reserved143_IRQHandler
 .text.Reserved144_IRQHandler
                0x60005dec        0x8 ./startup/startup_mimxrt1021.o
                0x60005dec                Reserved144_IRQHandler
 .text.ENC1_IRQHandler
                0x60005df4        0x8 ./startup/startup_mimxrt1021.o
                0x60005df4                ENC1_IRQHandler
 .text.ENC2_IRQHandler
                0x60005dfc        0x8 ./startup/startup_mimxrt1021.o
                0x60005dfc                ENC2_IRQHandler
 .text.Reserved147_IRQHandler
                0x60005e04        0x8 ./startup/startup_mimxrt1021.o
                0x60005e04                Reserved147_IRQHandler
 .text.Reserved148_IRQHandler
                0x60005e0c        0x8 ./startup/startup_mimxrt1021.o
                0x60005e0c                Reserved148_IRQHandler
 .text.TMR1_IRQHandler
                0x60005e14        0x8 ./startup/startup_mimxrt1021.o
                0x60005e14                TMR1_IRQHandler
 .text.TMR2_IRQHandler
                0x60005e1c        0x8 ./startup/startup_mimxrt1021.o
                0x60005e1c                TMR2_IRQHandler
 .text.Reserved151_IRQHandler
                0x60005e24        0x8 ./startup/startup_mimxrt1021.o
                0x60005e24                Reserved151_IRQHandler
 .text.Reserved152_IRQHandler
                0x60005e2c        0x8 ./startup/startup_mimxrt1021.o
                0x60005e2c                Reserved152_IRQHandler
 .text.PWM2_0_IRQHandler
                0x60005e34        0x8 ./startup/startup_mimxrt1021.o
                0x60005e34                PWM2_0_IRQHandler
 .text.PWM2_1_IRQHandler
                0x60005e3c        0x8 ./startup/startup_mimxrt1021.o
                0x60005e3c                PWM2_1_IRQHandler
 .text.PWM2_2_IRQHandler
                0x60005e44        0x8 ./startup/startup_mimxrt1021.o
                0x60005e44                PWM2_2_IRQHandler
 .text.PWM2_3_IRQHandler
                0x60005e4c        0x8 ./startup/startup_mimxrt1021.o
                0x60005e4c                PWM2_3_IRQHandler
 .text.PWM2_FAULT_IRQHandler
                0x60005e54        0x8 ./startup/startup_mimxrt1021.o
                0x60005e54                PWM2_FAULT_IRQHandler
 .text.HardFault_Handler
                0x60005e5c       0x36 ./source/semihost_hardfault.o
                0x60005e5c                HardFault_Handler
 .text.SHT30_Send_Cmd
                0x60005e92       0x28 ./source/sht30.o
 .text.SHT30_reset
                0x60005eba       0x10 ./source/sht30.o
                0x60005eba                SHT30_reset
 .text.SHT30_Init
                0x60005eca       0x12 ./source/sht30.o
                0x60005eca                SHT30_Init
 .text.SHT30_Read_Dat
                0x60005edc       0x1a ./source/sht30.o
                0x60005edc                SHT30_Read_Dat
 .text.CheckCrc8
                0x60005ef6       0x76 ./source/sht30.o
                0x60005ef6                CheckCrc8
 .text.CLOCK_IsPllBypassed
                0x60005f6c       0x32 ./drivers/fsl_clock.o
 .text.CLOCK_IsPllEnabled
                0x60005f9e       0x3c ./drivers/fsl_clock.o
 .text.CLOCK_GetPllBypassRefClk
                0x60005fda       0x34 ./drivers/fsl_clock.o
 .text._SDK_AtomicLocalClearAndSet4Byte
                0x6000600e       0x50 ./drivers/fsl_lpuart.o
 .text.CLOCK_EnableClock
                0x6000605e       0x1e ./drivers/fsl_lpuart.o
 .text.LPUART_SoftwareReset
                0x6000607c       0x2c ./drivers/fsl_lpuart.o
 .text.SystemInitHook
                0x600060a8        0xe ./device/system_MIMXRT1021.o
                0x600060a8                SystemInitHook
 .text.HAL_UartGetStatus
                0x600060b6       0x28 ./component/uart/fsl_adapter_lpuart.o
 .text.DisableGlobalIRQ
                0x600060de       0x22 ./component/serial_manager/fsl_component_serial_manager.o
 .text.EnableGlobalIRQ
                0x60006100       0x20 ./component/serial_manager/fsl_component_serial_manager.o
 .text.SerialManager_StartWriting
                0x60006120       0x38 ./component/serial_manager/fsl_component_serial_manager.o
 .text.SerialManager_Write
                0x60006158       0x44 ./component/serial_manager/fsl_component_serial_manager.o
 .text.SerialManager_Init
                0x6000619c       0x60 ./component/serial_manager/fsl_component_serial_manager.o
                0x6000619c                SerialManager_Init
 .text.SerialManager_OpenWriteHandle
                0x600061fc       0x50 ./component/serial_manager/fsl_component_serial_manager.o
                0x600061fc                SerialManager_OpenWriteHandle
 .text.SerialManager_OpenReadHandle
                0x6000624c       0x60 ./component/serial_manager/fsl_component_serial_manager.o
                0x6000624c                SerialManager_OpenReadHandle
 .text.SerialManager_WriteBlocking
                0x600062ac       0x20 ./component/serial_manager/fsl_component_serial_manager.o
                0x600062ac                SerialManager_WriteBlocking
 .text.Serial_UartInit
                0x600062cc       0x3e ./component/serial_manager/fsl_component_serial_port_uart.o
                0x600062cc                Serial_UartInit
 .text.Serial_UartWrite
                0x6000630a       0x38 ./component/serial_manager/fsl_component_serial_port_uart.o
                0x6000630a                Serial_UartWrite
 .text.BOARD_InitDebugConsole
                0x60006342       0x22 ./board/board.o
                0x60006342                BOARD_InitDebugConsole
 .text._SDK_AtomicLocalClearAndSet4Byte
                0x60006364       0x50 ./board/clock_config.o
 .text.CLOCK_DisableClock
                0x600063b4       0x1e ./board/clock_config.o
 .text.CLOCK_SetPllBypass
                0x600063d2       0x4e ./board/clock_config.o
 .text.IOMUXC_SetSaiMClkClockSource
                0x60006420       0x6c ./board/clock_config.o
 .text.BOARD_InitBootClocks
                0x6000648c        0xc ./board/clock_config.o
                0x6000648c                BOARD_InitBootClocks
 .text.BOARD_InitPeripherals
                0x60006498        0xe ./board/peripherals.o
                0x60006498                BOARD_InitPeripherals
 .text.BOARD_InitBootPeripherals
                0x600064a6        0xc ./board/peripherals.o
                0x600064a6                BOARD_InitBootPeripherals
 .text._SDK_AtomicLocalClearAndSet4Byte
                0x600064b2       0x50 ./board/pin_mux.o
 .text.CLOCK_EnableClock
                0x60006502       0x1e ./board/pin_mux.o
 .text.IOMUXC_SetPinMux
                0x60006520       0x3a ./board/pin_mux.o
 .text.BOARD_InitBootPins
                0x6000655a       0x10 ./board/pin_mux.o
                0x6000655a                BOARD_InitBootPins
 .text.__main   0x6000656a        0xe c:/nxp/mcuxpressoide_11.9.0_2144/ide/plugins/com.nxp.mcuxpresso.tools.win32_11.9.0.202307121226/tools/bin/../lib/gcc/arm-none-eabi/12.3.1/../../../../arm-none-eabi/lib/thumb/v7e-m+fp/softfp\libcr_nohost_nf.a(_cr__main.o)
                0x6000656a                __main
 .text.memcpy   0x60006578        0x4 c:/nxp/mcuxpressoide_11.9.0_2144/ide/plugins/com.nxp.mcuxpresso.tools.win32_11.9.0.202307121226/tools/bin/../lib/gcc/arm-none-eabi/12.3.1/../../../../arm-none-eabi/lib/thumb/v7e-m+fp/softfp\libcr_c.a(memcpy.o)
                0x60006578                memcpy
 .text.memset   0x6000657c        0x4 c:/nxp/mcuxpressoide_11.9.0_2144/ide/plugins/com.nxp.mcuxpresso.tools.win32_11.9.0.202307121226/tools/bin/../lib/gcc/arm-none-eabi/12.3.1/../../../../arm-none-eabi/lib/thumb/v7e-m+fp/softfp\libcr_c.a(memset.o)
                0x6000657c                memset
 .text.free     0x60006580       0x30 c:/nxp/mcuxpressoide_11.9.0_2144/ide/plugins/com.nxp.mcuxpresso.tools.win32_11.9.0.202307121226/tools/bin/../lib/gcc/arm-none-eabi/12.3.1/../../../../arm-none-eabi/lib/thumb/v7e-m+fp/softfp\libcr_c.a(alloc.o)
                0x60006580                free
 .text.no_fp_display
                0x600065b0        0x4 c:/nxp/mcuxpressoide_11.9.0_2144/ide/plugins/com.nxp.mcuxpresso.tools.win32_11.9.0.202307121226/tools/bin/../lib/gcc/arm-none-eabi/12.3.1/../../../../arm-none-eabi/lib/thumb/v7e-m+fp/softfp\libcr_c.a(printf.o)
 .text.setvbuf  0x600065b4       0x3e c:/nxp/mcuxpressoide_11.9.0_2144/ide/plugins/com.nxp.mcuxpresso.tools.win32_11.9.0.202307121226/tools/bin/../lib/gcc/arm-none-eabi/12.3.1/../../../../arm-none-eabi/lib/thumb/v7e-m+fp/softfp\libcr_c.a(setvbuf.o)
                0x600065b4                setvbuf
 .text.strlen   0x600065f2       0x4e c:/nxp/mcuxpressoide_11.9.0_2144/ide/plugins/com.nxp.mcuxpresso.tools.win32_11.9.0.202307121226/tools/bin/../lib/gcc/arm-none-eabi/12.3.1/../../../../arm-none-eabi/lib/thumb/v7e-m+fp/softfp\libcr_c.a(strlen.o)
                0x600065f2                strlen
 .text._deferredlazyseek
                0x60006640       0x40 c:/nxp/mcuxpressoide_11.9.0_2144/ide/plugins/com.nxp.mcuxpresso.tools.win32_11.9.0.202307121226/tools/bin/../lib/gcc/arm-none-eabi/12.3.1/../../../../arm-none-eabi/lib/thumb/v7e-m+fp/softfp\libcr_c.a(_deferredlazyseek.o)
                0x60006640                _deferredlazyseek
 .text.__flsbuf
                0x60006680      0x140 c:/nxp/mcuxpressoide_11.9.0_2144/ide/plugins/com.nxp.mcuxpresso.tools.win32_11.9.0.202307121226/tools/bin/../lib/gcc/arm-none-eabi/12.3.1/../../../../arm-none-eabi/lib/thumb/v7e-m+fp/softfp\libcr_c.a(_deferredlazyseek.o)
                0x60006680                __flsbuf
 .text._fdopen  0x600067c0       0x68 c:/nxp/mcuxpressoide_11.9.0_2144/ide/plugins/com.nxp.mcuxpresso.tools.win32_11.9.0.202307121226/tools/bin/../lib/gcc/arm-none-eabi/12.3.1/../../../../arm-none-eabi/lib/thumb/v7e-m+fp/softfp\libcr_c.a(_fdopen.o)
                0x600067c0                _fdopen
 .text._fflush  0x60006828       0x52 c:/nxp/mcuxpressoide_11.9.0_2144/ide/plugins/com.nxp.mcuxpresso.tools.win32_11.9.0.202307121226/tools/bin/../lib/gcc/arm-none-eabi/12.3.1/../../../../arm-none-eabi/lib/thumb/v7e-m+fp/softfp\libcr_c.a(_fflush.o)
                0x60006828                _fflush
 .text.fclose   0x6000687a       0x58 c:/nxp/mcuxpressoide_11.9.0_2144/ide/plugins/com.nxp.mcuxpresso.tools.win32_11.9.0.202307121226/tools/bin/../lib/gcc/arm-none-eabi/12.3.1/../../../../arm-none-eabi/lib/thumb/v7e-m+fp/softfp\libcr_c.a(fclose.o)
                0x6000687a                fclose
 .text.remove   0x600068d2       0x14 c:/nxp/mcuxpressoide_11.9.0_2144/ide/plugins/com.nxp.mcuxpresso.tools.win32_11.9.0.202307121226/tools/bin/../lib/gcc/arm-none-eabi/12.3.1/../../../../arm-none-eabi/lib/thumb/v7e-m+fp/softfp\libcr_c.a(remove.o)
                0x600068d2                remove
 .text._do_fflush
                0x600068e6       0x40 c:/nxp/mcuxpressoide_11.9.0_2144/ide/plugins/com.nxp.mcuxpresso.tools.win32_11.9.0.202307121226/tools/bin/../lib/gcc/arm-none-eabi/12.3.1/../../../../arm-none-eabi/lib/thumb/v7e-m+fp/softfp\libcr_c.a(_do_fflush.o)
                0x600068e6                _do_fflush
 .text.__aeabi_division_uldivmod
                0x60006926      0x174 c:/nxp/mcuxpressoide_11.9.0_2144/ide/plugins/com.nxp.mcuxpresso.tools.win32_11.9.0.202307121226/tools/bin/../lib/gcc/arm-none-eabi/12.3.1/thumb/v7e-m+fp/softfp\libcr_eabihelpers.a(division_64.o)
                0x60006926                __aeabi_uldivmod
                0x6000692a                __bhs_ldivmod1
 .text.__aeabi_division_idiv0
                0x60006a9a        0x2 c:/nxp/mcuxpressoide_11.9.0_2144/ide/plugins/com.nxp.mcuxpresso.tools.win32_11.9.0.202307121226/tools/bin/../lib/gcc/arm-none-eabi/12.3.1/thumb/v7e-m+fp/softfp\libcr_eabihelpers.a(division_idiv0.o)
                0x60006a9a                __aeabi_idiv0
 .text.__aeabi_memcpy
                0x60006a9c       0x34 c:/nxp/mcuxpressoide_11.9.0_2144/ide/plugins/com.nxp.mcuxpresso.tools.win32_11.9.0.202307121226/tools/bin/../lib/gcc/arm-none-eabi/12.3.1/thumb/v7e-m+fp/softfp\libcr_eabihelpers.a(memcpy.o)
                0x60006a9c                __aeabi_memcpy
                0x60006aa6                __aeabi_memcpy8
                0x60006aa6                __aeabi_memcpy4
 .text.__aeabi_memset_lowlevel
                0x60006ad0       0x32 c:/nxp/mcuxpressoide_11.9.0_2144/ide/plugins/com.nxp.mcuxpresso.tools.win32_11.9.0.202307121226/tools/bin/../lib/gcc/arm-none-eabi/12.3.1/thumb/v7e-m+fp/softfp\libcr_eabihelpers.a(memcpy.o)
                0x60006ad0                __aeabi_lowlevel_memset
 .text.__sys_appexit
                0x60006b02        0x2 c:/nxp/mcuxpressoide_11.9.0_2144/ide/plugins/com.nxp.mcuxpresso.tools.win32_11.9.0.202307121226/tools/bin/../lib/gcc/arm-none-eabi/12.3.1/../../../../arm-none-eabi/lib/thumb/v7e-m+fp/softfp\libcr_nohost_nf.a(__sys_appexit.o)
                0x60006b02                __sys_appexit
                0x60006b02                __exit
 .text.__sys_close
                0x60006b04        0x6 c:/nxp/mcuxpressoide_11.9.0_2144/ide/plugins/com.nxp.mcuxpresso.tools.win32_11.9.0.202307121226/tools/bin/../lib/gcc/arm-none-eabi/12.3.1/../../../../arm-none-eabi/lib/thumb/v7e-m+fp/softfp\libcr_nohost_nf.a(__sys_close.o)
                0x60006b04                __sys_close
 .text.__sys_flen
                0x60006b0a        0x6 c:/nxp/mcuxpressoide_11.9.0_2144/ide/plugins/com.nxp.mcuxpresso.tools.win32_11.9.0.202307121226/tools/bin/../lib/gcc/arm-none-eabi/12.3.1/../../../../arm-none-eabi/lib/thumb/v7e-m+fp/softfp\libcr_nohost_nf.a(__sys_flen.o)
                0x60006b0a                __sys_flen
 .text.__sys_istty
                0x60006b10        0x6 c:/nxp/mcuxpressoide_11.9.0_2144/ide/plugins/com.nxp.mcuxpresso.tools.win32_11.9.0.202307121226/tools/bin/../lib/gcc/arm-none-eabi/12.3.1/../../../../arm-none-eabi/lib/thumb/v7e-m+fp/softfp\libcr_nohost_nf.a(__sys_istty.o)
                0x60006b10                __sys_istty
 .text.__sys_remove
                0x60006b16        0x6 c:/nxp/mcuxpressoide_11.9.0_2144/ide/plugins/com.nxp.mcuxpresso.tools.win32_11.9.0.202307121226/tools/bin/../lib/gcc/arm-none-eabi/12.3.1/../../../../arm-none-eabi/lib/thumb/v7e-m+fp/softfp\libcr_nohost_nf.a(__sys_remove.o)
                0x60006b16                __sys_remove
 .text.__sys_seek
                0x60006b1c        0x6 c:/nxp/mcuxpressoide_11.9.0_2144/ide/plugins/com.nxp.mcuxpresso.tools.win32_11.9.0.202307121226/tools/bin/../lib/gcc/arm-none-eabi/12.3.1/../../../../arm-none-eabi/lib/thumb/v7e-m+fp/softfp\libcr_nohost_nf.a(__sys_seek.o)
                0x60006b1c                __sys_seek
 .text.__sys_tmpnam
                0x60006b22        0x6 c:/nxp/mcuxpressoide_11.9.0_2144/ide/plugins/com.nxp.mcuxpresso.tools.win32_11.9.0.202307121226/tools/bin/../lib/gcc/arm-none-eabi/12.3.1/../../../../arm-none-eabi/lib/thumb/v7e-m+fp/softfp\libcr_nohost_nf.a(__sys_tmpnam.o)
                0x60006b22                __sys_tmpnam
 .text.__sys_write
                0x60006b28        0x4 c:/nxp/mcuxpressoide_11.9.0_2144/ide/plugins/com.nxp.mcuxpresso.tools.win32_11.9.0.202307121226/tools/bin/../lib/gcc/arm-none-eabi/12.3.1/../../../../arm-none-eabi/lib/thumb/v7e-m+fp/softfp\libcr_nohost_nf.a(__sys_write.o)
                0x60006b28                __sys_write
 *(SORT_BY_ALIGNMENT(.rodata) SORT_BY_ALIGNMENT(.rodata.*) SORT_BY_ALIGNMENT(.constdata) SORT_BY_ALIGNMENT(.constdata.*))
 .rodata.__assertion_failed.str1.4
                0x60006b2c       0x14 ./utilities/fsl_assert.o
 .rodata.main.str1.4
                0x60006b40       0x78 ./source/MIMXRT1021_I2C_Test.o
 .rodata.CLOCK_InitExternalClk.str1.4
                0x60006bb8       0x21 ./drivers/fsl_clock.o
 *fill*         0x60006bd9        0x3 ff
 .rodata.CLOCK_GetPllFreq.str1.4
                0x60006bdc       0x30 ./drivers/fsl_clock.o
 .rodata.enetRefClkFreq.0
                0x60006c0c       0x10 ./drivers/fsl_clock.o
 .rodata.CLOCK_ControlGate.str1.4
                0x60006c1c       0x20 ./drivers/fsl_lpuart.o
 .rodata.s_lpuartBases
                0x60006c3c       0x24 ./drivers/fsl_lpuart.o
 .rodata.s_lpuartClock
                0x60006c60       0x12 ./drivers/fsl_lpuart.o
 *fill*         0x60006c72        0x2 ff
 .rodata.LPUART_GetInstance.str1.4
                0x60006c74       0x38 ./drivers/fsl_lpuart.o
 .rodata.LPUART_Init.str1.4
                0x60006cac      0x10a ./drivers/fsl_lpuart.o
 *fill*         0x60006db6        0x2 ff
 .rodata.LPUART_GetDefaultConfig.str1.4
                0x60006db8       0x22 ./drivers/fsl_lpuart.o
 *fill*         0x60006dda        0x2 ff
 .rodata.LPUART_WriteBlocking.str1.4
                0x60006ddc       0x21 ./drivers/fsl_lpuart.o
 *fill*         0x60006dfd        0x3 ff
 .rodata.s_LpuartAdapterBase
                0x60006e00       0x24 ./component/uart/fsl_adapter_lpuart.o
 .rodata.HAL_UartInit.str1.4
                0x60006e24      0x116 ./component/uart/fsl_adapter_lpuart.o
 *fill*         0x60006f3a        0x2 ff
 .rodata.HAL_UartSendBlocking.str1.4
                0x60006f3c       0x7b ./component/uart/fsl_adapter_lpuart.o
 *fill*         0x60006fb7        0x1 ff
 .rodata.BOARD_ConfigMPU.str1.4
                0x60006fb8       0x69 ./board/board.o
 *fill*         0x60007021        0x3 ff
 .rodata.CLOCK_SetMux.str1.4
                0x60007024       0x8a ./board/clock_config.o
 *fill*         0x600070ae        0x2 ff
 .rodata.CLOCK_SetDiv.str1.4
                0x600070b0       0x8a ./board/clock_config.o
 *fill*         0x6000713a        0x2 ff
 .rodata.CLOCK_ControlGate.str1.4
                0x6000713c       0x79 ./board/clock_config.o
 *fill*         0x600071b5        0x3 ff
 .rodata.sysPllConfig_BOARD_BootClockRUN
                0x600071b8       0x14 ./board/clock_config.o
                0x600071b8                sysPllConfig_BOARD_BootClockRUN
 .rodata.enetPllConfig_BOARD_BootClockRUN
                0x600071cc        0x5 ./board/clock_config.o
                0x600071cc                enetPllConfig_BOARD_BootClockRUN
 .rodata.CLOCK_ControlGate.str1.4
                0x600071d1       0x79 ./board/pin_mux.o
 *fill*         0x600071d1        0x3 ff
 .rodata.__num_Ciob_streams
                0x600071d4        0x4 c:/nxp/mcuxpressoide_11.9.0_2144/ide/plugins/com.nxp.mcuxpresso.tools.win32_11.9.0.202307121226/tools/bin/../lib/gcc/arm-none-eabi/12.3.1/../../../../arm-none-eabi/lib/thumb/v7e-m+fp/softfp\libcr_nohost_nf.a(__ciob.o)
                0x600071d4                __num_Ciob_streams
 .rodata._Csys_alloc.str1.1
                0x600071d8       0x18 c:/nxp/mcuxpressoide_11.9.0_2144/ide/plugins/com.nxp.mcuxpresso.tools.win32_11.9.0.202307121226/tools/bin/../lib/gcc/arm-none-eabi/12.3.1/../../../../arm-none-eabi/lib/thumb/v7e-m+fp/softfp\libcr_c.a(alloc.o)
 .rodata._initio.str1.1
                0x600071f0        0x4 c:/nxp/mcuxpressoide_11.9.0_2144/ide/plugins/com.nxp.mcuxpresso.tools.win32_11.9.0.202307121226/tools/bin/../lib/gcc/arm-none-eabi/12.3.1/../../../../arm-none-eabi/lib/thumb/v7e-m+fp/softfp\libcr_c.a(initio.o)
 .rodata.__vfprintf.str1.1
                0x600071f4       0x37 c:/nxp/mcuxpressoide_11.9.0_2144/ide/plugins/com.nxp.mcuxpresso.tools.win32_11.9.0.202307121226/tools/bin/../lib/gcc/arm-none-eabi/12.3.1/../../../../arm-none-eabi/lib/thumb/v7e-m+fp/softfp\libcr_c.a(printf.o)
                                 0x38 (size before relaxing)
                0x6000722c                        . = ALIGN (0x4)
 *fill*         0x6000722b        0x1 ff

.glue_7         0x6000722c        0x0
 .glue_7        0x6000722c        0x0 linker stubs

.glue_7t        0x6000722c        0x0
 .glue_7t       0x6000722c        0x0 linker stubs

.vfp11_veneer   0x6000722c        0x0
 .vfp11_veneer  0x6000722c        0x0 linker stubs

.v4_bx          0x6000722c        0x0
 .v4_bx         0x6000722c        0x0 linker stubs

.iplt           0x6000722c        0x0
 .iplt          0x6000722c        0x0 ./xip/fsl_flexspi_nor_boot.o

.rel.dyn        0x6000722c        0x0
 .rel.iplt      0x6000722c        0x0 ./xip/fsl_flexspi_nor_boot.o

.ARM.extab
 *(SORT_BY_ALIGNMENT(.ARM.extab*) SORT_BY_ALIGNMENT(.gnu.linkonce.armextab.*))

.ARM.exidx      0x6000722c        0x0
                0x6000722c                        __exidx_start = .
 *(SORT_BY_ALIGNMENT(.ARM.exidx*) SORT_BY_ALIGNMENT(.gnu.linkonce.armexidx.*))
                0x6000722c                        __exidx_end = .
                0x6000722c                        _etext = .

.data_RAM2      0x00000000        0x0 load address 0x6000722c
 FILL mask 0xff
                [!provide]                        PROVIDE (__start_data_RAM2 = .)
                [!provide]                        PROVIDE (__start_data_SRAM_ITC = .)
 *(SORT_BY_ALIGNMENT(.ramfunc.$RAM2))
 *(SORT_BY_ALIGNMENT(.ramfunc.$SRAM_ITC))
 *(SORT_BY_ALIGNMENT(.data.$RAM2))
 *(SORT_BY_ALIGNMENT(.data.$SRAM_ITC))
 *(SORT_BY_ALIGNMENT(.data.$RAM2.*))
 *(SORT_BY_ALIGNMENT(.data.$SRAM_ITC.*))
                0x00000000                        . = ALIGN (0x4)
                [!provide]                        PROVIDE (__end_data_RAM2 = .)
                [!provide]                        PROVIDE (__end_data_SRAM_ITC = .)

.data_RAM3      0x20200000        0x0 load address 0x6000722c
 FILL mask 0xff
                [!provide]                        PROVIDE (__start_data_RAM3 = .)
                [!provide]                        PROVIDE (__start_data_SRAM_OC = .)
 *(SORT_BY_ALIGNMENT(.ramfunc.$RAM3))
 *(SORT_BY_ALIGNMENT(.ramfunc.$SRAM_OC))
 *(SORT_BY_ALIGNMENT(.data.$RAM3))
 *(SORT_BY_ALIGNMENT(.data.$SRAM_OC))
 *(SORT_BY_ALIGNMENT(.data.$RAM3.*))
 *(SORT_BY_ALIGNMENT(.data.$SRAM_OC.*))
                0x20200000                        . = ALIGN (0x4)
                [!provide]                        PROVIDE (__end_data_RAM3 = .)
                [!provide]                        PROVIDE (__end_data_SRAM_OC = .)

.data_RAM4      0x80000000        0x0 load address 0x6000722c
 FILL mask 0xff
                [!provide]                        PROVIDE (__start_data_RAM4 = .)
                [!provide]                        PROVIDE (__start_data_BOARD_SDRAM = .)
 *(SORT_BY_ALIGNMENT(.ramfunc.$RAM4))
 *(SORT_BY_ALIGNMENT(.ramfunc.$BOARD_SDRAM))
 *(SORT_BY_ALIGNMENT(.data.$RAM4))
 *(SORT_BY_ALIGNMENT(.data.$BOARD_SDRAM))
 *(SORT_BY_ALIGNMENT(.data.$RAM4.*))
 *(SORT_BY_ALIGNMENT(.data.$BOARD_SDRAM.*))
                0x80000000                        . = ALIGN (0x4)
                [!provide]                        PROVIDE (__end_data_RAM4 = .)
                [!provide]                        PROVIDE (__end_data_BOARD_SDRAM = .)

.data_RAM5      0x81e00000        0x0 load address 0x6000722c
 FILL mask 0xff
                [!provide]                        PROVIDE (__start_data_RAM5 = .)
                [!provide]                        PROVIDE (__start_data_NCACHE_REGION = .)
 *(SORT_BY_ALIGNMENT(.ramfunc.$RAM5))
 *(SORT_BY_ALIGNMENT(.ramfunc.$NCACHE_REGION))
 *(SORT_BY_ALIGNMENT(.data.$RAM5))
 *(SORT_BY_ALIGNMENT(.data.$NCACHE_REGION))
 *(SORT_BY_ALIGNMENT(.data.$RAM5.*))
 *(SORT_BY_ALIGNMENT(.data.$NCACHE_REGION.*))
                0x81e00000                        . = ALIGN (0x4)
                [!provide]                        PROVIDE (__end_data_RAM5 = .)
                [!provide]                        PROVIDE (__end_data_NCACHE_REGION = .)

.uninit_RESERVED
                0x20000000        0x0
                0x20000000                        _start_uninit_RESERVED = .
 *(SORT_BY_ALIGNMENT(.bss.$RESERVED*))
                0x20000000                        . = ALIGN (0x4)
                0x20000000                        _end_uninit_RESERVED = .

.data           0x20000000        0x4 load address 0x6000722c
 FILL mask 0xff
                0x20000000                        _data = .
                [!provide]                        PROVIDE (__start_data_RAM = .)
                [!provide]                        PROVIDE (__start_data_SRAM_DTC = .)
 *(SORT_BY_ALIGNMENT(vtable))
 *(SORT_BY_ALIGNMENT(.ramfunc*))
 *(SORT_BY_ALIGNMENT(CodeQuickAccess))
 *(SORT_BY_ALIGNMENT(DataQuickAccess))
 *(SORT_BY_ALIGNMENT(RamFunction))
 *(SORT_BY_ALIGNMENT(.data*))
 .data.SystemCoreClock
                0x20000000        0x4 ./device/system_MIMXRT1021.o
                0x20000000                SystemCoreClock
                0x20000004                        . = ALIGN (0x4)
                0x20000004                        _edata = .
                [!provide]                        PROVIDE (__end_data_RAM = .)
                [!provide]                        PROVIDE (__end_data_SRAM_DTC = .)

.igot.plt       0x20000004        0x0 load address 0x60007230
 .igot.plt      0x20000004        0x0 ./xip/fsl_flexspi_nor_boot.o

.bss_RAM2       0x00000000        0x0
                [!provide]                        PROVIDE (__start_bss_RAM2 = .)
                [!provide]                        PROVIDE (__start_bss_SRAM_ITC = .)
 *(SORT_BY_ALIGNMENT(.bss.$RAM2))
 *(SORT_BY_ALIGNMENT(.bss.$SRAM_ITC))
 *(SORT_BY_ALIGNMENT(.bss.$RAM2.*))
 *(SORT_BY_ALIGNMENT(.bss.$SRAM_ITC.*))
                0x00000000                        . = ALIGN ((. != 0x0)?0x4:0x1)
                [!provide]                        PROVIDE (__end_bss_RAM2 = .)
                [!provide]                        PROVIDE (__end_bss_SRAM_ITC = .)

.bss_RAM3       0x20200000        0x0
                [!provide]                        PROVIDE (__start_bss_RAM3 = .)
                [!provide]                        PROVIDE (__start_bss_SRAM_OC = .)
 *(SORT_BY_ALIGNMENT(.bss.$RAM3))
 *(SORT_BY_ALIGNMENT(.bss.$SRAM_OC))
 *(SORT_BY_ALIGNMENT(.bss.$RAM3.*))
 *(SORT_BY_ALIGNMENT(.bss.$SRAM_OC.*))
                0x20200000                        . = ALIGN ((. != 0x0)?0x4:0x1)
                [!provide]                        PROVIDE (__end_bss_RAM3 = .)
                [!provide]                        PROVIDE (__end_bss_SRAM_OC = .)

.bss_RAM4       0x80000000        0x0
                [!provide]                        PROVIDE (__start_bss_RAM4 = .)
                [!provide]                        PROVIDE (__start_bss_BOARD_SDRAM = .)
 *(SORT_BY_ALIGNMENT(.bss.$RAM4))
 *(SORT_BY_ALIGNMENT(.bss.$BOARD_SDRAM))
 *(SORT_BY_ALIGNMENT(.bss.$RAM4.*))
 *(SORT_BY_ALIGNMENT(.bss.$BOARD_SDRAM.*))
                0x80000000                        . = ALIGN ((. != 0x0)?0x4:0x1)
                [!provide]                        PROVIDE (__end_bss_RAM4 = .)
                [!provide]                        PROVIDE (__end_bss_BOARD_SDRAM = .)

.bss_RAM5       0x81e00000        0x0
                [!provide]                        PROVIDE (__start_bss_RAM5 = .)
                [!provide]                        PROVIDE (__start_bss_NCACHE_REGION = .)
 *(SORT_BY_ALIGNMENT(.bss.$RAM5))
 *(SORT_BY_ALIGNMENT(.bss.$NCACHE_REGION))
 *(SORT_BY_ALIGNMENT(.bss.$RAM5.*))
 *(SORT_BY_ALIGNMENT(.bss.$NCACHE_REGION.*))
                0x81e00000                        . = ALIGN ((. != 0x0)?0x4:0x1)
                [!provide]                        PROVIDE (__end_bss_RAM5 = .)
                [!provide]                        PROVIDE (__end_bss_NCACHE_REGION = .)

.bss            0x20000004      0x138
                0x20000004                        _bss = .
                [!provide]                        PROVIDE (__start_bss_RAM = .)
                [!provide]                        PROVIDE (__start_bss_SRAM_DTC = .)
 *(SORT_BY_ALIGNMENT(.bss*))
 .bss.s_debugConsoleState
                0x20000004       0x20 ./utilities/fsl_debug_console.o
 .bss.g_serialHandle
                0x20000024        0x4 ./utilities/fsl_debug_console.o
                0x20000024                g_serialHandle
 .bss.g_xtalFreq
                0x20000028        0x4 ./drivers/fsl_clock.o
                0x20000028                g_xtalFreq
 .bss.g_rtcXtalFreq
                0x2000002c        0x4 ./drivers/fsl_clock.o
                0x2000002c                g_rtcXtalFreq
 .bss.s_lpuartHandle
                0x20000030       0x24 ./drivers/fsl_lpuart.o
                0x20000030                s_lpuartHandle
 .bss.s_lpuartIsr
                0x20000054       0x24 ./drivers/fsl_lpuart.o
                0x20000054                s_lpuartIsr
 .bss.errno     0x20000078        0x4 c:/nxp/mcuxpressoide_11.9.0_2144/ide/plugins/com.nxp.mcuxpresso.tools.win32_11.9.0.202307121226/tools/bin/../lib/gcc/arm-none-eabi/12.3.1/../../../../arm-none-eabi/lib/thumb/v7e-m+fp/softfp\libcr_c.a(errno.o)
                0x20000078                errno
 .bss.__end_of_heap
                0x2000007c        0x4 c:/nxp/mcuxpressoide_11.9.0_2144/ide/plugins/com.nxp.mcuxpresso.tools.win32_11.9.0.202307121226/tools/bin/../lib/gcc/arm-none-eabi/12.3.1/../../../../arm-none-eabi/lib/thumb/v7e-m+fp/softfp\libcr_c.a(__init_alloc.o)
                0x2000007c                __end_of_heap
 .bss.__heaps   0x20000080        0x4 c:/nxp/mcuxpressoide_11.9.0_2144/ide/plugins/com.nxp.mcuxpresso.tools.win32_11.9.0.202307121226/tools/bin/../lib/gcc/arm-none-eabi/12.3.1/../../../../arm-none-eabi/lib/thumb/v7e-m+fp/softfp\libcr_c.a(__init_alloc.o)
                0x20000080                __heaps
 .bss.__Ciob    0x20000084       0xb4 c:/nxp/mcuxpressoide_11.9.0_2144/ide/plugins/com.nxp.mcuxpresso.tools.win32_11.9.0.202307121226/tools/bin/../lib/gcc/arm-none-eabi/12.3.1/../../../../arm-none-eabi/lib/thumb/v7e-m+fp/softfp\libcr_nohost_nf.a(__ciob.o)
                0x20000084                __Ciob
 .bss.s_debugConsoleReadWaitSemaphore
                0x20000138        0x1 ./utilities/fsl_debug_console.o
 *(SORT_BY_ALIGNMENT(COMMON))
                0x2000013c                        . = ALIGN (0x4)
 *fill*         0x20000139        0x3 
                0x2000013c                        _ebss = .
                [!provide]                        PROVIDE (__end_bss_RAM = .)
                [!provide]                        PROVIDE (__end_bss_SRAM_DTC = .)
                [!provide]                        PROVIDE (end = .)

.noinit_RAM2    0x00000000        0x0
                [!provide]                        PROVIDE (__start_noinit_RAM2 = .)
                [!provide]                        PROVIDE (__start_noinit_SRAM_ITC = .)
 *(SORT_BY_ALIGNMENT(.noinit.$RAM2))
 *(SORT_BY_ALIGNMENT(.noinit.$SRAM_ITC))
 *(SORT_BY_ALIGNMENT(.noinit.$RAM2.*))
 *(SORT_BY_ALIGNMENT(.noinit.$SRAM_ITC.*))
                0x00000000                        . = ALIGN (0x4)
                [!provide]                        PROVIDE (__end_noinit_RAM2 = .)
                [!provide]                        PROVIDE (__end_noinit_SRAM_ITC = .)

.noinit_RAM3    0x20200000        0x0
                [!provide]                        PROVIDE (__start_noinit_RAM3 = .)
                [!provide]                        PROVIDE (__start_noinit_SRAM_OC = .)
 *(SORT_BY_ALIGNMENT(.noinit.$RAM3))
 *(SORT_BY_ALIGNMENT(.noinit.$SRAM_OC))
 *(SORT_BY_ALIGNMENT(.noinit.$RAM3.*))
 *(SORT_BY_ALIGNMENT(.noinit.$SRAM_OC.*))
                0x20200000                        . = ALIGN (0x4)
                [!provide]                        PROVIDE (__end_noinit_RAM3 = .)
                [!provide]                        PROVIDE (__end_noinit_SRAM_OC = .)

.noinit_RAM4    0x80000000        0x0
                [!provide]                        PROVIDE (__start_noinit_RAM4 = .)
                [!provide]                        PROVIDE (__start_noinit_BOARD_SDRAM = .)
 *(SORT_BY_ALIGNMENT(.noinit.$RAM4))
 *(SORT_BY_ALIGNMENT(.noinit.$BOARD_SDRAM))
 *(SORT_BY_ALIGNMENT(.noinit.$RAM4.*))
 *(SORT_BY_ALIGNMENT(.noinit.$BOARD_SDRAM.*))
                0x80000000                        . = ALIGN (0x4)
                [!provide]                        PROVIDE (__end_noinit_RAM4 = .)
                [!provide]                        PROVIDE (__end_noinit_BOARD_SDRAM = .)

.noinit_RAM5    0x81e00000        0x0
                [!provide]                        PROVIDE (__start_noinit_RAM5 = .)
                [!provide]                        PROVIDE (__start_noinit_NCACHE_REGION = .)
 *(SORT_BY_ALIGNMENT(.noinit.$RAM5))
 *(SORT_BY_ALIGNMENT(.noinit.$NCACHE_REGION))
 *(SORT_BY_ALIGNMENT(.noinit.$RAM5.*))
 *(SORT_BY_ALIGNMENT(.noinit.$NCACHE_REGION.*))
                0x81e00000                        . = ALIGN (0x4)
                [!provide]                        PROVIDE (__end_noinit_RAM5 = .)
                [!provide]                        PROVIDE (__end_noinit_NCACHE_REGION = .)

.noinit         0x2000013c        0x0
                0x2000013c                        _noinit = .
                [!provide]                        PROVIDE (__start_noinit_RAM = .)
                [!provide]                        PROVIDE (__start_noinit_SRAM_DTC = .)
 *(SORT_BY_ALIGNMENT(.noinit*))
                0x2000013c                        . = ALIGN (0x4)
                0x2000013c                        _end_noinit = .
                [!provide]                        PROVIDE (__end_noinit_RAM = .)
                [!provide]                        PROVIDE (__end_noinit_SRAM_DTC = .)
                0x00001000                        _HeapSize = 0x1000

.heap           0x2000013c     0x1000
                0x2000013c                        _pvHeapStart = .
                0x2000113c                        . = (. + _HeapSize)
 *fill*         0x2000013c     0x1000 
                0x2000113c                        . = ALIGN (0x4)
                0x2000113c                        _pvHeapLimit = .
                0x00001000                        _StackSize = 0x1000

.heap2stackfill
                0x2000113c     0x1000
                0x2000213c                        . = (. + _StackSize)
 *fill*         0x2000113c     0x1000 

.stack          0x2000f000        0x0
                0x2000f000                        _vStackBase = .
                0x2000f000                        . = ALIGN (0x4)
                0x20010000                        _vStackTop = (. + _StackSize)
                0x60002000                        _image_start = LOADADDR (.text)
                0x60007230                        _image_end = (LOADADDR (.data) + SIZEOF (.data))
                0x00005230                        _image_size = (_image_end - _image_start)
OUTPUT(MIMXRT1021_I2C_Test.axf elf32-littlearm)
LOAD linker stubs

.debug_info     0x00000000    0x13f69
 .debug_info    0x00000000      0x885 ./xip/evkmimxrt1020_flexspi_nor_config.o
 .debug_info    0x00000885      0x481 ./xip/fsl_flexspi_nor_boot.o
 .debug_info    0x00000d06      0x12e ./utilities/fsl_assert.o
 .debug_info    0x00000e34      0xe25 ./utilities/fsl_debug_console.o
 .debug_info    0x00001c59      0xd5d ./utilities/fsl_str.o
 .debug_info    0x000029b6     0x12fd ./startup/startup_mimxrt1021.o
 .debug_info    0x00003cb3      0x191 ./source/MIMXRT1021_I2C_Test.o
 .debug_info    0x00003e44       0x3c ./source/semihost_hardfault.o
 .debug_info    0x00003e80      0x2bb ./source/sht30.o
 .debug_info    0x0000413b     0x21bb ./drivers/fsl_clock.o
 .debug_info    0x000062f6     0x27aa ./drivers/fsl_lpuart.o
 .debug_info    0x00008aa0      0xb9f ./device/system_MIMXRT1021.o
 .debug_info    0x0000963f      0xbdf ./component/uart/fsl_adapter_lpuart.o
 .debug_info    0x0000a21e      0xd99 ./component/serial_manager/fsl_component_serial_manager.o
 .debug_info    0x0000afb7      0x551 ./component/serial_manager/fsl_component_serial_port_uart.o
 .debug_info    0x0000b508      0xfcf ./board/board.o
 .debug_info    0x0000c4d7     0x1855 ./board/clock_config.o
 .debug_info    0x0000dd2c       0x9b ./board/peripherals.o
 .debug_info    0x0000ddc7      0x840 ./board/pin_mux.o
 .debug_info    0x0000e607       0x85 c:/nxp/mcuxpressoide_11.9.0_2144/ide/plugins/com.nxp.mcuxpresso.tools.win32_11.9.0.202307121226/tools/bin/../lib/gcc/arm-none-eabi/12.3.1/../../../../arm-none-eabi/lib/thumb/v7e-m+fp/softfp\libcr_nohost_nf.a(_cr__main.o)
 .debug_info    0x0000e68c      0x119 c:/nxp/mcuxpressoide_11.9.0_2144/ide/plugins/com.nxp.mcuxpresso.tools.win32_11.9.0.202307121226/tools/bin/../lib/gcc/arm-none-eabi/12.3.1/../../../../arm-none-eabi/lib/thumb/v7e-m+fp/softfp\libcr_c.a(memcpy.o)
 .debug_info    0x0000e7a5       0xe3 c:/nxp/mcuxpressoide_11.9.0_2144/ide/plugins/com.nxp.mcuxpresso.tools.win32_11.9.0.202307121226/tools/bin/../lib/gcc/arm-none-eabi/12.3.1/../../../../arm-none-eabi/lib/thumb/v7e-m+fp/softfp\libcr_c.a(memset.o)
 .debug_info    0x0000e888      0x506 c:/nxp/mcuxpressoide_11.9.0_2144/ide/plugins/com.nxp.mcuxpresso.tools.win32_11.9.0.202307121226/tools/bin/../lib/gcc/arm-none-eabi/12.3.1/../../../../arm-none-eabi/lib/thumb/v7e-m+fp/softfp\libcr_c.a(alloc.o)
 .debug_info    0x0000ed8e       0x44 c:/nxp/mcuxpressoide_11.9.0_2144/ide/plugins/com.nxp.mcuxpresso.tools.win32_11.9.0.202307121226/tools/bin/../lib/gcc/arm-none-eabi/12.3.1/../../../../arm-none-eabi/lib/thumb/v7e-m+fp/softfp\libcr_c.a(errno.o)
 .debug_info    0x0000edd2      0x339 c:/nxp/mcuxpressoide_11.9.0_2144/ide/plugins/com.nxp.mcuxpresso.tools.win32_11.9.0.202307121226/tools/bin/../lib/gcc/arm-none-eabi/12.3.1/../../../../arm-none-eabi/lib/thumb/v7e-m+fp/softfp\libcr_c.a(initio.o)
 .debug_info    0x0000f10b     0x1268 c:/nxp/mcuxpressoide_11.9.0_2144/ide/plugins/com.nxp.mcuxpresso.tools.win32_11.9.0.202307121226/tools/bin/../lib/gcc/arm-none-eabi/12.3.1/../../../../arm-none-eabi/lib/thumb/v7e-m+fp/softfp\libcr_c.a(printf.o)
 .debug_info    0x00010373      0x1f6 c:/nxp/mcuxpressoide_11.9.0_2144/ide/plugins/com.nxp.mcuxpresso.tools.win32_11.9.0.202307121226/tools/bin/../lib/gcc/arm-none-eabi/12.3.1/../../../../arm-none-eabi/lib/thumb/v7e-m+fp/softfp\libcr_c.a(setvbuf.o)
 .debug_info    0x00010569       0xda c:/nxp/mcuxpressoide_11.9.0_2144/ide/plugins/com.nxp.mcuxpresso.tools.win32_11.9.0.202307121226/tools/bin/../lib/gcc/arm-none-eabi/12.3.1/../../../../arm-none-eabi/lib/thumb/v7e-m+fp/softfp\libcr_c.a(strlen.o)
 .debug_info    0x00010643       0xd4 c:/nxp/mcuxpressoide_11.9.0_2144/ide/plugins/com.nxp.mcuxpresso.tools.win32_11.9.0.202307121226/tools/bin/../lib/gcc/arm-none-eabi/12.3.1/../../../../arm-none-eabi/lib/thumb/v7e-m+fp/softfp\libcr_c.a(__init_alloc.o)
 .debug_info    0x00010717      0x100 c:/nxp/mcuxpressoide_11.9.0_2144/ide/plugins/com.nxp.mcuxpresso.tools.win32_11.9.0.202307121226/tools/bin/../lib/gcc/arm-none-eabi/12.3.1/../../../../arm-none-eabi/lib/thumb/v7e-m+fp/softfp\libcr_c.a(_cr_sbrk.o)
 .debug_info    0x00010817      0x362 c:/nxp/mcuxpressoide_11.9.0_2144/ide/plugins/com.nxp.mcuxpresso.tools.win32_11.9.0.202307121226/tools/bin/../lib/gcc/arm-none-eabi/12.3.1/../../../../arm-none-eabi/lib/thumb/v7e-m+fp/softfp\libcr_c.a(_deferredlazyseek.o)
 .debug_info    0x00010b79      0x244 c:/nxp/mcuxpressoide_11.9.0_2144/ide/plugins/com.nxp.mcuxpresso.tools.win32_11.9.0.202307121226/tools/bin/../lib/gcc/arm-none-eabi/12.3.1/../../../../arm-none-eabi/lib/thumb/v7e-m+fp/softfp\libcr_c.a(_fdopen.o)
 .debug_info    0x00010dbd      0x1e3 c:/nxp/mcuxpressoide_11.9.0_2144/ide/plugins/com.nxp.mcuxpresso.tools.win32_11.9.0.202307121226/tools/bin/../lib/gcc/arm-none-eabi/12.3.1/../../../../arm-none-eabi/lib/thumb/v7e-m+fp/softfp\libcr_c.a(_fflush.o)
 .debug_info    0x00010fa0      0x282 c:/nxp/mcuxpressoide_11.9.0_2144/ide/plugins/com.nxp.mcuxpresso.tools.win32_11.9.0.202307121226/tools/bin/../lib/gcc/arm-none-eabi/12.3.1/../../../../arm-none-eabi/lib/thumb/v7e-m+fp/softfp\libcr_c.a(_writebuf.o)
 .debug_info    0x00011222      0x318 c:/nxp/mcuxpressoide_11.9.0_2144/ide/plugins/com.nxp.mcuxpresso.tools.win32_11.9.0.202307121226/tools/bin/../lib/gcc/arm-none-eabi/12.3.1/../../../../arm-none-eabi/lib/thumb/v7e-m+fp/softfp\libcr_c.a(fclose.o)
 .debug_info    0x0001153a      0x202 c:/nxp/mcuxpressoide_11.9.0_2144/ide/plugins/com.nxp.mcuxpresso.tools.win32_11.9.0.202307121226/tools/bin/../lib/gcc/arm-none-eabi/12.3.1/../../../../arm-none-eabi/lib/thumb/v7e-m+fp/softfp\libcr_c.a(fflush.o)
 .debug_info    0x0001173c      0x276 c:/nxp/mcuxpressoide_11.9.0_2144/ide/plugins/com.nxp.mcuxpresso.tools.win32_11.9.0.202307121226/tools/bin/../lib/gcc/arm-none-eabi/12.3.1/../../../../arm-none-eabi/lib/thumb/v7e-m+fp/softfp\libcr_c.a(fseek.o)
 .debug_info    0x000119b2      0x190 c:/nxp/mcuxpressoide_11.9.0_2144/ide/plugins/com.nxp.mcuxpresso.tools.win32_11.9.0.202307121226/tools/bin/../lib/gcc/arm-none-eabi/12.3.1/../../../../arm-none-eabi/lib/thumb/v7e-m+fp/softfp\libcr_c.a(ftell.o)
 .debug_info    0x00011b42      0x1ca c:/nxp/mcuxpressoide_11.9.0_2144/ide/plugins/com.nxp.mcuxpresso.tools.win32_11.9.0.202307121226/tools/bin/../lib/gcc/arm-none-eabi/12.3.1/../../../../arm-none-eabi/lib/thumb/v7e-m+fp/softfp\libcr_c.a(remove.o)
 .debug_info    0x00011d0c       0x71 c:/nxp/mcuxpressoide_11.9.0_2144/ide/plugins/com.nxp.mcuxpresso.tools.win32_11.9.0.202307121226/tools/bin/../lib/gcc/arm-none-eabi/12.3.1/../../../../arm-none-eabi/lib/thumb/v7e-m+fp/softfp\libcr_c.a(_cr_check_heap.o)
 .debug_info    0x00011d7d      0x23a c:/nxp/mcuxpressoide_11.9.0_2144/ide/plugins/com.nxp.mcuxpresso.tools.win32_11.9.0.202307121226/tools/bin/../lib/gcc/arm-none-eabi/12.3.1/../../../../arm-none-eabi/lib/thumb/v7e-m+fp/softfp\libcr_c.a(_do_fflush.o)
 .debug_info    0x00011fb7     0x1aeb c:/nxp/mcuxpressoide_11.9.0_2144/ide/plugins/com.nxp.mcuxpresso.tools.win32_11.9.0.202307121226/tools/bin/../lib/gcc/arm-none-eabi/12.3.1/thumb/v7e-m+fp/softfp\libcr_eabihelpers.a(float.o)
 .debug_info    0x00013aa2      0x18b c:/nxp/mcuxpressoide_11.9.0_2144/ide/plugins/com.nxp.mcuxpresso.tools.win32_11.9.0.202307121226/tools/bin/../lib/gcc/arm-none-eabi/12.3.1/../../../../arm-none-eabi/lib/thumb/v7e-m+fp/softfp\libcr_nohost_nf.a(__ciob.o)
 .debug_info    0x00013c2d       0x38 c:/nxp/mcuxpressoide_11.9.0_2144/ide/plugins/com.nxp.mcuxpresso.tools.win32_11.9.0.202307121226/tools/bin/../lib/gcc/arm-none-eabi/12.3.1/../../../../arm-none-eabi/lib/thumb/v7e-m+fp/softfp\libcr_nohost_nf.a(__sys_appexit.o)
 .debug_info    0x00013c65       0x5c c:/nxp/mcuxpressoide_11.9.0_2144/ide/plugins/com.nxp.mcuxpresso.tools.win32_11.9.0.202307121226/tools/bin/../lib/gcc/arm-none-eabi/12.3.1/../../../../arm-none-eabi/lib/thumb/v7e-m+fp/softfp\libcr_nohost_nf.a(__sys_close.o)
 .debug_info    0x00013cc1       0x5c c:/nxp/mcuxpressoide_11.9.0_2144/ide/plugins/com.nxp.mcuxpresso.tools.win32_11.9.0.202307121226/tools/bin/../lib/gcc/arm-none-eabi/12.3.1/../../../../arm-none-eabi/lib/thumb/v7e-m+fp/softfp\libcr_nohost_nf.a(__sys_flen.o)
 .debug_info    0x00013d1d       0x5c c:/nxp/mcuxpressoide_11.9.0_2144/ide/plugins/com.nxp.mcuxpresso.tools.win32_11.9.0.202307121226/tools/bin/../lib/gcc/arm-none-eabi/12.3.1/../../../../arm-none-eabi/lib/thumb/v7e-m+fp/softfp\libcr_nohost_nf.a(__sys_istty.o)
 .debug_info    0x00013d79       0x7c c:/nxp/mcuxpressoide_11.9.0_2144/ide/plugins/com.nxp.mcuxpresso.tools.win32_11.9.0.202307121226/tools/bin/../lib/gcc/arm-none-eabi/12.3.1/../../../../arm-none-eabi/lib/thumb/v7e-m+fp/softfp\libcr_nohost_nf.a(__sys_remove.o)
 .debug_info    0x00013df5       0x6a c:/nxp/mcuxpressoide_11.9.0_2144/ide/plugins/com.nxp.mcuxpresso.tools.win32_11.9.0.202307121226/tools/bin/../lib/gcc/arm-none-eabi/12.3.1/../../../../arm-none-eabi/lib/thumb/v7e-m+fp/softfp\libcr_nohost_nf.a(__sys_seek.o)
 .debug_info    0x00013e5f       0x85 c:/nxp/mcuxpressoide_11.9.0_2144/ide/plugins/com.nxp.mcuxpresso.tools.win32_11.9.0.202307121226/tools/bin/../lib/gcc/arm-none-eabi/12.3.1/../../../../arm-none-eabi/lib/thumb/v7e-m+fp/softfp\libcr_nohost_nf.a(__sys_tmpnam.o)
 .debug_info    0x00013ee4       0x85 c:/nxp/mcuxpressoide_11.9.0_2144/ide/plugins/com.nxp.mcuxpresso.tools.win32_11.9.0.202307121226/tools/bin/../lib/gcc/arm-none-eabi/12.3.1/../../../../arm-none-eabi/lib/thumb/v7e-m+fp/softfp\libcr_nohost_nf.a(__sys_write.o)

.debug_abbrev   0x00000000     0x4268
 .debug_abbrev  0x00000000      0x10a ./xip/evkmimxrt1020_flexspi_nor_config.o
 .debug_abbrev  0x0000010a       0xe2 ./xip/fsl_flexspi_nor_boot.o
 .debug_abbrev  0x000001ec       0xbd ./utilities/fsl_assert.o
 .debug_abbrev  0x000002a9      0x270 ./utilities/fsl_debug_console.o
 .debug_abbrev  0x00000519      0x270 ./utilities/fsl_str.o
 .debug_abbrev  0x00000789      0x147 ./startup/startup_mimxrt1021.o
 .debug_abbrev  0x000008d0       0xd6 ./source/MIMXRT1021_I2C_Test.o
 .debug_abbrev  0x000009a6       0x31 ./source/semihost_hardfault.o
 .debug_abbrev  0x000009d7      0x14a ./source/sht30.o
 .debug_abbrev  0x00000b21      0x35a ./drivers/fsl_clock.o
 .debug_abbrev  0x00000e7b      0x488 ./drivers/fsl_lpuart.o
 .debug_abbrev  0x00001303      0x16e ./device/system_MIMXRT1021.o