Archive member included to satisfy reference by file (symbol)

c:/nxp/mcuxpressoide_11.9.0_2144/ide/plugins/com.nxp.mcuxpresso.tools.win32_11.9.0.202307121226/tools/bin/../lib/gcc/arm-none-eabi/12.3.1/../../../../arm-none-eabi/lib/thumb/v7e-m+fp/softfp\libcr_nohost_nf.a(_cr__main.o)
                              ./startup/startup_mimxrt1021.o (__main)
c:/nxp/mcuxpressoide_11.9.0_2144/ide/plugins/com.nxp.mcuxpresso.tools.win32_11.9.0.202307121226/tools/bin/../lib/gcc/arm-none-eabi/12.3.1/../../../../arm-none-eabi/lib/thumb/v7e-m+fp/softfp\libcr_c.a(memcpy.o)
                              ./utilities/fsl_str.o (memcpy)
c:/nxp/mcuxpressoide_11.9.0_2144/ide/plugins/com.nxp.mcuxpresso.tools.win32_11.9.0.202307121226/tools/bin/../lib/gcc/arm-none-eabi/12.3.1/../../../../arm-none-eabi/lib/thumb/v7e-m+fp/softfp\libcr_c.a(memset.o)
                              ./utilities/fsl_debug_console.o (memset)
c:/nxp/mcuxpressoide_11.9.0_2144/ide/plugins/com.nxp.mcuxpresso.tools.win32_11.9.0.202307121226/tools/bin/../lib/gcc/arm-none-eabi/12.3.1/../../../../arm-none-eabi/lib/thumb/v7e-m+fp/softfp\libcr_c.a(alloc.o)
                              ./source/MIMXRT1021_I2C_Test.o (malloc)
c:/nxp/mcuxpressoide_11.9.0_2144/ide/plugins/com.nxp.mcuxpresso.tools.win32_11.9.0.202307121226/tools/bin/../lib/gcc/arm-none-eabi/12.3.1/../../../../arm-none-eabi/lib/thumb/v7e-m+fp/softfp\libcr_c.a(errno.o)
                              ./utilities/fsl_str.o (errno)
c:/nxp/mcuxpressoide_11.9.0_2144/ide/plugins/com.nxp.mcuxpresso.tools.win32_11.9.0.202307121226/tools/bin/../lib/gcc/arm-none-eabi/12.3.1/../../../../arm-none-eabi/lib/thumb/v7e-m+fp/softfp\libcr_c.a(initio.o)
                              c:/nxp/mcuxpressoide_11.9.0_2144/ide/plugins/com.nxp.mcuxpresso.tools.win32_11.9.0.202307121226/tools/bin/../lib/gcc/arm-none-eabi/12.3.1/../../../../arm-none-eabi/lib/thumb/v7e-m+fp/softfp\libcr_nohost_nf.a(_cr__main.o) (_initio)
c:/nxp/mcuxpressoide_11.9.0_2144/ide/plugins/com.nxp.mcuxpresso.tools.win32_11.9.0.202307121226/tools/bin/../lib/gcc/arm-none-eabi/12.3.1/../../../../arm-none-eabi/lib/thumb/v7e-m+fp/softfp\libcr_c.a(printf.o)
                              ./source/MIMXRT1021_I2C_Test.o (_printf)
c:/nxp/mcuxpressoide_11.9.0_2144/ide/plugins/com.nxp.mcuxpresso.tools.win32_11.9.0.202307121226/tools/bin/../lib/gcc/arm-none-eabi/12.3.1/../../../../arm-none-eabi/lib/thumb/v7e-m+fp/softfp\libcr_c.a(scanf.o)
                              ./utilities/fsl_str.o (strtoul)
c:/nxp/mcuxpressoide_11.9.0_2144/ide/plugins/com.nxp.mcuxpresso.tools.win32_11.9.0.202307121226/tools/bin/../lib/gcc/arm-none-eabi/12.3.1/../../../../arm-none-eabi/lib/thumb/v7e-m+fp/softfp\libcr_c.a(setvbuf.o)
                              c:/nxp/mcuxpressoide_11.9.0_2144/ide/plugins/com.nxp.mcuxpresso.tools.win32_11.9.0.202307121226/tools/bin/../lib/gcc/arm-none-eabi/12.3.1/../../../../arm-none-eabi/lib/thumb/v7e-m+fp/softfp\libcr_c.a(initio.o) (setvbuf)
c:/nxp/mcuxpressoide_11.9.0_2144/ide/plugins/com.nxp.mcuxpresso.tools.win32_11.9.0.202307121226/tools/bin/../lib/gcc/arm-none-eabi/12.3.1/../../../../arm-none-eabi/lib/thumb/v7e-m+fp/softfp\libcr_c.a(sin.o)
                              ./source/MIMXRT1021_I2C_Test.o (sin)
c:/nxp/mcuxpressoide_11.9.0_2144/ide/plugins/com.nxp.mcuxpresso.tools.win32_11.9.0.202307121226/tools/bin/../lib/gcc/arm-none-eabi/12.3.1/../../../../arm-none-eabi/lib/thumb/v7e-m+fp/softfp\libcr_c.a(stdlib.o)
                              ./source/MIMXRT1021_I2C_Test.o (exit)
c:/nxp/mcuxpressoide_11.9.0_2144/ide/plugins/com.nxp.mcuxpresso.tools.win32_11.9.0.202307121226/tools/bin/../lib/gcc/arm-none-eabi/12.3.1/../../../../arm-none-eabi/lib/thumb/v7e-m+fp/softfp\libcr_c.a(strlen.o)
                              ./utilities/fsl_str.o (strlen)
c:/nxp/mcuxpressoide_11.9.0_2144/ide/plugins/com.nxp.mcuxpresso.tools.win32_11.9.0.202307121226/tools/bin/../lib/gcc/arm-none-eabi/12.3.1/../../../../arm-none-eabi/lib/thumb/v7e-m+fp/softfp\libcr_c.a(ungetc.o)
                              c:/nxp/mcuxpressoide_11.9.0_2144/ide/plugins/com.nxp.mcuxpresso.tools.win32_11.9.0.202307121226/tools/bin/../lib/gcc/arm-none-eabi/12.3.1/../../../../arm-none-eabi/lib/thumb/v7e-m+fp/softfp\libcr_c.a(scanf.o) (ungetc)
c:/nxp/mcuxpressoide_11.9.0_2144/ide/plugins/com.nxp.mcuxpresso.tools.win32_11.9.0.202307121226/tools/bin/../lib/gcc/arm-none-eabi/12.3.1/../../../../arm-none-eabi/lib/thumb/v7e-m+fp/softfp\libcr_c.a(__fillbuf.o)
                              c:/nxp/mcuxpressoide_11.9.0_2144/ide/plugins/com.nxp.mcuxpresso.tools.win32_11.9.0.202307121226/tools/bin/../lib/gcc/arm-none-eabi/12.3.1/../../../../arm-none-eabi/lib/thumb/v7e-m+fp/softfp\libcr_c.a(scanf.o) (__filbuf)
c:/nxp/mcuxpressoide_11.9.0_2144/ide/plugins/com.nxp.mcuxpresso.tools.win32_11.9.0.202307121226/tools/bin/../lib/gcc/arm-none-eabi/12.3.1/../../../../arm-none-eabi/lib/thumb/v7e-m+fp/softfp\libcr_c.a(__init_alloc.o)
[...]
Memory Configuration

Name             Origin             Length             Attributes
BOARD_FLASH      0x60000000         0x00800000         xr
SRAM_DTC         0x20000000         0x00010000         xrw
SRAM_ITC         0x00000000         0x00010000         xrw
SRAM_OC          0x20200000         0x00020000         xrw
BOARD_SDRAM      0x80000000         0x01e00000         xrw
NCACHE_REGION    0x81e00000         0x00200000         xrw
*default*        0x00000000         0xffffffff

Linker script and memory map

LOAD ./xip/evkmimxrt1020_flexspi_nor_config.o
LOAD ./xip/fsl_flexspi_nor_boot.o
LOAD ./utilities/fsl_assert.o
LOAD ./utilities/fsl_debug_console.o
LOAD ./utilities/fsl_str.o
LOAD ./startup/startup_mimxrt1021.o
LOAD ./source/MIMXRT1021_I2C_Test.o
LOAD ./source/resistence.o
LOAD ./source/semihost_hardfault.o
LOAD ./source/sht30.o
LOAD ./source/st7735s.o
LOAD ./drivers/fsl_clock.o
LOAD ./drivers/fsl_common.o
LOAD ./drivers/fsl_common_arm.o
LOAD ./drivers/fsl_gpio.o
LOAD ./drivers/fsl_lpuart.o
LOAD ./device/system_MIMXRT1021.o
LOAD ./component/uart/fsl_adapter_lpuart.o
LOAD ./component/serial_manager/fsl_component_serial_manager.o
LOAD ./component/serial_manager/fsl_component_serial_port_uart.o
LOAD ./component/lists/fsl_component_generic_list.o
LOAD ./board/board.o
LOAD ./board/clock_config.o
LOAD ./board/dcd.o
LOAD ./board/peripherals.o
LOAD ./board/pin_mux.o
START GROUP
LOAD c:/nxp/mcuxpressoide_11.9.0_2144/ide/plugins/com.nxp.mcuxpresso.tools.win32_11.9.0.202307121226/tools/bin/../lib/gcc/arm-none-eabi/12.3.1/../../../../arm-none-eabi/lib/thumb/v7e-m+fp/softfp\libcr_nohost_nf.a
LOAD c:/nxp/mcuxpressoide_11.9.0_2144/ide/plugins/com.nxp.mcuxpresso.tools.win32_11.9.0.202307121226/tools/bin/../lib/gcc/arm-none-eabi/12.3.1/../../../../arm-none-eabi/lib/thumb/v7e-m+fp/softfp\libcr_c.a
LOAD c:/nxp/mcuxpressoide_11.9.0_2144/ide/plugins/com.nxp.mcuxpresso.tools.win32_11.9.0.202307121226/tools/bin/../lib/gcc/arm-none-eabi/12.3.1/thumb/v7e-m+fp/softfp\libcr_eabihelpers.a
LOAD c:/nxp/mcuxpressoide_11.9.0_2144/ide/plugins/com.nxp.mcuxpresso.tools.win32_11.9.0.202307121226/tools/bin/../lib/gcc/arm-none-eabi/12.3.1/thumb/v7e-m+fp/softfp\libgcc.a
END GROUP
                0x60000000                        __base_BOARD_FLASH = 0x60000000
                0x60000000                        __base_Flash = 0x60000000
                0x60800000                        __top_BOARD_FLASH = 0x60800000
                0x60800000                        __top_Flash = 0x60800000
                0x20000000                        __base_SRAM_DTC = 0x20000000
                0x20000000                        __base_RAM = 0x20000000
                0x20010000                        __top_SRAM_DTC = 0x20010000
                0x20010000                        __top_RAM = 0x20010000
                0x00000000                        __base_SRAM_ITC = 0x0
                0x00000000                        __base_RAM2 = 0x0
                0x00010000                        __top_SRAM_ITC = 0x10000
                0x00010000                        __top_RAM2 = 0x10000
                0x20200000                        __base_SRAM_OC = 0x20200000
                0x20200000                        __base_RAM3 = 0x20200000
                0x20220000                        __top_SRAM_OC = 0x20220000
                0x20220000                        __top_RAM3 = 0x20220000
                0x80000000                        __base_BOARD_SDRAM = 0x80000000
                0x80000000                        __base_RAM4 = 0x80000000
                0x81e00000                        __top_BOARD_SDRAM = 0x81e00000
                0x81e00000                        __top_RAM4 = 0x81e00000
                0x81e00000                        __base_NCACHE_REGION = 0x81e00000
                0x81e00000                        __base_RAM5 = 0x81e00000
                0x82000000                        __top_NCACHE_REGION = 0x82000000
                0x82000000                        __top_RAM5 = 0x82000000

.boot_hdr       0x60000000     0x2000
 FILL mask 0xff
                0x60000000                        __boot_hdr_start__ = ABSOLUTE (.)
 *(SORT_BY_ALIGNMENT(.boot_hdr.conf))
 .boot_hdr.conf
                0x60000000      0x200 ./xip/evkmimxrt1020_flexspi_nor_config.o
                0x60000000                qspiflash_config
                0x00001000                        . = 0x1000
 *fill*         0x60000200      0xe00 ff
 *(SORT_BY_ALIGNMENT(.boot_hdr.ivt))
 .boot_hdr.ivt  0x60001000       0x20 ./xip/fsl_flexspi_nor_boot.o
                0x60001000                image_vector_table
                0x00001020                        . = 0x1020
 *(SORT_BY_ALIGNMENT(.boot_hdr.boot_data))
 .boot_hdr.boot_data
                0x60001020       0x10 ./xip/fsl_flexspi_nor_boot.o
                0x60001020                g_boot_data
                0x00001030                        . = 0x1030
 *(SORT_BY_ALIGNMENT(.boot_hdr.dcd_data))
                0x60001030                        __boot_hdr_end__ = ABSOLUTE (.)
                0x00002000                        . = 0x2000
 *fill*         0x60001030      0xfd0 ff

.text           0x60002000     0x5870
 FILL mask 0xff
                0x60002000                        __vectors_start__ = ABSOLUTE (.)
 *(SORT_BY_ALIGNMENT(.isr_vector))
 .isr_vector    0x60002000      0x278 ./startup/startup_mimxrt1021.o
                0x60002000                g_pfnVectors
                0x60002000                __Vectors
                0x60002278                        . = ALIGN (0x4)
                0x60002278                        __section_table_start = .
                0x60002278                        __data_section_table = .
                0x60002278        0x4 LONG 0x60007870 LOADADDR (.data)
                0x6000227c        0x4 LONG 0x20000000 ADDR (.data)
                0x60002280        0x4 LONG 0x4 SIZEOF (.data)
                0x60002284        0x4 LONG 0x60007870 LOADADDR (.data_RAM2)
                0x60002288        0x4 LONG 0x0 ADDR (.data_RAM2)
                0x6000228c        0x4 LONG 0x0 SIZEOF (.data_RAM2)
                0x60002290        0x4 LONG 0x60007870 LOADADDR (.data_RAM3)
                0x60002294        0x4 LONG 0x20200000 ADDR (.data_RAM3)
                0x60002298        0x4 LONG 0x0 SIZEOF (.data_RAM3)
                0x6000229c        0x4 LONG 0x60007870 LOADADDR (.data_RAM4)
                0x600022a0        0x4 LONG 0x80000000 ADDR (.data_RAM4)
                0x600022a4        0x4 LONG 0x0 SIZEOF (.data_RAM4)
                0x600022a8        0x4 LONG 0x60007870 LOADADDR (.data_RAM5)
                0x600022ac        0x4 LONG 0x81e00000 ADDR (.data_RAM5)
                0x600022b0        0x4 LONG 0x0 SIZEOF (.data_RAM5)
                0x600022b4                        __data_section_table_end = .
                0x600022b4                        __bss_section_table = .
                0x600022b4        0x4 LONG 0x20000004 ADDR (.bss)
                0x600022b8        0x4 LONG 0x13c SIZEOF (.bss)
                0x600022bc        0x4 LONG 0x0 ADDR (.bss_RAM2)
                0x600022c0        0x4 LONG 0x0 SIZEOF (.bss_RAM2)
                0x600022c4        0x4 LONG 0x20200000 ADDR (.bss_RAM3)
                0x600022c8        0x4 LONG 0x0 SIZEOF (.bss_RAM3)
                0x600022cc        0x4 LONG 0x80000000 ADDR (.bss_RAM4)
                0x600022d0        0x4 LONG 0x0 SIZEOF (.bss_RAM4)
                0x600022d4        0x4 LONG 0x81e00000 ADDR (.bss_RAM5)
                0x600022d8        0x4 LONG 0x0 SIZEOF (.bss_RAM5)
                0x600022dc                        __bss_section_table_end = .
                0x600022dc                        __section_table_end = .
 *(SORT_BY_ALIGNMENT(.after_vectors*))
 .after_vectors.reset
                0x600022dc       0x54 ./startup/startup_mimxrt1021.o
                0x600022dc                ResetISR
 .after_vectors.init_data
                0x60002330       0x1e ./startup/startup_mimxrt1021.o
                0x60002330                data_init
 .after_vectors.init_bss
                0x6000234e       0x12 ./startup/startup_mimxrt1021.o
                0x6000234e                bss_init
 .after_vectors
                0x60002360       0x14 ./startup/startup_mimxrt1021.o
                0x60002360                NMI_Handler
                0x60002364                MemManage_Handler
                0x60002366                BusFault_Handler
                0x60002368                UsageFault_Handler
                0x6000236a                SVC_Handler
                0x6000236c                DebugMon_Handler
                0x6000236e                PendSV_Handler
                0x60002370                SysTick_Handler
                0x60002372                Reserved102_DriverIRQHandler
                0x60002372                Reserved152_DriverIRQHandler
                0x60002372                DMA13_DMA29_DriverIRQHandler
                0x60002372                CCM_2_DriverIRQHandler
                0x60002372                LPSPI4_DriverIRQHandler
                0x60002372                SEMC_DriverIRQHandler
                0x60002372                SPDIF_DriverIRQHandler
                0x60002372                PIT_DriverIRQHandler
                0x60002372                FLEXRAM_DriverIRQHandler
                0x60002372                SAI3_RX_DriverIRQHandler
                0x60002372                USB_PHY_DriverIRQHandler
                0x60002372                GPIO3_Combined_0_15_DriverIRQHandler
                0x60002372                Reserved82_DriverIRQHandler
                0x60002372                DMA7_DMA23_DriverIRQHandler
                0x60002372                BEE_DriverIRQHandler
                0x60002372                LPI2C3_DriverIRQHandler
                0x60002372                GPR_IRQ_DriverIRQHandler
                0x60002372                Reserved103_DriverIRQHandler
                0x60002372                PWM2_FAULT_DriverIRQHandler
                0x60002372                Reserved56_DriverIRQHandler
                0x60002372                DMA14_DMA30_DriverIRQHandler
                0x60002372                TMR1_DriverIRQHandler
                0x60002372                TRNG_DriverIRQHandler
                0x60002372                ENET_1588_Timer_DriverIRQHandler
                0x60002372                GPIO2_Combined_16_31_DriverIRQHandler
                0x60002372                Reserved143_DriverIRQHandler
                0x60002372                LPSPI2_DriverIRQHandler
                0x60002372                Reserved151_DriverIRQHandler
                0x60002372                DMA0_DMA16_DriverIRQHandler
                0x60002372                IntDefaultHandler
                0x60002372                DMA2_DMA18_DriverIRQHandler
                0x60002372                SRC_DriverIRQHandler
                0x60002372                GPIO1_INT4_DriverIRQHandler
                0x60002372                Reserved144_DriverIRQHandler
                0x60002372                USDHC1_DriverIRQHandler
                0x60002372                SNVS_LP_HP_WRAPPER_DriverIRQHandler
                0x60002372                EWM_DriverIRQHandler
                0x60002372                KPP_DriverIRQHandler
                0x60002372                FLEXIO1_DriverIRQHandler
                0x60002372                ENET_DriverIRQHandler
                0x60002372                Reserved78_DriverIRQHandler
                0x60002372                ENC2_DriverIRQHandler
                0x60002372                ADC_ETC_IRQ2_DriverIRQHandler
                0x60002372                GPIO1_Combined_16_31_DriverIRQHandler
                0x60002372                GPIO1_INT7_DriverIRQHandler
                0x60002372                SAI1_DriverIRQHandler
                0x60002372                DCDC_DriverIRQHandler
                0x60002372                DMA12_DMA28_DriverIRQHandler
                0x60002372                ADC_ETC_ERROR_IRQ_DriverIRQHandler
                0x60002372                ACMP2_DriverIRQHandler
                0x60002372                GPIO5_Combined_0_15_DriverIRQHandler
                0x60002372                GPIO1_INT0_DriverIRQHandler
                0x60002372                GPIO1_INT2_DriverIRQHandler
                0x60002372                RTWDOG_DriverIRQHandler
                0x60002372                FLEXSPI_DriverIRQHandler
                0x60002372                GPT2_DriverIRQHandler
                0x60002372                DMA10_DMA26_DriverIRQHandler
                0x60002372                PWM2_1_DriverIRQHandler
                0x60002372                PWM1_1_DriverIRQHandler
                0x60002372                ADC1_DriverIRQHandler
                0x60002372                Reserved148_DriverIRQHandler
                0x60002372                PWM1_0_DriverIRQHandler
                0x60002372                DMA1_DMA17_DriverIRQHandler
                0x60002372                ENC1_DriverIRQHandler
                0x60002372                CAN2_DriverIRQHandler
                0x60002372                DCP_DriverIRQHandler
                0x60002372                CTI0_ERROR_DriverIRQHandler
                0x60002372                DMA8_DMA24_DriverIRQHandler
                0x60002372                GPT1_DriverIRQHandler
                0x60002372                ACMP3_DriverIRQHandler
                0x60002372                DMA6_DMA22_DriverIRQHandler
                0x60002372                CSU_DriverIRQHandler
                0x60002372                GPIO1_INT5_DriverIRQHandler
                0x60002372                TMR2_DriverIRQHandler
                0x60002372                CTI1_ERROR_DriverIRQHandler
                0x60002372                GPIO1_Combined_0_15_DriverIRQHandler
                0x60002372                USDHC2_DriverIRQHandler
                0x60002372                Reserved87_DriverIRQHandler
                0x60002372                SAI2_DriverIRQHandler
                0x60002372                CORE_DriverIRQHandler
                0x60002372                Reserved147_DriverIRQHandler
                0x60002372                WDOG1_DriverIRQHandler
                0x60002372                DMA11_DMA27_DriverIRQHandler
                0x60002372                PWM2_3_DriverIRQHandler
                0x60002372                Reserved60_DriverIRQHandler
                0x60002372                XBAR1_IRQ_2_3_DriverIRQHandler
                0x60002372                SNVS_HP_WRAPPER_TZ_DriverIRQHandler
                0x60002372                GPIO3_Combined_16_31_DriverIRQHandler
                0x60002372                PWM1_FAULT_DriverIRQHandler
                0x60002372                LPI2C1_DriverIRQHandler
                0x60002372                PWM2_2_DriverIRQHandler
                0x60002372                Reserved128_DriverIRQHandler
                0x60002372                DMA4_DMA20_DriverIRQHandler
                0x60002372                DMA9_DMA25_DriverIRQHandler
                0x60002372                SNVS_HP_WRAPPER_DriverIRQHandler
                0x60002372                XBAR1_IRQ_0_1_DriverIRQHandler
                0x60002372                ADC_ETC_IRQ1_DriverIRQHandler
                0x60002372                LPSPI1_DriverIRQHandler
                0x60002372                DMA3_DMA19_DriverIRQHandler
                0x60002372                GPIO1_INT3_DriverIRQHandler
                0x60002372                DCP_VMI_DriverIRQHandler
                0x60002372                LPI2C4_DriverIRQHandler
                0x60002372                GPC_DriverIRQHandler
                0x60002372                Reserved123_DriverIRQHandler
                0x60002372                GPIO2_Combined_0_15_DriverIRQHandler
                0x60002372                PWM1_2_DriverIRQHandler
                0x60002372                USB_OTG1_DriverIRQHandler
                0x60002372                TEMP_LOW_HIGH_DriverIRQHandler
                0x60002372                SAI3_TX_DriverIRQHandler
                0x60002372                WDOG2_DriverIRQHandler
                0x60002372                Reserved68_DriverIRQHandler
                0x60002372                PMU_DriverIRQHandler
                0x60002372                Reserved59_DriverIRQHandler
                0x60002372                GPIO5_Combined_16_31_DriverIRQHandler
                0x60002372                DMA5_DMA21_DriverIRQHandler
                0x60002372                CCM_1_DriverIRQHandler
                0x60002372                ADC2_DriverIRQHandler
                0x60002372                Reserved58_DriverIRQHandler
                0x60002372                Reserved115_DriverIRQHandler
                0x60002372                TEMP_PANIC_DriverIRQHandler
                0x60002372                ACMP4_DriverIRQHandler
                0x60002372                DMA15_DMA31_DriverIRQHandler
                0x60002372                Reserved107_DriverIRQHandler
                0x60002372                LPSPI3_DriverIRQHandler
                0x60002372                PWM1_3_DriverIRQHandler
                0x60002372                Reserved70_DriverIRQHandler
                0x60002372                ACMP1_DriverIRQHandler
                0x60002372                LPI2C2_DriverIRQHandler
                0x60002372                Reserved86_DriverIRQHandler
                0x60002372                DMA_ERROR_DriverIRQHandler
                0x60002372                ADC_ETC_IRQ0_DriverIRQHandler
                0x60002372                CAN1_DriverIRQHandler
                0x60002372                GPIO1_INT6_DriverIRQHandler
                0x60002372                GPIO1_INT1_DriverIRQHandler
                0x60002372                PWM2_0_DriverIRQHandler
 *(SORT_BY_ALIGNMENT(.text*))
 .text.__assertion_failed
                0x60002374       0x2c ./utilities/fsl_assert.o
                0x60002374                __assertion_failed
 .text.DbgConsole_SendDataReliable
                0x600023a0       0x54 ./utilities/fsl_debug_console.o
                0x600023a0                DbgConsole_SendDataReliable
 .text.DbgConsole_Init
                0x600023f4      0x138 ./utilities/fsl_debug_console.o
                0x600023f4                DbgConsole_Init
 .text.DbgConsole_Vprintf
                0x6000252c       0x6c ./utilities/fsl_debug_console.o
                0x6000252c                DbgConsole_Vprintf
 .text.main     0x60002598       0xe4 ./source/MIMXRT1021_I2C_Test.o
                0x60002598                main
 .text.SHT30_Dat_To_Float
                0x6000267c       0xd8 ./source/sht30.o
                0x6000267c                SHT30_Dat_To_Float
 .text.lcd_deleteSettings
                0x60002754       0x2c ./source/st7735s.o
                0x60002754                lcd_deleteSettings
 .text.lcd_setSettingsActive
                0x60002780       0x20 ./source/st7735s.o
                0x60002780                lcd_setSettingsActive
 .text.CLOCK_GetOscFreq
                0x600027a0       0x30 ./drivers/fsl_clock.o
 .text.CLOCK_InitExternalClk
                0x600027d0       0x6c ./drivers/fsl_clock.o
                0x600027d0                CLOCK_InitExternalClk
 .text.CLOCK_SwitchOsc
                0x6000283c       0x34 ./drivers/fsl_clock.o
                0x6000283c                CLOCK_SwitchOsc
 .text.CLOCK_InitRcOsc24M
                0x60002870       0x24 ./drivers/fsl_clock.o
                0x60002870                CLOCK_InitRcOsc24M
 .text.CLOCK_InitSysPll
                0x60002894       0x9c ./drivers/fsl_clock.o
                0x60002894                CLOCK_InitSysPll
 .text.CLOCK_DeinitAudioPll
                0x60002930       0x1c ./drivers/fsl_clock.o
                0x60002930                CLOCK_DeinitAudioPll
 .text.CLOCK_InitEnetPll
                0x6000294c       0xa4 ./drivers/fsl_clock.o
                0x6000294c                CLOCK_InitEnetPll
 .text.CLOCK_GetPllFreq
                0x600029f0      0x2a0 ./drivers/fsl_clock.o
                0x600029f0                CLOCK_GetPllFreq
 .text.CLOCK_InitSysPfd
                0x60002c90       0x64 ./drivers/fsl_clock.o
                0x60002c90                CLOCK_InitSysPfd
 .text.CLOCK_ControlGate
                0x60002cf4       0x60 ./drivers/fsl_gpio.o
 .text.GPIO_GetInstance
                0x60002d54       0x4c ./drivers/fsl_gpio.o
 .text.GPIO_PinInit
                0x60002da0       0xa4 ./drivers/fsl_gpio.o
                0x60002da0                GPIO_PinInit
 .text.GPIO_PinWrite
                0x60002e44       0x48 ./drivers/fsl_gpio.o
                0x60002e44                GPIO_PinWrite
 .text.GPIO_PinSetInterruptConfig
                0x60002e8c       0xfc ./drivers/fsl_gpio.o
                0x60002e8c                GPIO_PinSetInterruptConfig
 .text.CLOCK_ControlGate
                0x60002f88       0x60 ./drivers/fsl_lpuart.o
 .text.LPUART_GetInstance
                0x60002fe8       0x4c ./drivers/fsl_lpuart.o
                0x60002fe8                LPUART_GetInstance
 .text.LPUART_Init
                0x60003034      0x320 ./drivers/fsl_lpuart.o
                0x60003034                LPUART_Init
 .text.LPUART_GetDefaultConfig
                0x60003354       0x88 ./drivers/fsl_lpuart.o
                0x60003354                LPUART_GetDefaultConfig
 .text.LPUART_WriteBlocking
                0x600033dc       0x68 ./drivers/fsl_lpuart.o
                0x600033dc                LPUART_WriteBlocking
 .text.LPUART1_DriverIRQHandler
                0x60003444       0x28 ./drivers/fsl_lpuart.o
                0x60003444                LPUART1_DriverIRQHandler
 .text.LPUART2_DriverIRQHandler
                0x6000346c       0x28 ./drivers/fsl_lpuart.o
                0x6000346c                LPUART2_DriverIRQHandler
 .text.LPUART3_DriverIRQHandler
                0x60003494       0x28 ./drivers/fsl_lpuart.o
                0x60003494                LPUART3_DriverIRQHandler
 .text.LPUART4_DriverIRQHandler
                0x600034bc       0x28 ./drivers/fsl_lpuart.o
                0x600034bc                LPUART4_DriverIRQHandler
 .text.LPUART5_DriverIRQHandler
                0x600034e4       0x28 ./drivers/fsl_lpuart.o
                0x600034e4                LPUART5_DriverIRQHandler
 .text.LPUART6_DriverIRQHandler
                0x6000350c       0x28 ./drivers/fsl_lpuart.o
                0x6000350c                LPUART6_DriverIRQHandler
 .text.LPUART7_DriverIRQHandler
                0x60003534       0x28 ./drivers/fsl_lpuart.o
                0x60003534                LPUART7_DriverIRQHandler
 .text.LPUART8_DriverIRQHandler
                0x6000355c       0x28 ./drivers/fsl_lpuart.o
                0x6000355c                LPUART8_DriverIRQHandler
 .text.SystemInit
                0x60003584      0x144 ./device/system_MIMXRT1021.o
                0x60003584                SystemInit
 .text.HAL_UartInitCommon
                0x600036c8       0xe0 ./component/uart/fsl_adapter_lpuart.o
 .text.HAL_UartInit
                0x600037a8       0x84 ./component/uart/fsl_adapter_lpuart.o
                0x600037a8                HAL_UartInit
 .text.HAL_UartSendBlocking
                0x6000382c       0x64 ./component/uart/fsl_adapter_lpuart.o
                0x6000382c                HAL_UartSendBlocking
 .text.ARM_MPU_Enable
                0x60003890       0x44 ./board/board.o
 .text.ARM_MPU_Disable
                0x600038d4       0x40 ./board/board.o
 .text.CLOCK_GetMux
                0x60003914       0x44 ./board/board.o
 .text.CLOCK_GetDiv
                0x60003958       0x44 ./board/board.o
 .text.CLOCK_GetOscFreq
                0x6000399c       0x30 ./board/board.o
 .text.BOARD_DebugConsoleSrcFreq
                0x600039cc       0x64 ./board/board.o
                0x600039cc                BOARD_DebugConsoleSrcFreq
 .text.BOARD_ConfigMPU
                0x60003a30      0x324 ./board/board.o
                0x60003a30                BOARD_ConfigMPU
 .text.CLOCK_SetMux
                0x60003d54       0x9c ./board/clock_config.o
 .text.CLOCK_SetDiv
                0x60003df0       0x9c ./board/clock_config.o
 .text.CLOCK_ControlGate
                0x60003e8c       0x60 ./board/clock_config.o
 .text.CLOCK_SetXtalFreq
                0x60003eec       0x20 ./board/clock_config.o
 .text.CLOCK_SetRtcXtalFreq
                0x60003f0c       0x20 ./board/clock_config.o
 .text.IOMUXC_MQSConfig
                0x60003f2c       0x44 ./board/clock_config.o
 .text.BOARD_BootClockRUN
                0x60003f70      0x4ec ./board/clock_config.o
                0x60003f70                BOARD_BootClockRUN
 .text.CLOCK_ControlGate
                0x6000445c       0x60 ./board/pin_mux.o
 .text.BOARD_InitPins
                0x600044bc      0x20c ./board/pin_mux.o
                0x600044bc                BOARD_InitPins
 .text.BOARD_InitDEBUG_UARTPins
                0x600046c8       0x4c ./board/pin_mux.o
                0x600046c8                BOARD_InitDEBUG_UARTPins
 .text.malloc   0x60004714       0xe8 c:/nxp/mcuxpressoide_11.9.0_2144/ide/plugins/com.nxp.mcuxpresso.tools.win32_11.9.0.202307121226/tools/bin/../lib/gcc/arm-none-eabi/12.3.1/../../../../arm-none-eabi/lib/thumb/v7e-m+fp/softfp\libcr_c.a(alloc.o)
                0x60004714                malloc
 .text._Csys_alloc
                0x600047fc       0x20 c:/nxp/mcuxpressoide_11.9.0_2144/ide/plugins/com.nxp.mcuxpresso.tools.win32_11.9.0.202307121226/tools/bin/../lib/gcc/arm-none-eabi/12.3.1/../../../../arm-none-eabi/lib/thumb/v7e-m+fp/softfp\libcr_c.a(alloc.o)
                0x600047fc                _Csys_alloc
 .text._initio  0x6000481c       0x78 c:/nxp/mcuxpressoide_11.9.0_2144/ide/plugins/com.nxp.mcuxpresso.tools.win32_11.9.0.202307121226/tools/bin/../lib/gcc/arm-none-eabi/12.3.1/../../../../arm-none-eabi/lib/thumb/v7e-m+fp/softfp\libcr_c.a(initio.o)
                0x6000481c                _initio
 .text.__vfprintf
                0x60004894      0xb80 c:/nxp/mcuxpressoide_11.9.0_2144/ide/plugins/com.nxp.mcuxpresso.tools.win32_11.9.0.202307121226/tools/bin/../lib/gcc/arm-none-eabi/12.3.1/../../../../arm-none-eabi/lib/thumb/v7e-m+fp/softfp\libcr_c.a(printf.o)
                0x60004894                __vfprintf
 .text._vsnprintf
                0x60005414       0x68 c:/nxp/mcuxpressoide_11.9.0_2144/ide/plugins/com.nxp.mcuxpresso.tools.win32_11.9.0.202307121226/tools/bin/../lib/gcc/arm-none-eabi/12.3.1/../../../../arm-none-eabi/lib/thumb/v7e-m+fp/softfp\libcr_c.a(printf.o)
                0x60005414                _vsnprintf
 .text._printf  0x6000547c       0x54 c:/nxp/mcuxpressoide_11.9.0_2144/ide/plugins/com.nxp.mcuxpresso.tools.win32_11.9.0.202307121226/tools/bin/../lib/gcc/arm-none-eabi/12.3.1/../../../../arm-none-eabi/lib/thumb/v7e-m+fp/softfp\libcr_c.a(printf.o)
                0x6000547c                _printf
 .text._sbrk    0x600054d0       0x3c c:/nxp/mcuxpressoide_11.9.0_2144/ide/plugins/com.nxp.mcuxpresso.tools.win32_11.9.0.202307121226/tools/bin/../lib/gcc/arm-none-eabi/12.3.1/../../../../arm-none-eabi/lib/thumb/v7e-m+fp/softfp\libcr_c.a(_cr_sbrk.o)
                0x600054d0                _sbrk
 .text._Cwritebuf
                0x6000550c       0x6c c:/nxp/mcuxpressoide_11.9.0_2144/ide/plugins/com.nxp.mcuxpresso.tools.win32_11.9.0.202307121226/tools/bin/../lib/gcc/arm-none-eabi/12.3.1/../../../../arm-none-eabi/lib/thumb/v7e-m+fp/softfp\libcr_c.a(_writebuf.o)
                0x6000550c                _Cwritebuf
 .text.fflush   0x60005578       0x3c c:/nxp/mcuxpressoide_11.9.0_2144/ide/plugins/com.nxp.mcuxpresso.tools.win32_11.9.0.202307121226/tools/bin/../lib/gcc/arm-none-eabi/12.3.1/../../../../arm-none-eabi/lib/thumb/v7e-m+fp/softfp\libcr_c.a(fflush.o)
                0x60005578                fflush
 .text.fseek    0x600055b4       0xf8 c:/nxp/mcuxpressoide_11.9.0_2144/ide/plugins/com.nxp.mcuxpresso.tools.win32_11.9.0.202307121226/tools/bin/../lib/gcc/arm-none-eabi/12.3.1/../../../../arm-none-eabi/lib/thumb/v7e-m+fp/softfp\libcr_c.a(fseek.o)
                0x600055b4                fseek
 .text.ftell    0x600056ac       0x44 c:/nxp/mcuxpressoide_11.9.0_2144/ide/plugins/com.nxp.mcuxpresso.tools.win32_11.9.0.202307121226/tools/bin/../lib/gcc/arm-none-eabi/12.3.1/../../../../arm-none-eabi/lib/thumb/v7e-m+fp/softfp\libcr_c.a(ftell.o)
                0x600056ac                ftell
 .text.__check_heap_overflow
                0x600056f0       0x18 c:/nxp/mcuxpressoide_11.9.0_2144/ide/plugins/com.nxp.mcuxpresso.tools.win32_11.9.0.202307121226/tools/bin/../lib/gcc/arm-none-eabi/12.3.1/../../../../arm-none-eabi/lib/thumb/v7e-m+fp/softfp\libcr_c.a(_cr_check_heap.o)
                0x600056f0                __check_heap_overflow
 .text.__aeabi_f2d
                0x60005708       0x38 c:/nxp/mcuxpressoide_11.9.0_2144/ide/plugins/com.nxp.mcuxpresso.tools.win32_11.9.0.202307121226/tools/bin/../lib/gcc/arm-none-eabi/12.3.1/thumb/v7e-m+fp/softfp\libcr_eabihelpers.a(float.o)
                0x60005708                __aeabi_f2d
 .text.fsl_assert_hook
                0x60005740       0x1a ./utilities/fsl_assert.o
                0x60005740                fsl_assert_hook
 .text.DbgConsole_PrintCallback
                0x6000575a       0x66 ./utilities/fsl_debug_console.o
 .text.DbgConsole_Printf
                0x600057c0       0x2c ./utilities/fsl_debug_console.o
                0x600057c0                DbgConsole_Printf
 .text.PrintGetWidth
                0x600057ec       0x6a ./utilities/fsl_str.o
 .text.PrintGetPrecision
                0x60005856       0x8c ./utilities/fsl_str.o
 .text.PrintIsobpu
                0x600058e2       0x38 ./utilities/fsl_str.o
 .text.PrintIsdi
                0x6000591a       0x2c ./utilities/fsl_str.o
 .text.PrintOutputdifFobpu
                0x60005946       0x44 ./utilities/fsl_str.o
 .text.PrintOutputxX
                0x6000598a       0x44 ./utilities/fsl_str.o
 .text.PrintIsfF
                0x600059ce       0x2c ./utilities/fsl_str.o
 .text.PrintIsxX
                0x600059fa       0x2c ./utilities/fsl_str.o
 .text.PrintFilterLengthFlag
                0x60005a26       0x3e ./utilities/fsl_str.o
 .text.PrintGetRadixFromobpu
                0x60005a64       0x40 ./utilities/fsl_str.o
 .text.ConvertRadixNumToString
                0x60005aa4       0xc2 ./utilities/fsl_str.o
 .text.StrFormatExaminedi
                0x60005b66       0x26 ./utilities/fsl_str.o
 .text.StrFormatExaminexX
                0x60005b8c       0x26 ./utilities/fsl_str.o
 .text.StrFormatExamineobpu
                0x60005bb2       0x26 ./utilities/fsl_str.o
 .text.ConvertPrecisionWidthToLength
                0x60005bd8       0x20 ./utilities/fsl_str.o
 .text.StrFormatPrintf
                0x60005bf8      0x2bc ./utilities/fsl_str.o
                0x60005bf8                StrFormatPrintf
 .text.DMA0_DMA16_IRQHandler
                0x60005eb4        0x8 ./startup/startup_mimxrt1021.o
                0x60005eb4                DMA0_DMA16_IRQHandler
 .text.DMA1_DMA17_IRQHandler
                0x60005ebc        0x8 ./startup/startup_mimxrt1021.o
                0x60005ebc                DMA1_DMA17_IRQHandler
 .text.DMA2_DMA18_IRQHandler
                0x60005ec4        0x8 ./startup/startup_mimxrt1021.o
                0x60005ec4                DMA2_DMA18_IRQHandler
 .text.DMA3_DMA19_IRQHandler
                0x60005ecc        0x8 ./startup/startup_mimxrt1021.o
                0x60005ecc                DMA3_DMA19_IRQHandler
 .text.DMA4_DMA20_IRQHandler
                0x60005ed4        0x8 ./startup/startup_mimxrt1021.o
                0x60005ed4                DMA4_DMA20_IRQHandler
 .text.DMA5_DMA21_IRQHandler
                0x60005edc        0x8 ./startup/startup_mimxrt1021.o
                0x60005edc                DMA5_DMA21_IRQHandler
 .text.DMA6_DMA22_IRQHandler
                0x60005ee4        0x8 ./startup/startup_mimxrt1021.o
                0x60005ee4                DMA6_DMA22_IRQHandler
 .text.DMA7_DMA23_IRQHandler
                0x60005eec        0x8 ./startup/startup_mimxrt1021.o
                0x60005eec                DMA7_DMA23_IRQHandler
 .text.DMA8_DMA24_IRQHandler
                0x60005ef4        0x8 ./startup/startup_mimxrt1021.o
                0x60005ef4                DMA8_DMA24_IRQHandler
 .text.DMA9_DMA25_IRQHandler
                0x60005efc        0x8 ./startup/startup_mimxrt1021.o
                0x60005efc                DMA9_DMA25_IRQHandler
 .text.DMA10_DMA26_IRQHandler
                0x60005f04        0x8 ./startup/startup_mimxrt1021.o
                0x60005f04                DMA10_DMA26_IRQHandler
 .text.DMA11_DMA27_IRQHandler
                0x60005f0c        0x8 ./startup/startup_mimxrt1021.o
                0x60005f0c                DMA11_DMA27_IRQHandler
 .text.DMA12_DMA28_IRQHandler
                0x60005f14        0x8 ./startup/startup_mimxrt1021.o
                0x60005f14                DMA12_DMA28_IRQHandler
 .text.DMA13_DMA29_IRQHandler
                0x60005f1c        0x8 ./startup/startup_mimxrt1021.o
                0x60005f1c                DMA13_DMA29_IRQHandler
 .text.DMA14_DMA30_IRQHandler
                0x60005f24        0x8 ./startup/startup_mimxrt1021.o
                0x60005f24                DMA14_DMA30_IRQHandler
 .text.DMA15_DMA31_IRQHandler
                0x60005f2c        0x8 ./startup/startup_mimxrt1021.o
                0x60005f2c                DMA15_DMA31_IRQHandler
 .text.DMA_ERROR_IRQHandler
                0x60005f34        0x8 ./startup/startup_mimxrt1021.o
                0x60005f34                DMA_ERROR_IRQHandler
 .text.CTI0_ERROR_IRQHandler
                0x60005f3c        0x8 ./startup/startup_mimxrt1021.o
                0x60005f3c                CTI0_ERROR_IRQHandler
 .text.CTI1_ERROR_IRQHandler
                0x60005f44        0x8 ./startup/startup_mimxrt1021.o
                0x60005f44                CTI1_ERROR_IRQHandler
 .text.CORE_IRQHandler
                0x60005f4c        0x8 ./startup/startup_mimxrt1021.o
                0x60005f4c                CORE_IRQHandler
 .text.LPUART1_IRQHandler
                0x60005f54        0x8 ./startup/startup_mimxrt1021.o
                0x60005f54                LPUART1_IRQHandler
 .text.LPUART2_IRQHandler
                0x60005f5c        0x8 ./startup/startup_mimxrt1021.o
                0x60005f5c                LPUART2_IRQHandler
 .text.LPUART3_IRQHandler
                0x60005f64        0x8 ./startup/startup_mimxrt1021.o
                0x60005f64                LPUART3_IRQHandler
 .text.LPUART4_IRQHandler
                0x60005f6c        0x8 ./startup/startup_mimxrt1021.o
                0x60005f6c                LPUART4_IRQHandler
 .text.LPUART5_IRQHandler
                0x60005f74        0x8 ./startup/startup_mimxrt1021.o
                0x60005f74                LPUART5_IRQHandler
 .text.LPUART6_IRQHandler
                0x60005f7c        0x8 ./startup/startup_mimxrt1021.o
                0x60005f7c                LPUART6_IRQHandler
 .text.LPUART7_IRQHandler
                0x60005f84        0x8 ./startup/startup_mimxrt1021.o
                0x60005f84                LPUART7_IRQHandler
 .text.LPUART8_IRQHandler
                0x60005f8c        0x8 ./startup/startup_mimxrt1021.o
                0x60005f8c                LPUART8_IRQHandler
 .text.LPI2C1_IRQHandler
                0x60005f94        0x8 ./startup/startup_mimxrt1021.o
                0x60005f94                LPI2C1_IRQHandler
 .text.LPI2C2_IRQHandler
                0x60005f9c        0x8 ./startup/startup_mimxrt1021.o
                0x60005f9c                LPI2C2_IRQHandler
 .text.LPI2C3_IRQHandler
                0x60005fa4        0x8 ./startup/startup_mimxrt1021.o
                0x60005fa4                LPI2C3_IRQHandler
 .text.LPI2C4_IRQHandler
                0x60005fac        0x8 ./startup/startup_mimxrt1021.o
                0x60005fac                LPI2C4_IRQHandler
 .text.LPSPI1_IRQHandler
                0x60005fb4        0x8 ./startup/startup_mimxrt1021.o
                0x60005fb4                LPSPI1_IRQHandler
 .text.LPSPI2_IRQHandler
                0x60005fbc        0x8 ./startup/startup_mimxrt1021.o
                0x60005fbc                LPSPI2_IRQHandler
 .text.LPSPI3_IRQHandler
                0x60005fc4        0x8 ./startup/startup_mimxrt1021.o
                0x60005fc4                LPSPI3_IRQHandler
 .text.LPSPI4_IRQHandler
                0x60005fcc        0x8 ./startup/startup_mimxrt1021.o
                0x60005fcc                LPSPI4_IRQHandler
 .text.CAN1_IRQHandler
                0x60005fd4        0x8 ./startup/startup_mimxrt1021.o
                0x60005fd4                CAN1_IRQHandler
 .text.CAN2_IRQHandler
                0x60005fdc        0x8 ./startup/startup_mimxrt1021.o
                0x60005fdc                CAN2_IRQHandler
 .text.FLEXRAM_IRQHandler
                0x60005fe4        0x8 ./startup/startup_mimxrt1021.o
                0x60005fe4                FLEXRAM_IRQHandler
 .text.KPP_IRQHandler
                0x60005fec        0x8 ./startup/startup_mimxrt1021.o
                0x60005fec                KPP_IRQHandler
 .text.Reserved56_IRQHandler
                0x60005ff4        0x8 ./startup/startup_mimxrt1021.o
                0x60005ff4                Reserved56_IRQHandler
 .text.GPR_IRQ_IRQHandler
                0x60005ffc        0x8 ./startup/startup_mimxrt1021.o
                0x60005ffc                GPR_IRQ_IRQHandler
 .text.Reserved58_IRQHandler
                0x60006004        0x8 ./startup/startup_mimxrt1021.o
                0x60006004                Reserved58_IRQHandler
 .text.Reserved59_IRQHandler
                0x6000600c        0x8 ./startup/startup_mimxrt1021.o
                0x6000600c                Reserved59_IRQHandler
 .text.Reserved60_IRQHandler
                0x60006014        0x8 ./startup/startup_mimxrt1021.o
                0x60006014                Reserved60_IRQHandler
 .text.WDOG2_IRQHandler
                0x6000601c        0x8 ./startup/startup_mimxrt1021.o
                0x6000601c                WDOG2_IRQHandler
 .text.SNVS_HP_WRAPPER_IRQHandler
                0x60006024        0x8 ./startup/startup_mimxrt1021.o
                0x60006024                SNVS_HP_WRAPPER_IRQHandler
 .text.SNVS_HP_WRAPPER_TZ_IRQHandler
                0x6000602c        0x8 ./startup/startup_mimxrt1021.o
                0x6000602c                SNVS_HP_WRAPPER_TZ_IRQHandler
 .text.SNVS_LP_HP_WRAPPER_IRQHandler
                0x60006034        0x8 ./startup/startup_mimxrt1021.o
                0x60006034                SNVS_LP_HP_WRAPPER_IRQHandler
 .text.CSU_IRQHandler
                0x6000603c        0x8 ./startup/startup_mimxrt1021.o
                0x6000603c                CSU_IRQHandler
 .text.DCP_IRQHandler
                0x60006044        0x8 ./startup/startup_mimxrt1021.o
                0x60006044                DCP_IRQHandler
 .text.DCP_VMI_IRQHandler
                0x6000604c        0x8 ./startup/startup_mimxrt1021.o
                0x6000604c                DCP_VMI_IRQHandler
 .text.Reserved68_IRQHandler
                0x60006054        0x8 ./startup/startup_mimxrt1021.o
                0x60006054                Reserved68_IRQHandler
 .text.TRNG_IRQHandler
                0x6000605c        0x8 ./startup/startup_mimxrt1021.o
                0x6000605c                TRNG_IRQHandler
 .text.Reserved70_IRQHandler
                0x60006064        0x8 ./startup/startup_mimxrt1021.o
                0x60006064                Reserved70_IRQHandler
 .text.BEE_IRQHandler
                0x6000606c        0x8 ./startup/startup_mimxrt1021.o
                0x6000606c                BEE_IRQHandler
 .text.SAI1_IRQHandler
                0x60006074        0x8 ./startup/startup_mimxrt1021.o
                0x60006074                SAI1_IRQHandler
 .text.SAI2_IRQHandler
                0x6000607c        0x8 ./startup/startup_mimxrt1021.o
                0x6000607c                SAI2_IRQHandler
 .text.SAI3_RX_IRQHandler
                0x60006084        0x8 ./startup/startup_mimxrt1021.o
                0x60006084                SAI3_RX_IRQHandler
 .text.SAI3_TX_IRQHandler
                0x6000608c        0x8 ./startup/startup_mimxrt1021.o
                0x6000608c                SAI3_TX_IRQHandler
 .text.SPDIF_IRQHandler
                0x60006094        0x8 ./startup/startup_mimxrt1021.o
                0x60006094                SPDIF_IRQHandler
 .text.PMU_IRQHandler
                0x6000609c        0x8 ./startup/startup_mimxrt1021.o
                0x6000609c                PMU_IRQHandler
 .text.Reserved78_IRQHandler
                0x600060a4        0x8 ./startup/startup_mimxrt1021.o
                0x600060a4                Reserved78_IRQHandler
 .text.TEMP_LOW_HIGH_IRQHandler
                0x600060ac        0x8 ./startup/startup_mimxrt1021.o
                0x600060ac                TEMP_LOW_HIGH_IRQHandler
 .text.TEMP_PANIC_IRQHandler
                0x600060b4        0x8 ./startup/startup_mimxrt1021.o
                0x600060b4                TEMP_PANIC_IRQHandler
 .text.USB_PHY_IRQHandler
                0x600060bc        0x8 ./startup/startup_mimxrt1021.o
                0x600060bc                USB_PHY_IRQHandler
 .text.Reserved82_IRQHandler
                0x600060c4        0x8 ./startup/startup_mimxrt1021.o
                0x600060c4                Reserved82_IRQHandler
 .text.ADC1_IRQHandler
                0x600060cc        0x8 ./startup/startup_mimxrt1021.o
                0x600060cc                ADC1_IRQHandler
 .text.ADC2_IRQHandler
                0x600060d4        0x8 ./startup/startup_mimxrt1021.o
                0x600060d4                ADC2_IRQHandler
 .text.DCDC_IRQHandler
                0x600060dc        0x8 ./startup/startup_mimxrt1021.o
                0x600060dc                DCDC_IRQHandler
 .text.Reserved86_IRQHandler
                0x600060e4        0x8 ./startup/startup_mimxrt1021.o
                0x600060e4                Reserved86_IRQHandler
 .text.Reserved87_IRQHandler
                0x600060ec        0x8 ./startup/startup_mimxrt1021.o
                0x600060ec                Reserved87_IRQHandler
 .text.GPIO1_INT0_IRQHandler
                0x600060f4        0x8 ./startup/startup_mimxrt1021.o
                0x600060f4                GPIO1_INT0_IRQHandler
 .text.GPIO1_INT1_IRQHandler
                0x600060fc        0x8 ./startup/startup_mimxrt1021.o
                0x600060fc                GPIO1_INT1_IRQHandler
 .text.GPIO1_INT2_IRQHandler
                0x60006104        0x8 ./startup/startup_mimxrt1021.o
                0x60006104                GPIO1_INT2_IRQHandler
 .text.GPIO1_INT3_IRQHandler
                0x6000610c        0x8 ./startup/startup_mimxrt1021.o
                0x6000610c                GPIO1_INT3_IRQHandler
 .text.GPIO1_INT4_IRQHandler
                0x60006114        0x8 ./startup/startup_mimxrt1021.o
                0x60006114                GPIO1_INT4_IRQHandler
 .text.GPIO1_INT5_IRQHandler
                0x6000611c        0x8 ./startup/startup_mimxrt1021.o
                0x6000611c                GPIO1_INT5_IRQHandler
 .text.GPIO1_INT6_IRQHandler
                0x60006124        0x8 ./startup/startup_mimxrt1021.o
                0x60006124                GPIO1_INT6_IRQHandler
 .text.GPIO1_INT7_IRQHandler
                0x6000612c        0x8 ./startup/startup_mimxrt1021.o
                0x6000612c                GPIO1_INT7_IRQHandler
 .text.GPIO1_Combined_0_15_IRQHandler
                0x60006134        0x8 ./startup/startup_mimxrt1021.o
                0x60006134                GPIO1_Combined_0_15_IRQHandler
 .text.GPIO1_Combined_16_31_IRQHandler
                0x6000613c        0x8 ./startup/startup_mimxrt1021.o
                0x6000613c                GPIO1_Combined_16_31_IRQHandler
 .text.GPIO2_Combined_0_15_IRQHandler
                0x60006144        0x8 ./startup/startup_mimxrt1021.o
                0x60006144                GPIO2_Combined_0_15_IRQHandler
 .text.GPIO2_Combined_16_31_IRQHandler
                0x6000614c        0x8 ./startup/startup_mimxrt1021.o
                0x6000614c                GPIO2_Combined_16_31_IRQHandler
 .text.GPIO3_Combined_0_15_IRQHandler
                0x60006154        0x8 ./startup/startup_mimxrt1021.o
                0x60006154                GPIO3_Combined_0_15_IRQHandler
 .text.GPIO3_Combined_16_31_IRQHandler
                0x6000615c        0x8 ./startup/startup_mimxrt1021.o
                0x6000615c                GPIO3_Combined_16_31_IRQHandler
 .text.Reserved102_IRQHandler
                0x60006164        0x8 ./startup/startup_mimxrt1021.o
                0x60006164                Reserved102_IRQHandler
 .text.Reserved103_IRQHandler
                0x6000616c        0x8 ./startup/startup_mimxrt1021.o
                0x6000616c                Reserved103_IRQHandler
 .text.GPIO5_Combined_0_15_IRQHandler
                0x60006174        0x8 ./startup/startup_mimxrt1021.o
                0x60006174                GPIO5_Combined_0_15_IRQHandler
 .text.GPIO5_Combined_16_31_IRQHandler
                0x6000617c        0x8 ./startup/startup_mimxrt1021.o
                0x6000617c                GPIO5_Combined_16_31_IRQHandler
 .text.FLEXIO1_IRQHandler
                0x60006184        0x8 ./startup/startup_mimxrt1021.o
                0x60006184                FLEXIO1_IRQHandler
 .text.Reserved107_IRQHandler
                0x6000618c        0x8 ./startup/startup_mimxrt1021.o
                0x6000618c                Reserved107_IRQHandler
 .text.WDOG1_IRQHandler
                0x60006194        0x8 ./startup/startup_mimxrt1021.o
                0x60006194                WDOG1_IRQHandler
 .text.RTWDOG_IRQHandler
                0x6000619c        0x8 ./startup/startup_mimxrt1021.o
                0x6000619c                RTWDOG_IRQHandler
 .text.EWM_IRQHandler
                0x600061a4        0x8 ./startup/startup_mimxrt1021.o
                0x600061a4                EWM_IRQHandler
 .text.CCM_1_IRQHandler
                0x600061ac        0x8 ./startup/startup_mimxrt1021.o
                0x600061ac                CCM_1_IRQHandler
 .text.CCM_2_IRQHandler
                0x600061b4        0x8 ./startup/startup_mimxrt1021.o
                0x600061b4                CCM_2_IRQHandler
 .text.GPC_IRQHandler
                0x600061bc        0x8 ./startup/startup_mimxrt1021.o
                0x600061bc                GPC_IRQHandler
 .text.SRC_IRQHandler
                0x600061c4        0x8 ./startup/startup_mimxrt1021.o
                0x600061c4                SRC_IRQHandler
 .text.Reserved115_IRQHandler
                0x600061cc        0x8 ./startup/startup_mimxrt1021.o
                0x600061cc                Reserved115_IRQHandler
 .text.GPT1_IRQHandler
                0x600061d4        0x8 ./startup/startup_mimxrt1021.o
                0x600061d4                GPT1_IRQHandler
 .text.GPT2_IRQHandler
                0x600061dc        0x8 ./startup/startup_mimxrt1021.o
                0x600061dc                GPT2_IRQHandler
 .text.PWM1_0_IRQHandler
                0x600061e4        0x8 ./startup/startup_mimxrt1021.o
                0x600061e4                PWM1_0_IRQHandler
 .text.PWM1_1_IRQHandler
                0x600061ec        0x8 ./startup/startup_mimxrt1021.o
                0x600061ec                PWM1_1_IRQHandler
 .text.PWM1_2_IRQHandler
                0x600061f4        0x8 ./startup/startup_mimxrt1021.o
                0x600061f4                PWM1_2_IRQHandler
 .text.PWM1_3_IRQHandler
                0x600061fc        0x8 ./startup/startup_mimxrt1021.o
                0x600061fc                PWM1_3_IRQHandler
 .text.PWM1_FAULT_IRQHandler
                0x60006204        0x8 ./startup/startup_mimxrt1021.o
                0x60006204                PWM1_FAULT_IRQHandler
 .text.Reserved123_IRQHandler
                0x6000620c        0x8 ./startup/startup_mimxrt1021.o
                0x6000620c                Reserved123_IRQHandler
 .text.FLEXSPI_IRQHandler
                0x60006214        0x8 ./startup/startup_mimxrt1021.o
                0x60006214                FLEXSPI_IRQHandler
 .text.SEMC_IRQHandler
                0x6000621c        0x8 ./startup/startup_mimxrt1021.o
                0x6000621c                SEMC_IRQHandler
 .text.USDHC1_IRQHandler
                0x60006224        0x8 ./startup/startup_mimxrt1021.o
                0x60006224                USDHC1_IRQHandler
 .text.USDHC2_IRQHandler
                0x6000622c        0x8 ./startup/startup_mimxrt1021.o
                0x6000622c                USDHC2_IRQHandler
 .text.Reserved128_IRQHandler
                0x60006234        0x8 ./startup/startup_mimxrt1021.o
                0x60006234                Reserved128_IRQHandler
 .text.USB_OTG1_IRQHandler
                0x6000623c        0x8 ./startup/startup_mimxrt1021.o
                0x6000623c                USB_OTG1_IRQHandler
 .text.ENET_IRQHandler
                0x60006244        0x8 ./startup/startup_mimxrt1021.o
                0x60006244                ENET_IRQHandler
 .text.ENET_1588_Timer_IRQHandler
                0x6000624c        0x8 ./startup/startup_mimxrt1021.o
                0x6000624c                ENET_1588_Timer_IRQHandler
 .text.XBAR1_IRQ_0_1_IRQHandler
                0x60006254        0x8 ./startup/startup_mimxrt1021.o
                0x60006254                XBAR1_IRQ_0_1_IRQHandler
 .text.XBAR1_IRQ_2_3_IRQHandler
                0x6000625c        0x8 ./startup/startup_mimxrt1021.o
                0x6000625c                XBAR1_IRQ_2_3_IRQHandler
 .text.ADC_ETC_IRQ0_IRQHandler
                0x60006264        0x8 ./startup/startup_mimxrt1021.o
                0x60006264                ADC_ETC_IRQ0_IRQHandler
 .text.ADC_ETC_IRQ1_IRQHandler
                0x6000626c        0x8 ./startup/startup_mimxrt1021.o
                0x6000626c                ADC_ETC_IRQ1_IRQHandler
 .text.ADC_ETC_IRQ2_IRQHandler
                0x60006274        0x8 ./startup/startup_mimxrt1021.o
                0x60006274                ADC_ETC_IRQ2_IRQHandler
 .text.ADC_ETC_ERROR_IRQ_IRQHandler
                0x6000627c        0x8 ./startup/startup_mimxrt1021.o
                0x6000627c                ADC_ETC_ERROR_IRQ_IRQHandler
 .text.PIT_IRQHandler
                0x60006284        0x8 ./startup/startup_mimxrt1021.o
                0x60006284                PIT_IRQHandler
 .text.ACMP1_IRQHandler
                0x6000628c        0x8 ./startup/startup_mimxrt1021.o
                0x6000628c                ACMP1_IRQHandler
 .text.ACMP2_IRQHandler
                0x60006294        0x8 ./startup/startup_mimxrt1021.o
                0x60006294                ACMP2_IRQHandler
 .text.ACMP3_IRQHandler
                0x6000629c        0x8 ./startup/startup_mimxrt1021.o
                0x6000629c                ACMP3_IRQHandler
 .text.ACMP4_IRQHandler
                0x600062a4        0x8 ./startup/startup_mimxrt1021.o
                0x600062a4                ACMP4_IRQHandler
 .text.Reserved143_IRQHandler
                0x600062ac        0x8 ./startup/startup_mimxrt1021.o
                0x600062ac                Reserved143_IRQHandler
 .text.Reserved144_IRQHandler
                0x600062b4        0x8 ./startup/startup_mimxrt1021.o
                0x600062b4                Reserved144_IRQHandler
 .text.ENC1_IRQHandler
                0x600062bc        0x8 ./startup/startup_mimxrt1021.o
                0x600062bc                ENC1_IRQHandler
 .text.ENC2_IRQHandler
                0x600062c4        0x8 ./startup/startup_mimxrt1021.o
                0x600062c4                ENC2_IRQHandler
 .text.Reserved147_IRQHandler
                0x600062cc        0x8 ./startup/startup_mimxrt1021.o
                0x600062cc                Reserved147_IRQHandler
 .text.Reserved148_IRQHandler
                0x600062d4        0x8 ./startup/startup_mimxrt1021.o
                0x600062d4                Reserved148_IRQHandler
 .text.TMR1_IRQHandler
                0x600062dc        0x8 ./startup/startup_mimxrt1021.o
                0x600062dc                TMR1_IRQHandler
 .text.TMR2_IRQHandler
                0x600062e4        0x8 ./startup/startup_mimxrt1021.o
                0x600062e4                TMR2_IRQHandler
 .text.Reserved151_IRQHandler
                0x600062ec        0x8 ./startup/startup_mimxrt1021.o
                0x600062ec                Reserved151_IRQHandler
 .text.Reserved152_IRQHandler
                0x600062f4        0x8 ./startup/startup_mimxrt1021.o
                0x600062f4                Reserved152_IRQHandler
 .text.PWM2_0_IRQHandler
                0x600062fc        0x8 ./startup/startup_mimxrt1021.o
                0x600062fc                PWM2_0_IRQHandler
 .text.PWM2_1_IRQHandler
                0x60006304        0x8 ./startup/startup_mimxrt1021.o
                0x60006304                PWM2_1_IRQHandler
 .text.PWM2_2_IRQHandler
                0x6000630c        0x8 ./startup/startup_mimxrt1021.o
                0x6000630c                PWM2_2_IRQHandler
 .text.PWM2_3_IRQHandler
                0x60006314        0x8 ./startup/startup_mimxrt1021.o
                0x60006314                PWM2_3_IRQHandler
 .text.PWM2_FAULT_IRQHandler
                0x6000631c        0x8 ./startup/startup_mimxrt1021.o
                0x6000631c                PWM2_FAULT_IRQHandler
 .text.HardFault_Handler
                0x60006324       0x36 ./source/semihost_hardfault.o
                0x60006324                HardFault_Handler
 .text.SHT30_Send_Cmd
                0x6000635a       0x28 ./source/sht30.o
 .text.SHT30_reset
                0x60006382       0x10 ./source/sht30.o
                0x60006382                SHT30_reset
 .text.SHT30_Init
                0x60006392       0x12 ./source/sht30.o
                0x60006392                SHT30_Init
 .text.SHT30_Read_Dat
                0x600063a4       0x1a ./source/sht30.o
                0x600063a4                SHT30_Read_Dat
 .text.CheckCrc8
                0x600063be       0x76 ./source/sht30.o
                0x600063be                CheckCrc8
 .text.lcd_createSettings
                0x60006434       0x76 ./source/st7735s.o
                0x60006434                lcd_createSettings
 .text.CLOCK_IsPllBypassed
                0x600064aa       0x32 ./drivers/fsl_clock.o
 .text.CLOCK_IsPllEnabled
                0x600064dc       0x3c ./drivers/fsl_clock.o
 .text.CLOCK_GetPllBypassRefClk
                0x60006518       0x34 ./drivers/fsl_clock.o
 .text._SDK_AtomicLocalClearAndSet4Byte
                0x6000654c       0x50 ./drivers/fsl_gpio.o
 .text.CLOCK_EnableClock
                0x6000659c       0x1e ./drivers/fsl_gpio.o
 .text.GPIO_SetPinInterruptConfig
                0x600065ba       0x22 ./drivers/fsl_gpio.o
 .text._SDK_AtomicLocalClearAndSet4Byte
                0x600065dc       0x50 ./drivers/fsl_lpuart.o
 .text.CLOCK_EnableClock
                0x6000662c       0x1e ./drivers/fsl_lpuart.o
 .text.LPUART_SoftwareReset
                0x6000664a       0x2c ./drivers/fsl_lpuart.o
 .text.SystemInitHook
                0x60006676        0xe ./device/system_MIMXRT1021.o
                0x60006676                SystemInitHook
 .text.HAL_UartGetStatus
                0x60006684       0x28 ./component/uart/fsl_adapter_lpuart.o
 .text.DisableGlobalIRQ
                0x600066ac       0x22 ./component/serial_manager/fsl_component_serial_manager.o
 .text.EnableGlobalIRQ
                0x600066ce       0x20 ./component/serial_manager/fsl_component_serial_manager.o
 .text.SerialManager_StartWriting
                0x600066ee       0x38 ./component/serial_manager/fsl_component_serial_manager.o
 .text.SerialManager_Write
                0x60006726       0x44 ./component/serial_manager/fsl_component_serial_manager.o
 .text.SerialManager_Init
                0x6000676a       0x60 ./component/serial_manager/fsl_component_serial_manager.o
                0x6000676a                SerialManager_Init
 .text.SerialManager_OpenWriteHandle
                0x600067ca       0x50 ./component/serial_manager/fsl_component_serial_manager.o
                0x600067ca                SerialManager_OpenWriteHandle
 .text.SerialManager_OpenReadHandle
                0x6000681a       0x60 ./component/serial_manager/fsl_component_serial_manager.o
                0x6000681a                SerialManager_OpenReadHandle
 .text.SerialManager_WriteBlocking
                0x6000687a       0x20 ./component/serial_manager/fsl_component_serial_manager.o
                0x6000687a                SerialManager_WriteBlocking
 .text.Serial_UartInit
                0x6000689a       0x3e ./component/serial_manager/fsl_component_serial_port_uart.o
                0x6000689a                Serial_UartInit
 .text.Serial_UartWrite
                0x600068d8       0x38 ./component/serial_manager/fsl_component_serial_port_uart.o
                0x600068d8                Serial_UartWrite
 .text.BOARD_InitDebugConsole
                0x60006910       0x22 ./board/board.o
                0x60006910                BOARD_InitDebugConsole
 .text._SDK_AtomicLocalClearAndSet4Byte
                0x60006932       0x50 ./board/clock_config.o
 .text.CLOCK_DisableClock
                0x60006982       0x1e ./board/clock_config.o
 .text.CLOCK_SetPllBypass
                0x600069a0       0x4e ./board/clock_config.o
 .text.IOMUXC_SetSaiMClkClockSource
                0x600069ee       0x6c ./board/clock_config.o
 .text.BOARD_InitBootClocks
                0x60006a5a        0xc ./board/clock_config.o
                0x60006a5a                BOARD_InitBootClocks
 .text.BOARD_InitPeripherals
                0x60006a66        0xe ./board/peripherals.o
                0x60006a66                BOARD_InitPeripherals
 .text.BOARD_InitBootPeripherals
                0x60006a74        0xc ./board/peripherals.o
                0x60006a74                BOARD_InitBootPeripherals
 .text._SDK_AtomicLocalClearAndSet4Byte
                0x60006a80       0x50 ./board/pin_mux.o
 .text.CLOCK_EnableClock
                0x60006ad0       0x1e ./board/pin_mux.o
 .text.IOMUXC_SetPinMux
                0x60006aee       0x3a ./board/pin_mux.o
 .text.BOARD_InitBootPins
                0x60006b28       0x10 ./board/pin_mux.o
                0x60006b28                BOARD_InitBootPins
 .text.__main   0x60006b38        0xe c:/nxp/mcuxpressoide_11.9.0_2144/ide/plugins/com.nxp.mcuxpresso.tools.win32_11.9.0.202307121226/tools/bin/../lib/gcc/arm-none-eabi/12.3.1/../../../../arm-none-eabi/lib/thumb/v7e-m+fp/softfp\libcr_nohost_nf.a(_cr__main.o)
                0x60006b38                __main
 .text.memcpy   0x60006b46        0x4 c:/nxp/mcuxpressoide_11.9.0_2144/ide/plugins/com.nxp.mcuxpresso.tools.win32_11.9.0.202307121226/tools/bin/../lib/gcc/arm-none-eabi/12.3.1/../../../../arm-none-eabi/lib/thumb/v7e-m+fp/softfp\libcr_c.a(memcpy.o)
                0x60006b46                memcpy
 .text.memset   0x60006b4a        0x4 c:/nxp/mcuxpressoide_11.9.0_2144/ide/plugins/com.nxp.mcuxpresso.tools.win32_11.9.0.202307121226/tools/bin/../lib/gcc/arm-none-eabi/12.3.1/../../../../arm-none-eabi/lib/thumb/v7e-m+fp/softfp\libcr_c.a(memset.o)
                0x60006b4a                memset
 .text.free     0x60006b4e       0x30 c:/nxp/mcuxpressoide_11.9.0_2144/ide/plugins/com.nxp.mcuxpresso.tools.win32_11.9.0.202307121226/tools/bin/../lib/gcc/arm-none-eabi/12.3.1/../../../../arm-none-eabi/lib/thumb/v7e-m+fp/softfp\libcr_c.a(alloc.o)
                0x60006b4e                free
 .text.no_fp_display
                0x60006b7e        0x4 c:/nxp/mcuxpressoide_11.9.0_2144/ide/plugins/com.nxp.mcuxpresso.tools.win32_11.9.0.202307121226/tools/bin/../lib/gcc/arm-none-eabi/12.3.1/../../../../arm-none-eabi/lib/thumb/v7e-m+fp/softfp\libcr_c.a(printf.o)
 .text.setvbuf  0x60006b82       0x3e c:/nxp/mcuxpressoide_11.9.0_2144/ide/plugins/com.nxp.mcuxpresso.tools.win32_11.9.0.202307121226/tools/bin/../lib/gcc/arm-none-eabi/12.3.1/../../../../arm-none-eabi/lib/thumb/v7e-m+fp/softfp\libcr_c.a(setvbuf.o)
                0x60006b82                setvbuf
 .text.strlen   0x60006bc0       0x4e c:/nxp/mcuxpressoide_11.9.0_2144/ide/plugins/com.nxp.mcuxpresso.tools.win32_11.9.0.202307121226/tools/bin/../lib/gcc/arm-none-eabi/12.3.1/../../../../arm-none-eabi/lib/thumb/v7e-m+fp/softfp\libcr_c.a(strlen.o)
                0x60006bc0                strlen
 .text._deferredlazyseek
                0x60006c0e       0x40 c:/nxp/mcuxpressoide_11.9.0_2144/ide/plugins/com.nxp.mcuxpresso.tools.win32_11.9.0.202307121226/tools/bin/../lib/gcc/arm-none-eabi/12.3.1/../../../../arm-none-eabi/lib/thumb/v7e-m+fp/softfp\libcr_c.a(_deferredlazyseek.o)
                0x60006c0e                _deferredlazyseek
 .text.__flsbuf
                0x60006c4e      0x140 c:/nxp/mcuxpressoide_11.9.0_2144/ide/plugins/com.nxp.mcuxpresso.tools.win32_11.9.0.202307121226/tools/bin/../lib/gcc/arm-none-eabi/12.3.1/../../../../arm-none-eabi/lib/thumb/v7e-m+fp/softfp\libcr_c.a(_deferredlazyseek.o)
                0x60006c4e                __flsbuf
 .text._fdopen  0x60006d8e       0x68 c:/nxp/mcuxpressoide_11.9.0_2144/ide/plugins/com.nxp.mcuxpresso.tools.win32_11.9.0.202307121226/tools/bin/../lib/gcc/arm-none-eabi/12.3.1/../../../../arm-none-eabi/lib/thumb/v7e-m+fp/softfp\libcr_c.a(_fdopen.o)
                0x60006d8e                _fdopen
 .text._fflush  0x60006df6       0x52 c:/nxp/mcuxpressoide_11.9.0_2144/ide/plugins/com.nxp.mcuxpresso.tools.win32_11.9.0.202307121226/tools/bin/../lib/gcc/arm-none-eabi/12.3.1/../../../../arm-none-eabi/lib/thumb/v7e-m+fp/softfp\libcr_c.a(_fflush.o)
                0x60006df6                _fflush
 .text.fclose   0x60006e48       0x58 c:/nxp/mcuxpressoide_11.9.0_2144/ide/plugins/com.nxp.mcuxpresso.tools.win32_11.9.0.202307121226/tools/bin/../lib/gcc/arm-none-eabi/12.3.1/../../../../arm-none-eabi/lib/thumb/v7e-m+fp/softfp\libcr_c.a(fclose.o)
                0x60006e48                fclose
 .text.remove   0x60006ea0       0x14 c:/nxp/mcuxpressoide_11.9.0_2144/ide/plugins/com.nxp.mcuxpresso.tools.win32_11.9.0.202307121226/tools/bin/../lib/gcc/arm-none-eabi/12.3.1/../../../../arm-none-eabi/lib/thumb/v7e-m+fp/softfp\libcr_c.a(remove.o)
                0x60006ea0                remove
 .text._do_fflush
                0x60006eb4       0x40 c:/nxp/mcuxpressoide_11.9.0_2144/ide/plugins/com.nxp.mcuxpresso.tools.win32_11.9.0.202307121226/tools/bin/../lib/gcc/arm-none-eabi/12.3.1/../../../../arm-none-eabi/lib/thumb/v7e-m+fp/softfp\libcr_c.a(_do_fflush.o)
                0x60006eb4                _do_fflush
 .text.__aeabi_division_uldivmod
                0x60006ef4      0x174 c:/nxp/mcuxpressoide_11.9.0_2144/ide/plugins/com.nxp.mcuxpresso.tools.win32_11.9.0.202307121226/tools/bin/../lib/gcc/arm-none-eabi/12.3.1/thumb/v7e-m+fp/softfp\libcr_eabihelpers.a(division_64.o)
                0x60006ef4                __aeabi_uldivmod
                0x60006ef8                __bhs_ldivmod1
 .text.__aeabi_division_idiv0
                0x60007068        0x2 c:/nxp/mcuxpressoide_11.9.0_2144/ide/plugins/com.nxp.mcuxpresso.tools.win32_11.9.0.202307121226/tools/bin/../lib/gcc/arm-none-eabi/12.3.1/thumb/v7e-m+fp/softfp\libcr_eabihelpers.a(division_idiv0.o)
                0x60007068                __aeabi_idiv0
 .text.__aeabi_memcpy
                0x6000706a       0x34 c:/nxp/mcuxpressoide_11.9.0_2144/ide/plugins/com.nxp.mcuxpresso.tools.win32_11.9.0.202307121226/tools/bin/../lib/gcc/arm-none-eabi/12.3.1/thumb/v7e-m+fp/softfp\libcr_eabihelpers.a(memcpy.o)
                0x6000706a                __aeabi_memcpy
                0x60007074                __aeabi_memcpy8
                0x60007074                __aeabi_memcpy4
 .text.__aeabi_memset_lowlevel
                0x6000709e       0x32 c:/nxp/mcuxpressoide_11.9.0_2144/ide/plugins/com.nxp.mcuxpresso.tools.win32_11.9.0.202307121226/tools/bin/../lib/gcc/arm-none-eabi/12.3.1/thumb/v7e-m+fp/softfp\libcr_eabihelpers.a(memcpy.o)
                0x6000709e                __aeabi_lowlevel_memset
 .text.__sys_appexit
                0x600070d0        0x2 c:/nxp/mcuxpressoide_11.9.0_2144/ide/plugins/com.nxp.mcuxpresso.tools.win32_11.9.0.202307121226/tools/bin/../lib/gcc/arm-none-eabi/12.3.1/../../../../arm-none-eabi/lib/thumb/v7e-m+fp/softfp\libcr_nohost_nf.a(__sys_appexit.o)
                0x600070d0                __sys_appexit
                0x600070d0                __exit
 .text.__sys_close
                0x600070d2        0x6 c:/nxp/mcuxpressoide_11.9.0_2144/ide/plugins/com.nxp.mcuxpresso.tools.win32_11.9.0.202307121226/tools/bin/../lib/gcc/arm-none-eabi/12.3.1/../../../../arm-none-eabi/lib/thumb/v7e-m+fp/softfp\libcr_nohost_nf.a(__sys_close.o)
                0x600070d2                __sys_close
 .text.__sys_flen
                0x600070d8        0x6 c:/nxp/mcuxpressoide_11.9.0_2144/ide/plugins/com.nxp.mcuxpresso.tools.win32_11.9.0.202307121226/tools/bin/../lib/gcc/arm-none-eabi/12.3.1/../../../../arm-none-eabi/lib/thumb/v7e-m+fp/softfp\libcr_nohost_nf.a(__sys_flen.o)
                0x600070d8                __sys_flen
 .text.__sys_istty
                0x600070de        0x6 c:/nxp/mcuxpressoide_11.9.0_2144/ide/plugins/com.nxp.mcuxpresso.tools.win32_11.9.0.202307121226/tools/bin/../lib/gcc/arm-none-eabi/12.3.1/../../../../arm-none-eabi/lib/thumb/v7e-m+fp/softfp\libcr_nohost_nf.a(__sys_istty.o)
                0x600070de                __sys_istty
 .text.__sys_remove
                0x600070e4        0x6 c:/nxp/mcuxpressoide_11.9.0_2144/ide/plugins/com.nxp.mcuxpresso.tools.win32_11.9.0.202307121226/tools/bin/../lib/gcc/arm-none-eabi/12.3.1/../../../../arm-none-eabi/lib/thumb/v7e-m+fp/softfp\libcr_nohost_nf.a(__sys_remove.o)
                0x600070e4                __sys_remove
 .text.__sys_seek
                0x600070ea        0x6 c:/nxp/mcuxpressoide_11.9.0_2144/ide/plugins/com.nxp.mcuxpresso.tools.win32_11.9.0.202307121226/tools/bin/../lib/gcc/arm-none-eabi/12.3.1/../../../../arm-none-eabi/lib/thumb/v7e-m+fp/softfp\libcr_nohost_nf.a(__sys_seek.o)
                0x600070ea                __sys_seek
 .text.__sys_tmpnam
                0x600070f0        0x6 c:/nxp/mcuxpressoide_11.9.0_2144/ide/plugins/com.nxp.mcuxpresso.tools.win32_11.9.0.202307121226/tools/bin/../lib/gcc/arm-none-eabi/12.3.1/../../../../arm-none-eabi/lib/thumb/v7e-m+fp/softfp\libcr_nohost_nf.a(__sys_tmpnam.o)
                0x600070f0                __sys_tmpnam
 .text.__sys_write
                0x600070f6        0x4 c:/nxp/mcuxpressoide_11.9.0_2144/ide/plugins/com.nxp.mcuxpresso.tools.win32_11.9.0.202307121226/tools/bin/../lib/gcc/arm-none-eabi/12.3.1/../../../../arm-none-eabi/lib/thumb/v7e-m+fp/softfp\libcr_nohost_nf.a(__sys_write.o)
                0x600070f6                __sys_write
 *(SORT_BY_ALIGNMENT(.rodata) SORT_BY_ALIGNMENT(.rodata.*) SORT_BY_ALIGNMENT(.constdata) SORT_BY_ALIGNMENT(.constdata.*))
 *fill*         0x600070fa        0x2 ff
 .rodata.__assertion_failed.str1.4
                0x600070fc       0x14 ./utilities/fsl_assert.o
 .rodata.main.str1.4
                0x60007110       0x78 ./source/MIMXRT1021_I2C_Test.o
 .rodata.CLOCK_InitExternalClk.str1.4
                0x60007188       0x21 ./drivers/fsl_clock.o
 *fill*         0x600071a9        0x3 ff
 .rodata.CLOCK_GetPllFreq.str1.4
                0x600071ac       0x30 ./drivers/fsl_clock.o
 .rodata.enetRefClkFreq.0
                0x600071dc       0x10 ./drivers/fsl_clock.o
 .rodata.CLOCK_ControlGate.str1.4
                0x600071ec       0x20 ./drivers/fsl_gpio.o
 .rodata.s_gpioBases
                0x6000720c       0x18 ./drivers/fsl_gpio.o
 .rodata.s_gpioClock
                0x60007224        0xc ./drivers/fsl_gpio.o
 .rodata.GPIO_GetInstance.str1.4
                0x60007230       0x33 ./drivers/fsl_gpio.o
 *fill*         0x60007263        0x1 ff
 .rodata.GPIO_PinWrite.str1.4
                0x60007264       0x1b ./drivers/fsl_gpio.o
 .rodata.CLOCK_ControlGate.str1.4
                0x6000727f       0x20 ./drivers/fsl_lpuart.o
 *fill*         0x6000727f        0x1 ff
 .rodata.s_lpuartBases
                0x60007280       0x24 ./drivers/fsl_lpuart.o
 .rodata.s_lpuartClock
                0x600072a4       0x12 ./drivers/fsl_lpuart.o
 *fill*         0x600072b6        0x2 ff
 .rodata.LPUART_GetInstance.str1.4
                0x600072b8       0x38 ./drivers/fsl_lpuart.o
 .rodata.LPUART_Init.str1.4
                0x600072f0      0x10a ./drivers/fsl_lpuart.o
 *fill*         0x600073fa        0x2 ff
 .rodata.LPUART_GetDefaultConfig.str1.4
                0x600073fc       0x22 ./drivers/fsl_lpuart.o
 *fill*         0x6000741e        0x2 ff
 .rodata.LPUART_WriteBlocking.str1.4
                0x60007420       0x21 ./drivers/fsl_lpuart.o
 *fill*         0x60007441        0x3 ff
 .rodata.s_LpuartAdapterBase
                0x60007444       0x24 ./component/uart/fsl_adapter_lpuart.o
 .rodata.HAL_UartInit.str1.4
                0x60007468      0x116 ./component/uart/fsl_adapter_lpuart.o
 *fill*         0x6000757e        0x2 ff
 .rodata.HAL_UartSendBlocking.str1.4
                0x60007580       0x7b ./component/uart/fsl_adapter_lpuart.o
 *fill*         0x600075fb        0x1 ff
 .rodata.BOARD_ConfigMPU.str1.4
                0x600075fc       0x69 ./board/board.o
 *fill*         0x60007665        0x3 ff
 .rodata.CLOCK_SetMux.str1.4
                0x60007668       0x8a ./board/clock_config.o
 *fill*         0x600076f2        0x2 ff
 .rodata.CLOCK_SetDiv.str1.4
                0x600076f4       0x8a ./board/clock_config.o
 *fill*         0x6000777e        0x2 ff
 .rodata.CLOCK_ControlGate.str1.4
                0x60007780       0x79 ./board/clock_config.o
 *fill*         0x600077f9        0x3 ff
 .rodata.sysPllConfig_BOARD_BootClockRUN
                0x600077fc       0x14 ./board/clock_config.o
                0x600077fc                sysPllConfig_BOARD_BootClockRUN
 .rodata.enetPllConfig_BOARD_BootClockRUN
                0x60007810        0x5 ./board/clock_config.o
                0x60007810                enetPllConfig_BOARD_BootClockRUN
 .rodata.CLOCK_ControlGate.str1.4
                0x60007815       0x79 ./board/pin_mux.o
 *fill*         0x60007815        0x3 ff
 .rodata.__num_Ciob_streams
                0x60007818        0x4 c:/nxp/mcuxpressoide_11.9.0_2144/ide/plugins/com.nxp.mcuxpresso.tools.win32_11.9.0.202307121226/tools/bin/../lib/gcc/arm-none-eabi/12.3.1/../../../../arm-none-eabi/lib/thumb/v7e-m+fp/softfp\libcr_nohost_nf.a(__ciob.o)
                0x60007818                __num_Ciob_streams
 .rodata._Csys_alloc.str1.1
                0x6000781c       0x18 c:/nxp/mcuxpressoide_11.9.0_2144/ide/plugins/com.nxp.mcuxpresso.tools.win32_11.9.0.202307121226/tools/bin/../lib/gcc/arm-none-eabi/12.3.1/../../../../arm-none-eabi/lib/thumb/v7e-m+fp/softfp\libcr_c.a(alloc.o)
 .rodata._initio.str1.1
                0x60007834        0x4 c:/nxp/mcuxpressoide_11.9.0_2144/ide/plugins/com.nxp.mcuxpresso.tools.win32_11.9.0.202307121226/tools/bin/../lib/gcc/arm-none-eabi/12.3.1/../../../../arm-none-eabi/lib/thumb/v7e-m+fp/softfp\libcr_c.a(initio.o)
 .rodata.__vfprintf.str1.1
                0x60007838       0x37 c:/nxp/mcuxpressoide_11.9.0_2144/ide/plugins/com.nxp.mcuxpresso.tools.win32_11.9.0.202307121226/tools/bin/../lib/gcc/arm-none-eabi/12.3.1/../../../../arm-none-eabi/lib/thumb/v7e-m+fp/softfp\libcr_c.a(printf.o)
                                 0x38 (size before relaxing)
                0x60007870                        . = ALIGN (0x4)
 *fill*         0x6000786f        0x1 ff

.glue_7         0x60007870        0x0
 .glue_7        0x60007870        0x0 linker stubs

.glue_7t        0x60007870        0x0
 .glue_7t       0x60007870        0x0 linker stubs

.vfp11_veneer   0x60007870        0x0
 .vfp11_veneer  0x60007870        0x0 linker stubs

.v4_bx          0x60007870        0x0
 .v4_bx         0x60007870        0x0 linker stubs

.iplt           0x60007870        0x0
 .iplt          0x60007870        0x0 ./xip/fsl_flexspi_nor_boot.o

.rel.dyn        0x60007870        0x0
 .rel.iplt      0x60007870        0x0 ./xip/fsl_flexspi_nor_boot.o

.ARM.extab
 *(SORT_BY_ALIGNMENT(.ARM.extab*) SORT_BY_ALIGNMENT(.gnu.linkonce.armextab.*))

.ARM.exidx      0x60007870        0x0
                0x60007870                        __exidx_start = .
 *(SORT_BY_ALIGNMENT(.ARM.exidx*) SORT_BY_ALIGNMENT(.gnu.linkonce.armexidx.*))
                0x60007870                        __exidx_end = .
                0x60007870                        _etext = .

.data_RAM2      0x00000000        0x0 load address 0x60007870
 FILL mask 0xff
                [!provide]                        PROVIDE (__start_data_RAM2 = .)
                [!provide]                        PROVIDE (__start_data_SRAM_ITC = .)
 *(SORT_BY_ALIGNMENT(.ramfunc.$RAM2))
 *(SORT_BY_ALIGNMENT(.ramfunc.$SRAM_ITC))
 *(SORT_BY_ALIGNMENT(.data.$RAM2))
 *(SORT_BY_ALIGNMENT(.data.$SRAM_ITC))
 *(SORT_BY_ALIGNMENT(.data.$RAM2.*))
 *(SORT_BY_ALIGNMENT(.data.$SRAM_ITC.*))
                0x00000000                        . = ALIGN (0x4)
                [!provide]                        PROVIDE (__end_data_RAM2 = .)
                [!provide]                        PROVIDE (__end_data_SRAM_ITC = .)

.data_RAM3      0x20200000        0x0 load address 0x60007870
 FILL mask 0xff
                [!provide]                        PROVIDE (__start_data_RAM3 = .)
                [!provide]                        PROVIDE (__start_data_SRAM_OC = .)
 *(SORT_BY_ALIGNMENT(.ramfunc.$RAM3))
 *(SORT_BY_ALIGNMENT(.ramfunc.$SRAM_OC))
 *(SORT_BY_ALIGNMENT(.data.$RAM3))
 *(SORT_BY_ALIGNMENT(.data.$SRAM_OC))
 *(SORT_BY_ALIGNMENT(.data.$RAM3.*))
 *(SORT_BY_ALIGNMENT(.data.$SRAM_OC.*))
                0x20200000                        . = ALIGN (0x4)
                [!provide]                        PROVIDE (__end_data_RAM3 = .)
                [!provide]                        PROVIDE (__end_data_SRAM_OC = .)

.data_RAM4      0x80000000        0x0 load address 0x60007870
 FILL mask 0xff
                [!provide]                        PROVIDE (__start_data_RAM4 = .)
                [!provide]                        PROVIDE (__start_data_BOARD_SDRAM = .)
 *(SORT_BY_ALIGNMENT(.ramfunc.$RAM4))
 *(SORT_BY_ALIGNMENT(.ramfunc.$BOARD_SDRAM))
 *(SORT_BY_ALIGNMENT(.data.$RAM4))
 *(SORT_BY_ALIGNMENT(.data.$BOARD_SDRAM))
 *(SORT_BY_ALIGNMENT(.data.$RAM4.*))
 *(SORT_BY_ALIGNMENT(.data.$BOARD_SDRAM.*))
                0x80000000                        . = ALIGN (0x4)
                [!provide]                        PROVIDE (__end_data_RAM4 = .)
                [!provide]                        PROVIDE (__end_data_BOARD_SDRAM = .)

.data_RAM5      0x81e00000        0x0 load address 0x60007870
 FILL mask 0xff
                [!provide]                        PROVIDE (__start_data_RAM5 = .)
                [!provide]                        PROVIDE (__start_data_NCACHE_REGION = .)
 *(SORT_BY_ALIGNMENT(.ramfunc.$RAM5))
 *(SORT_BY_ALIGNMENT(.ramfunc.$NCACHE_REGION))
 *(SORT_BY_ALIGNMENT(.data.$RAM5))
 *(SORT_BY_ALIGNMENT(.data.$NCACHE_REGION))
 *(SORT_BY_ALIGNMENT(.data.$RAM5.*))
 *(SORT_BY_ALIGNMENT(.data.$NCACHE_REGION.*))
                0x81e00000                        . = ALIGN (0x4)
                [!provide]                        PROVIDE (__end_data_RAM5 = .)
                [!provide]                        PROVIDE (__end_data_NCACHE_REGION = .)

.uninit_RESERVED
                0x20000000        0x0
                0x20000000                        _start_uninit_RESERVED = .
 *(SORT_BY_ALIGNMENT(.bss.$RESERVED*))
                0x20000000                        . = ALIGN (0x4)
                0x20000000                        _end_uninit_RESERVED = .

.data           0x20000000        0x4 load address 0x60007870
 FILL mask 0xff
                0x20000000                        _data = .
                [!provide]                        PROVIDE (__start_data_RAM = .)
                [!provide]                        PROVIDE (__start_data_SRAM_DTC = .)
 *(SORT_BY_ALIGNMENT(vtable))
 *(SORT_BY_ALIGNMENT(.ramfunc*))
 *(SORT_BY_ALIGNMENT(CodeQuickAccess))
 *(SORT_BY_ALIGNMENT(DataQuickAccess))
 *(SORT_BY_ALIGNMENT(RamFunction))
 *(SORT_BY_ALIGNMENT(.data*))
 .data.SystemCoreClock
                0x20000000        0x4 ./device/system_MIMXRT1021.o
                0x20000000                SystemCoreClock
                0x20000004                        . = ALIGN (0x4)
                0x20000004                        _edata = .
                [!provide]                        PROVIDE (__end_data_RAM = .)
                [!provide]                        PROVIDE (__end_data_SRAM_DTC = .)

.igot.plt       0x20000004        0x0 load address 0x60007874
 .igot.plt      0x20000004        0x0 ./xip/fsl_flexspi_nor_boot.o

.bss_RAM2       0x00000000        0x0
                [!provide]                        PROVIDE (__start_bss_RAM2 = .)
                [!provide]                        PROVIDE (__start_bss_SRAM_ITC = .)
 *(SORT_BY_ALIGNMENT(.bss.$RAM2))
 *(SORT_BY_ALIGNMENT(.bss.$SRAM_ITC))
 *(SORT_BY_ALIGNMENT(.bss.$RAM2.*))
 *(SORT_BY_ALIGNMENT(.bss.$SRAM_ITC.*))
                0x00000000                        . = ALIGN ((. != 0x0)?0x4:0x1)
                [!provide]                        PROVIDE (__end_bss_RAM2 = .)
                [!provide]                        PROVIDE (__end_bss_SRAM_ITC = .)

.bss_RAM3       0x20200000        0x0
                [!provide]                        PROVIDE (__start_bss_RAM3 = .)
                [!provide]                        PROVIDE (__start_bss_SRAM_OC = .)
 *(SORT_BY_ALIGNMENT(.bss.$RAM3))
 *(SORT_BY_ALIGNMENT(.bss.$SRAM_OC))
 *(SORT_BY_ALIGNMENT(.bss.$RAM3.*))
 *(SORT_BY_ALIGNMENT(.bss.$SRAM_OC.*))
                0x20200000                        . = ALIGN ((. != 0x0)?0x4:0x1)
                [!provide]                        PROVIDE (__end_bss_RAM3 = .)
                [!provide]                        PROVIDE (__end_bss_SRAM_OC = .)

.bss_RAM4       0x80000000        0x0
                [!provide]                        PROVIDE (__start_bss_RAM4 = .)
                [!provide]                        PROVIDE (__start_bss_BOARD_SDRAM = .)
 *(SORT_BY_ALIGNMENT(.bss.$RAM4))
 *(SORT_BY_ALIGNMENT(.bss.$BOARD_SDRAM))
 *(SORT_BY_ALIGNMENT(.bss.$RAM4.*))
 *(SORT_BY_ALIGNMENT(.bss.$BOARD_SDRAM.*))
                0x80000000                        . = ALIGN ((. != 0x0)?0x4:0x1)
                [!provide]                        PROVIDE (__end_bss_RAM4 = .)
                [!provide]                        PROVIDE (__end_bss_BOARD_SDRAM = .)

.bss_RAM5       0x81e00000        0x0
                [!provide]                        PROVIDE (__start_bss_RAM5 = .)
                [!provide]                        PROVIDE (__start_bss_NCACHE_REGION = .)
 *(SORT_BY_ALIGNMENT(.bss.$RAM5))
 *(SORT_BY_ALIGNMENT(.bss.$NCACHE_REGION))
 *(SORT_BY_ALIGNMENT(.bss.$RAM5.*))
 *(SORT_BY_ALIGNMENT(.bss.$NCACHE_REGION.*))
                0x81e00000                        . = ALIGN ((. != 0x0)?0x4:0x1)
                [!provide]                        PROVIDE (__end_bss_RAM5 = .)
                [!provide]                        PROVIDE (__end_bss_NCACHE_REGION = .)

.bss            0x20000004      0x13c
                0x20000004                        _bss = .
                [!provide]                        PROVIDE (__start_bss_RAM = .)
                [!provide]                        PROVIDE (__start_bss_SRAM_DTC = .)
 *(SORT_BY_ALIGNMENT(.bss*))
 .bss.s_debugConsoleState
                0x20000004       0x20 ./utilities/fsl_debug_console.o
 .bss.g_serialHandle
                0x20000024        0x4 ./utilities/fsl_debug_console.o
                0x20000024                g_serialHandle
 .bss.lcd_settings
                0x20000028        0x4 ./source/st7735s.o
                0x20000028                lcd_settings
 .bss.g_xtalFreq
                0x2000002c        0x4 ./drivers/fsl_clock.o
                0x2000002c                g_xtalFreq
 .bss.g_rtcXtalFreq
                0x20000030        0x4 ./drivers/fsl_clock.o
                0x20000030                g_rtcXtalFreq
 .bss.s_lpuartHandle
                0x20000034       0x24 ./drivers/fsl_lpuart.o
                0x20000034                s_lpuartHandle
 .bss.s_lpuartIsr
                0x20000058       0x24 ./drivers/fsl_lpuart.o
                0x20000058                s_lpuartIsr
 .bss.errno     0x2000007c        0x4 c:/nxp/mcuxpressoide_11.9.0_2144/ide/plugins/com.nxp.mcuxpresso.tools.win32_11.9.0.202307121226/tools/bin/../lib/gcc/arm-none-eabi/12.3.1/../../../../arm-none-eabi/lib/thumb/v7e-m+fp/softfp\libcr_c.a(errno.o)
                0x2000007c                errno
 .bss.__end_of_heap
                0x20000080        0x4 c:/nxp/mcuxpressoide_11.9.0_2144/ide/plugins/com.nxp.mcuxpresso.tools.win32_11.9.0.202307121226/tools/bin/../lib/gcc/arm-none-eabi/12.3.1/../../../../arm-none-eabi/lib/thumb/v7e-m+fp/softfp\libcr_c.a(__init_alloc.o)
                0x20000080                __end_of_heap
 .bss.__heaps   0x20000084        0x4 c:/nxp/mcuxpressoide_11.9.0_2144/ide/plugins/com.nxp.mcuxpresso.tools.win32_11.9.0.202307121226/tools/bin/../lib/gcc/arm-none-eabi/12.3.1/../../../../arm-none-eabi/lib/thumb/v7e-m+fp/softfp\libcr_c.a(__init_alloc.o)
                0x20000084                __heaps
 .bss.__Ciob    0x20000088       0xb4 c:/nxp/mcuxpressoide_11.9.0_2144/ide/plugins/com.nxp.mcuxpresso.tools.win32_11.9.0.202307121226/tools/bin/../lib/gcc/arm-none-eabi/12.3.1/../../../../arm-none-eabi/lib/thumb/v7e-m+fp/softfp\libcr_nohost_nf.a(__ciob.o)
                0x20000088                __Ciob
 .bss.s_debugConsoleReadWaitSemaphore
                0x2000013c        0x1 ./utilities/fsl_debug_console.o
 *(SORT_BY_ALIGNMENT(COMMON))
                0x20000140                        . = ALIGN (0x4)
 *fill*         0x2000013d        0x3 
                0x20000140                        _ebss = .
                [!provide]                        PROVIDE (__end_bss_RAM = .)
                [!provide]                        PROVIDE (__end_bss_SRAM_DTC = .)
                [!provide]                        PROVIDE (end = .)

.noinit_RAM2    0x00000000        0x0
                [!provide]                        PROVIDE (__start_noinit_RAM2 = .)
                [!provide]                        PROVIDE (__start_noinit_SRAM_ITC = .)
 *(SORT_BY_ALIGNMENT(.noinit.$RAM2))
 *(SORT_BY_ALIGNMENT(.noinit.$SRAM_ITC))
 *(SORT_BY_ALIGNMENT(.noinit.$RAM2.*))
 *(SORT_BY_ALIGNMENT(.noinit.$SRAM_ITC.*))
                0x00000000                        . = ALIGN (0x4)
                [!provide]                        PROVIDE (__end_noinit_RAM2 = .)
                [!provide]                        PROVIDE (__end_noinit_SRAM_ITC = .)

.noinit_RAM3    0x20200000        0x0
                [!provide]                        PROVIDE (__start_noinit_RAM3 = .)
                [!provide]                        PROVIDE (__start_noinit_SRAM_OC = .)
 *(SORT_BY_ALIGNMENT(.noinit.$RAM3))
 *(SORT_BY_ALIGNMENT(.noinit.$SRAM_OC))
 *(SORT_BY_ALIGNMENT(.noinit.$RAM3.*))
 *(SORT_BY_ALIGNMENT(.noinit.$SRAM_OC.*))
                0x20200000                        . = ALIGN (0x4)
                [!provide]                        PROVIDE (__end_noinit_RAM3 = .)
                [!provide]                        PROVIDE (__end_noinit_SRAM_OC = .)

.noinit_RAM4    0x80000000        0x0
                [!provide]                        PROVIDE (__start_noinit_RAM4 = .)
                [!provide]                        PROVIDE (__start_noinit_BOARD_SDRAM = .)
 *(SORT_BY_ALIGNMENT(.noinit.$RAM4))
 *(SORT_BY_ALIGNMENT(.noinit.$BOARD_SDRAM))
 *(SORT_BY_ALIGNMENT(.noinit.$RAM4.*))
 *(SORT_BY_ALIGNMENT(.noinit.$BOARD_SDRAM.*))
                0x80000000                        . = ALIGN (0x4)
                [!provide]                        PROVIDE (__end_noinit_RAM4 = .)
                [!provide]                        PROVIDE (__end_noinit_BOARD_SDRAM = .)

.noinit_RAM5    0x81e00000        0x0
                [!provide]                        PROVIDE (__start_noinit_RAM5 = .)
                [!provide]                        PROVIDE (__start_noinit_NCACHE_REGION = .)
 *(SORT_BY_ALIGNMENT(.noinit.$RAM5))
 *(SORT_BY_ALIGNMENT(.noinit.$NCACHE_REGION))
 *(SORT_BY_ALIGNMENT(.noinit.$RAM5.*))
 *(SORT_BY_ALIGNMENT(.noinit.$NCACHE_REGION.*))
                0x81e00000                        . = ALIGN (0x4)
                [!provide]                        PROVIDE (__end_noinit_RAM5 = .)
                [!provide]                        PROVIDE (__end_noinit_NCACHE_REGION = .)

.noinit         0x20000140        0x0
                0x20000140                        _noinit = .
                [!provide]                        PROVIDE (__start_noinit_RAM = .)
                [!provide]                        PROVIDE (__start_noinit_SRAM_DTC = .)
 *(SORT_BY_ALIGNMENT(.noinit*))
                0x20000140                        . = ALIGN (0x4)
                0x20000140                        _end_noinit = .
                [!provide]                        PROVIDE (__end_noinit_RAM = .)
                [!provide]                        PROVIDE (__end_noinit_SRAM_DTC = .)
                0x00001000                        _HeapSize = 0x1000

.heap           0x20000140     0x1000
                0x20000140                        _pvHeapStart = .
                0x20001140                        . = (. + _HeapSize)
 *fill*         0x20000140     0x1000 
                0x20001140                        . = ALIGN (0x4)
                0x20001140                        _pvHeapLimit = .
                0x00001000                        _StackSize = 0x1000

.heap2stackfill
                0x20001140     0x1000
                0x20002140                        . = (. + _StackSize)
 *fill*         0x20001140     0x1000 

.stack          0x2000f000        0x0
                0x2000f000                        _vStackBase = .
                0x2000f000                        . = ALIGN (0x4)
                0x20010000                        _vStackTop = (. + _StackSize)
                0x60002000                        _image_start = LOADADDR (.text)
                0x60007874                        _image_end = (LOADADDR (.data) + SIZEOF (.data))
                0x00005874                        _image_size = (_image_end - _image_start)
OUTPUT(MIMXRT1021_I2C_Test.axf elf32-littlearm)
LOAD linker stubs

.debug_info     0x00000000    0x15c83
 .debug_info    0x00000000      0x885 ./xip/evkmimxrt1020_flexspi_nor_config.o
 .debug_info    0x00000885      0x481 ./xip/fsl_flexspi_nor_boot.o
 .debug_info    0x00000d06      0x12e ./utilities/fsl_assert.o
 .debug_info    0x00000e34      0xe25 ./utilities/fsl_debug_console.o
 .debug_info    0x00001c59      0xd5d ./utilities/fsl_str.o
 .debug_info    0x000029b6     0x12fd ./startup/startup_mimxrt1021.o
 .debug_info    0x00003cb3      0x4b7 ./source/MIMXRT1021_I2C_Test.o
 .debug_info    0x0000416a       0x3c ./source/semihost_hardfault.o
 .debug_info    0x000041a6      0x2bb ./source/sht30.o
 .debug_info    0x00004461      0xa50 ./source/st7735s.o
 .debug_info    0x00004eb1     0x21bb ./drivers/fsl_clock.o
 .debug_info    0x0000706c      0xd79 ./drivers/fsl_gpio.o
 .debug_info    0x00007de5     0x27aa ./drivers/fsl_lpuart.o
 .debug_info    0x0000a58f      0xb9f ./device/system_MIMXRT1021.o
 .debug_info    0x0000b12e      0xbdf ./component/uart/fsl_adapter_lpuart.o
 .debug_info    0x0000bd0d      0xd99 ./component/serial_manager/fsl_component_serial_manager.o
 .debug_info    0x0000caa6      0x551 ./component/serial_manager/fsl_component_serial_port_uart.o
 .debug_info    0x0000cff7      0xfcf ./board/board.o
 .debug_info    0x0000dfc6     0x1855 ./board/clock_config.o
 .debug_info    0x0000f81b       0x9b ./board/peripherals.o
 .debug_info    0x0000f8b6      0xa6b ./board/pin_mux.o
 .debug_info    0x00010321       0x85 c:/nxp/mcuxpressoide_11.9.0_2144/ide/plugins/com.nxp.mcuxpresso.tools.win32_11.9.0.202307121226/tools/bin/../lib/gcc/arm-none-eabi/12.3.1/../../../../arm-none-eabi/lib/thumb/v7e-m+fp/softfp\libcr_nohost_nf.a(_cr__main.o)
 .debug_info    0x000103a6      0x119 c:/nxp/mcuxpressoide_11.9.0_2144/ide/plugins/com.nxp.mcuxpresso.tools.win32_11.9.0.202307121226/tools/bin/../lib/gcc/arm-none-eabi/12.3.1/../../../../arm-none-eabi/lib/thumb/v7e-m+fp/softfp\libcr_c.a(memcpy.o)
 .debug_info    0x000104bf       0xe3 c:/nxp/mcuxpressoide_11.9.0_2144/ide/plugins/com.nxp.mcuxpresso.tools.win32_11.9.0.202307121226/tools/bin/../lib/gcc/arm-none-eabi/12.3.1/../../../../arm-none-eabi/lib/thumb/v7e-m+fp/softfp\libcr_c.a(memset.o)
 .debug_info    0x000105a2      0x506 c:/nxp/mcuxpressoide_11.9.0_2144/ide/plugins/com.nxp.mcuxpresso.tools.win32_11.9.0.202307121226/tools/bin/../lib/gcc/arm-none-eabi/12.3.1/../../../../arm-none-eabi/lib/thumb/v7e-m+fp/softfp\libcr_c.a(alloc.o)
 .debug_info    0x00010aa8       0x44 c:/nxp/mcuxpressoide_11.9.0_2144/ide/plugins/com.nxp.mcuxpresso.tools.win32_11.9.0.202307121226/tools/bin/../lib/gcc/arm-none-eabi/12.3.1/../../../../arm-none-eabi/lib/thumb/v7e-m+fp/softfp\libcr_c.a(errno.o)
 .debug_info    0x00010aec      0x339 c:/nxp/mcuxpressoide_11.9.0_2144/ide/plugins/com.nxp.mcuxpresso.tools.win32_11.9.0.202307121226/tools/bin/../lib/gcc/arm-none-eabi/12.3.1/../../../../arm-none-eabi/lib/thumb/v7e-m+fp/softfp\libcr_c.a(initio.o)
 .debug_info    0x00010e25     0x1268 c:/nxp/mcuxpressoide_11.9.0_2144/ide/plugins/com.nxp.mcuxpresso.tools.win32_11.9.0.202307121226/tools/bin/../lib/gcc/arm-none-eabi/12.3.1/../../../../arm-none-eabi/lib/thumb/v7e-m+fp/softfp\libcr_c.a(printf.o)
 .debug_info    0x0001208d      0x1f6 c:/nxp/mcuxpressoide_11.9.0_2144/ide/plugins/com.nxp.mcuxpresso.tools.win32_11.9.0.202307121226/tools/bin/../lib/gcc/arm-none-eabi/12.3.1/../../../../arm-none-eabi/lib/thumb/v7e-m+fp/softfp\libcr_c.a(setvbuf.o)
 .debug_info    0x00012283       0xda c:/nxp/mcuxpressoide_11.9.0_2144/ide/plugins/com.nxp.mcuxpresso.tools.win32_11.9.0.202307121226/tools/bin/../lib/gcc/arm-none-eabi/12.3.1/../../../../arm-none-eabi/lib/thumb/v7e-m+fp/softfp\libcr_c.a(strlen.o)
 .debug_info    0x0001235d       0xd4 c:/nxp/mcuxpressoide_11.9.0_2144/ide/plugins/com.nxp.mcuxpresso.tools.win32_11.9.0.202307121226/tools/bin/../lib/gcc/arm-none-eabi/12.3.1/../../../../arm-none-eabi/lib/thumb/v7e-m+fp/softfp\libcr_c.a(__init_alloc.o)
 .debug_info    0x00012431      0x100 c:/nxp/mcuxpressoide_11.9.0_2144/ide/plugins/com.nxp.mcuxpresso.tools.win32_11.9.0.202307121226/tools/bin/../lib/gcc/arm-none-eabi/12.3.1/../../../../arm-none-eabi/lib/thumb/v7e-m+fp/softfp\libcr_c.a(_cr_sbrk.o)
 .debug_info    0x00012531      0x362 c:/nxp/mcuxpressoide_11.9.0_2144/ide/plugins/com.nxp.mcuxpresso.tools.win32_11.9.0.202307121226/tools/bin/../lib/gcc/arm-none-eabi/12.3.1/../../../../arm-none-eabi/lib/thumb/v7e-m+fp/softfp\libcr_c.a(_deferredlazyseek.o)
 .debug_info    0x00012893      0x244 c:/nxp/mcuxpressoide_11.9.0_2144/ide/plugins/com.nxp.mcuxpresso.tools.win32_11.9.0.202307121226/tools/bin/../lib/gcc/arm-none-eabi/12.3.1/../../../../arm-none-eabi/lib/thumb/v7e-m+fp/softfp\libcr_c.a(_fdopen.o)
 .debug_info    0x00012ad7      0x1e3 c:/nxp/mcuxpressoide_11.9.0_2144/ide/plugins/com.nxp.mcuxpresso.tools.win32_11.9.0.202307121226/tools/bin/../lib/gcc/arm-none-eabi/12.3.1/../../../../arm-none-eabi/lib/thumb/v7e-m+fp/softfp\libcr_c.a(_fflush.o)
 .debug_info    0x00012cba      0x282 c:/nxp/mcuxpressoide_11.9.0_2144/ide/plugins/com.nxp.mcuxpresso.tools.win32_11.9.0.202307121226/tools/bin/../lib/gcc/arm-none-eabi/12.3.1/../../../../arm-none-eabi/lib/thumb/v7e-m+fp/softfp\libcr_c.a(_writebuf.o)
 .debug_info    0x00012f3c      0x318 c:/nxp/mcuxpressoide_11.9.0_2144/ide/plugins/com.nxp.mcuxpresso.tools.win32_11.9.0.202307121226/tools/bin/../lib/gcc/arm-none-eabi/12.3.1/../../../../arm-none-eabi/lib/thumb/v7e-m+fp/softfp\libcr_c.a(fclose.o)
 .debug_info    0x00013254      0x202 c:/nxp/mcuxpressoide_11.9.0_2144/ide/plugins/com.nxp.mcuxpresso.tools.win32_11.9.0.202307121226/tools/bin/../lib/gcc/arm-none-eabi/12.3.1/../../../../arm-none-eabi/lib/thumb/v7e-m+fp/softfp\libcr_c.a(fflush.o)
 .debug_info    0x00013456      0x276 c:/nxp/mcuxpressoide_11.9.0_2144/ide/plugins/com.nxp.mcuxpresso.tools.win32_11.9.0.202307121226/tools/bin/../lib/gcc/arm-none-eabi/12.3.1/../../../../arm-none-eabi/lib/thumb/v7e-m+fp/softfp\libcr_c.a(fseek.o)
 .debug_info    0x000136cc      0x190 c:/nxp/mcuxpressoide_11.9.0_2144/ide/plugins/com.nxp.mcuxpresso.tools.win32_11.9.0.202307121226/tools/bin/../lib/gcc/arm-none-eabi/12.3.1/../../../../arm-none-eabi/lib/thumb/v7e-m+fp/softfp\libcr_c.a(ftell.o)
 .debug_info    0x0001385c      0x1ca c:/nxp/mcuxpressoide_11.9.0_2144/ide/plugins/com.nxp.mcuxpresso.tools.win32_11.9.0.202307121226/tools/bin/../lib/gcc/arm-none-eabi/12.3.1/../../../../arm-none-eabi/lib/thumb/v7e-m+fp/softfp\libcr_c.a(remove.o)
 .debug_info    0x00013a26       0x71 c:/nxp/mcuxpressoide_11.9.0_2144/ide/plugins/com.nxp.mcuxpresso.tools.win32_11.9.0.202307121226/tools/bin/../lib/gcc/arm-none-eabi/12.3.1/../../../../arm-none-eabi/lib/thumb/v7e-m+fp/softfp\libcr_c.a(_cr_check_heap.o)
 .debug_info    0x00013a97      0x23a c:/nxp/mcuxpressoide_11.9.0_2144/ide/plugins/com.nxp.mcuxpresso.tools.win32_11.9.0.202307121226/tools/bin/../lib/gcc/arm-none-eabi/12.3.1/../../../../arm-none-eabi/lib/thumb/v7e-m+fp/softfp\libcr_c.a(_do_fflush.o)
 .debug_info    0x00013cd1     0x1aeb c:/nxp/mcuxpressoide_11.9.0_2144/ide/plugins/com.nxp.mcuxpresso.tools.win32_11.9.0.202307121226/tools/bin/../lib/gcc/arm-none-eabi/12.3.1/thumb/v7e-m+fp/softfp\libcr_eabihelpers.a(float.o)
 .debug_info    0x000157bc      0x18b c:/nxp/mcuxpressoide_11.9.0_2144/ide/plugins/com.nxp.mcuxpresso.tools.win32_11.9.0.202307121226/tools/bin/../lib/gcc/arm-none-eabi/12.3.1/../../../../arm-none-eabi/lib/thumb/v7e-m+fp/softfp\libcr_nohost_nf.a(__ciob.o)
 .debug_info    0x00015947       0x38 c:/nxp/mcuxpressoide_11.9.0_2144/ide/plugins/com.nxp.mcuxpresso.tools.win32_11.9.0.202307121226/tools/bin/../lib/gcc/arm-none-eabi/12.3.1/../../../../arm-none-eabi/lib/thumb/v7e-m+fp/softfp\libcr_nohost_nf.a(__sys_appexit.o)
 .debug_info    0x0001597f       0x5c c:/nxp/mcuxpressoide_11.9.0_2144/ide/plugins/com.nxp.mcuxpresso.tools.win32_11.9.0.202307121226/tools/bin/../lib/gcc/arm-none-eabi/12.3.1/../../../../arm-none-eabi/lib/thumb/v7e-m+fp/softfp\libcr_nohost_nf.a(__sys_close.o)