C:\Users\86135\Documents\MCUXpressoIDE_11.9.0_2144\workspace\MIMXRT1021_I2C_Test\drivers/fsl_clock.h:1210:20:CLOCK_SetMux	24	static
C:\Users\86135\Documents\MCUXpressoIDE_11.9.0_2144\workspace\MIMXRT1021_I2C_Test\drivers/fsl_clock.h:1262:20:CLOCK_SetDiv	24	static
../source/lcd.c:27:6:LPSPI_MasterUserCallback	24	static
../source/lcd.c:37:6:lcd_start	8	static
../source/lcd.c:46:6:lcd_close	8	static
../source/lcd.c:55:6:lcd_reset	8	static
../source/lcd.c:67:6:spi_init	40	static
../source/lcd.c:86:6:spi_send	32	static
../source/lcd.c:105:6:lcd_WriteData	24	static
../source/lcd.c:118:6:lcd_WriteCmd	24	static
../source/lcd.c:131:6:lcd_init	16	static
../source/lcd.c:234:6:lcd_writeAddr	24	static
../source/lcd.c:253:6:lcd_WriteData_u16	32	static
../source/lcd.c:270:10:convert	24	static
../source/lcd.c:282:10:convert_555	24	static
../source/lcd.c:295:10:convert_888	24	static
../source/lcd.c:308:6:lcd_setAreaColor	40	static
../source/lcd.c:325:6:lcd_setPointColor	16	static
../source/lcd.c:335:6:lcd_screen	24	static
../source/lcd.c:349:6:lcd_displayImage	24	static
../source/lcd.c:361:6:lcd_whiteScreen	8	static
../source/lcd.c:370:6:Sleep	16	static
