../source/st7735s.c:53:11:lcd_createSettings	32	static
../source/st7735s.c:92:6:lcd_deleteSettings	16	static
../source/st7735s.c:106:6:lcd_setSettingsActive	16	static
../source/st7735s.c:111:11:lcd_getSettingsActive	4	static
../source/st7735s.c:115:14:lcd_writeData	16	static
../source/st7735s.c:139:14:lcd_writeCommand	16	static
../source/st7735s.c:163:14:lcd_writeCommandByte	16	static
../source/st7735s.c:179:14:lcd_hardwareReset	8	static
../source/st7735s.c:209:14:lcd_softwareReset	8	static
../source/st7735s.c:220:14:lcd_initialize	8	static
../source/st7735s.c:238:14:lcd_setSleepMode	16	static
../source/st7735s.c:250:14:lcd_setIdleMode	16	static
../source/st7735s.c:259:14:lcd_setDisplayMode	24	static
../source/st7735s.c:271:14:lcd_setDisplayInversion	24	static
../source/st7735s.c:283:14:lcd_setGammaPredefined	16	static
../source/st7735s.c:309:14:lcd_setTearingEffectLine	16	static
../source/st7735s.c:331:14:lcd_setMemoryAccessControl	24	static
../source/st7735s.c:370:14:lcd_setInterfacePixelFormat	24	static
../source/st7735s.c:405:14:lcd_setWindowPosition	32	static
../source/st7735s.c:475:14:lcd_activateMemoryWrite	8	static
../source/st7735s.c:484:14:lcd_drawPixel	32	static
../source/st7735s.c:537:14:lcd_drawHorizontalLine	40	static
../source/st7735s.c:602:14:lcd_drawVerticalLine	40	static
../source/st7735s.c:668:14:lcd_drawRectangle	40	static
../source/st7735s.c:717:14:lcd_drawFilledRectangle	48	static
../source/st7735s.c:790:14:lcd_clearScreen	32	static
../source/st7735s.c:813:14:lcd_framebuffer_send	40	static
